BL51 BANKED LINKER/LOCATER V6.22                                                        03/30/2019  14:17:51  PAGE 1


BL51 BANKED LINKER/LOCATER V6.22, INVOKED BY:
C:\KEIL_V5\C51\BIN\BL51.EXE .\OUTPUT\main.obj, .\OUTPUT\task_manage.obj, .\OUTPUT\test.obj, .\OUTPUT\led.obj, .\OUTPUT\a
>> pp_usart.obj, .\OUTPUT\bsp.obj, .\OUTPUT\globalvariable.obj, .\OUTPUT\GPIO.obj, .\OUTPUT\USART.obj, .\OUTPUT\My_OS_CO
>> RE.obj, .\OUTPUT\My_OS_CPU_C.obj, .\OUTPUT\My_OS_TASK.obj, .\OUTPUT\My_OS_TIME.obj, .\OUTPUT\OS_FLAG.obj, .\OUTPUT\OS
>> _MBOX.obj, .\OUTPUT\OS_MEM.obj, .\OUTPUT\OS_MUTEX.obj, .\OUTPUT\OS_Q.obj, .\OUTPUT\OS_SEM.obj, .\OUTPUT\OS_CPU_A.obj,
>>  .\OUTPUT\STARTUP.obj, .\OUTPUT\ring_buffer.obj, .\OUTPUT\protocol.obj, .\OUTPUT\msg.obj TO .\OUTPUT\MYJOB PRINT (.\L
>> IST\MYJOB.m51) RAMSIZE (256) DISABLEWARNING (16) CODE (0X0000-0XEFF8) XDATA (0X0000-0X0EFF)


MEMORY MODEL: LARGE


INPUT MODULES INCLUDED:
  .\OUTPUT\main.obj (MAIN)
  .\OUTPUT\task_manage.obj (TASK_MANAGE)
  .\OUTPUT\test.obj (TEST)
  .\OUTPUT\led.obj (LED)
  .\OUTPUT\app_usart.obj (APP_USART)
  .\OUTPUT\bsp.obj (BSP)
  .\OUTPUT\globalvariable.obj (GLOBALVARIABLE)
  .\OUTPUT\GPIO.obj (GPIO)
  .\OUTPUT\USART.obj (USART)
  .\OUTPUT\My_OS_CORE.obj (MY_OS_CORE)
  .\OUTPUT\My_OS_CPU_C.obj (MY_OS_CPU_C)
  .\OUTPUT\My_OS_TASK.obj (MY_OS_TASK)
  .\OUTPUT\My_OS_TIME.obj (MY_OS_TIME)
  .\OUTPUT\OS_FLAG.obj (OS_FLAG)
  .\OUTPUT\OS_MBOX.obj (OS_MBOX)
  .\OUTPUT\OS_MEM.obj (OS_MEM)
  .\OUTPUT\OS_MUTEX.obj (OS_MUTEX)
  .\OUTPUT\OS_Q.obj (OS_Q)
  .\OUTPUT\OS_SEM.obj (OS_SEM)
  .\OUTPUT\OS_CPU_A.obj (OS_CPU_A)
  .\OUTPUT\STARTUP.obj (?C_STARTUP)
  .\OUTPUT\ring_buffer.obj (RING_BUFFER)
  .\OUTPUT\protocol.obj (PROTOCOL)
  .\OUTPUT\msg.obj (MSG)
  C:\KEIL_V5\C51\LIB\C51L.LIB (?C?COPY)
  C:\KEIL_V5\C51\LIB\C51L.LIB (?C?CLDPTR)
  C:\KEIL_V5\C51\LIB\C51L.LIB (?C?CLDOPTR)
  C:\KEIL_V5\C51\LIB\C51L.LIB (?C?CLDIOPTR)
  C:\KEIL_V5\C51\LIB\C51L.LIB (?C?CILDOPTR)
  C:\KEIL_V5\C51\LIB\C51L.LIB (?C?CSTPTR)
  C:\KEIL_V5\C51\LIB\C51L.LIB (?C?CSTOPTR)
  C:\KEIL_V5\C51\LIB\C51L.LIB (?C?IILDX)
  C:\KEIL_V5\C51\LIB\C51L.LIB (?C?ILDIX)
  C:\KEIL_V5\C51\LIB\C51L.LIB (?C?ILDOPTR)
  C:\KEIL_V5\C51\LIB\C51L.LIB (?C?IILDOPTR)
  C:\KEIL_V5\C51\LIB\C51L.LIB (?C?ISTOPTR)
  C:\KEIL_V5\C51\LIB\C51L.LIB (?C?LMUL)
  C:\KEIL_V5\C51\LIB\C51L.LIB (?C?ULDIV)
  C:\KEIL_V5\C51\LIB\C51L.LIB (?C?SLCMP)
  C:\KEIL_V5\C51\LIB\C51L.LIB (?C?ULCMP)
  C:\KEIL_V5\C51\LIB\C51L.LIB (?C?ULSHR)
  C:\KEIL_V5\C51\LIB\C51L.LIB (?C?LSHL)
  C:\KEIL_V5\C51\LIB\C51L.LIB (?C?LLDOPTR)
  C:\KEIL_V5\C51\LIB\C51L.LIB (?C?LSTOPTR)
  C:\KEIL_V5\C51\LIB\C51L.LIB (?C?LLDIPTR)
BL51 BANKED LINKER/LOCATER V6.22                                                      03/30/2019  14:17:51  PAGE 2


  C:\KEIL_V5\C51\LIB\C51L.LIB (?C?LLDIDATA)
  C:\KEIL_V5\C51\LIB\C51L.LIB (?C?LLDOPTR0)
  C:\KEIL_V5\C51\LIB\C51L.LIB (?C?LSTIDATA)
  C:\KEIL_V5\C51\LIB\C51L.LIB (?C?LSTXDATA)
  C:\KEIL_V5\C51\LIB\C51L.LIB (?C?LSTKIDATA)
  C:\KEIL_V5\C51\LIB\C51L.LIB (?C?LSTKXDATA)
  C:\KEIL_V5\C51\LIB\C51L.LIB (?C?LSTKOPTR)
  C:\KEIL_V5\C51\LIB\C51L.LIB (?C?PLDPTR)
  C:\KEIL_V5\C51\LIB\C51L.LIB (?C?PSTPTR)
  C:\KEIL_V5\C51\LIB\C51L.LIB (?C?PLDOPTR)
  C:\KEIL_V5\C51\LIB\C51L.LIB (?C?PSTOPTR)
  C:\KEIL_V5\C51\LIB\C51L.LIB (?C?CCASE)
  C:\KEIL_V5\C51\LIB\C51L.LIB (?C?ICALL)
  C:\KEIL_V5\C51\LIB\C51L.LIB (?C_XBP)
  C:\KEIL_V5\C51\LIB\C51L.LIB (?C?ADDXBP)
  C:\KEIL_V5\C51\LIB\C51L.LIB (?C?XBPOFF)
  C:\KEIL_V5\C51\LIB\C51L.LIB (?C?LIMUL)
  C:\KEIL_V5\C51\LIB\C51L.LIB (?C?LLDXDATA)
  C:\KEIL_V5\C51\LIB\C51L.LIB (?C?LLDPDATA)
  C:\KEIL_V5\C51\LIB\C51L.LIB (?C?LLDCODE)
  C:\KEIL_V5\C51\LIB\C51L.LIB (?C?LLDIDATA0)
  C:\KEIL_V5\C51\LIB\C51L.LIB (?C?LLDXDATA0)
  C:\KEIL_V5\C51\LIB\C51L.LIB (?C?LLDPDATA0)
  C:\KEIL_V5\C51\LIB\C51L.LIB (?C?LLDCODE0)
  C:\KEIL_V5\C51\LIB\C51L.LIB (?C?LLDIIDATA)
  C:\KEIL_V5\C51\LIB\C51L.LIB (?C?LLDIXDATA)
  C:\KEIL_V5\C51\LIB\C51L.LIB (?C?LLDIPDATA)
  C:\KEIL_V5\C51\LIB\C51L.LIB (?C?LSTPDATA)
  C:\KEIL_V5\C51\LIB\C51L.LIB (?C?LSTKPDATA)
  C:\KEIL_V5\C51\LIB\C51L.LIB (?C?PLDIDATA)
  C:\KEIL_V5\C51\LIB\C51L.LIB (?C?PSTIDATA)
  C:\KEIL_V5\C51\LIB\C51L.LIB (?C?PLDXDATA)
  C:\KEIL_V5\C51\LIB\C51L.LIB (?C?PSTXDATA)
  C:\KEIL_V5\C51\LIB\C51L.LIB (?C?PLDPDATA)
  C:\KEIL_V5\C51\LIB\C51L.LIB (?C?PSTPDATA)
  C:\KEIL_V5\C51\LIB\C51L.LIB (?C?PLDCODE)


LINK MAP OF MODULE:  .\OUTPUT\MYJOB (MAIN)


            TYPE    BASE      LENGTH    RELOCATION   SEGMENT NAME
            -----------------------------------------------------

            * * * * * * *   D A T A   M E M O R Y   * * * * * * *
            REG     0000H     0008H     ABSOLUTE     "REG BANK 0"
            DATA    0008H     0002H     UNIT         ?C?LIB_DATA
            IDATA   000AH     0037H     UNIT         ?ID?MY_OS_CORE
            IDATA   0041H     0041H     UNIT         ?STACK

            * * * * * * *  X D A T A   M E M O R Y  * * * * * * *
            XDATA   0000H     0291H     UNIT         ?XD?APP_USART
            XDATA   0291H     01C0H     UNIT         ?XD?MY_OS_CORE
            XDATA   0451H     0137H     UNIT         ?XD?USART
            XDATA   0588H     0065H     UNIT         ?XD?TASK_MANAGE
            XDATA   05EDH     0065H     UNIT         ?XD?TEST
            XDATA   0652H     0065H     UNIT         ?XD?LED
BL51 BANKED LINKER/LOCATER V6.22                                                      03/30/2019  14:17:51  PAGE 3


            XDATA   06B7H     0024H     UNIT         _XDATA_GROUP_
            XDATA   06DBH     000AH     UNIT         ?XD?PROTOCOL
            XDATA   06E5H     000AH     UNIT         ?XD?_USARTRXGETINT32U?MSG
            XDATA   06EFH     0008H     UNIT         ?XD?_USARTRXGETINT16U?MSG
            XDATA   06F7H     0006H     UNIT         ?XD?_USARTRXGETINT8U?MSG
            XDATA   06FDH     0003H     UNIT         ?XD?_RINGBUFFER_GETFREE?MAIN
            XDATA   0700H     0003H     UNIT         ?XD?_RINGBUFFER_ISFULL?MAIN
            XDATA   0703H     0003H     UNIT         ?XD?_RINGBUFFER_GETFREE?TASK_MANAGE
            XDATA   0706H     0003H     UNIT         ?XD?_RINGBUFFER_ISFULL?TASK_MANAGE
            XDATA   0709H     0003H     UNIT         ?XD?_RINGBUFFER_GETFREE?TEST
            XDATA   070CH     0003H     UNIT         ?XD?_RINGBUFFER_ISFULL?TEST
            XDATA   070FH     0003H     UNIT         ?XD?_RINGBUFFER_GETFREE?LED
            XDATA   0712H     0003H     UNIT         ?XD?_RINGBUFFER_ISFULL?LED
            XDATA   0715H     0003H     UNIT         ?XD?_RINGBUFFER_GETFREE?APP_USART
            XDATA   0718H     0003H     UNIT         ?XD?_RINGBUFFER_ISFULL?APP_USART
            XDATA   071BH     0003H     UNIT         ?XD?_RINGBUFFER_GETFREE?BSP
            XDATA   071EH     0003H     UNIT         ?XD?_RINGBUFFER_ISFULL?BSP
            XDATA   0721H     0003H     UNIT         ?XD?_RINGBUFFER_GETFREE?GLOBALVARIABLE
            XDATA   0724H     0003H     UNIT         ?XD?_RINGBUFFER_ISFULL?GLOBALVARIABLE
            XDATA   0727H     0003H     UNIT         ?XD?_RINGBUFFER_GETFREE?GPIO
            XDATA   072AH     0003H     UNIT         ?XD?_RINGBUFFER_ISFULL?GPIO
            XDATA   072DH     0003H     UNIT         ?XD?_RINGBUFFER_GETFREE?USART
            XDATA   0730H     0003H     UNIT         ?XD?_RINGBUFFER_ISFULL?USART
            XDATA   0733H     0003H     UNIT         ?XD?_RINGBUFFER_GETFREE?MY_OS_CORE
            XDATA   0736H     0003H     UNIT         ?XD?_RINGBUFFER_ISFULL?MY_OS_CORE
            XDATA   0739H     0003H     UNIT         ?XD?_RINGBUFFER_GETFREE?MY_OS_CPU_C
            XDATA   073CH     0003H     UNIT         ?XD?_RINGBUFFER_ISFULL?MY_OS_CPU_C
            XDATA   073FH     0003H     UNIT         ?XD?_RINGBUFFER_GETFREE?MY_OS_TASK
            XDATA   0742H     0003H     UNIT         ?XD?_RINGBUFFER_ISFULL?MY_OS_TASK
            XDATA   0745H     0003H     UNIT         ?XD?_RINGBUFFER_GETFREE?MY_OS_TIME
            XDATA   0748H     0003H     UNIT         ?XD?_RINGBUFFER_ISFULL?MY_OS_TIME
            XDATA   074BH     0003H     UNIT         ?XD?_RINGBUFFER_GETFREE?OS_FLAG
            XDATA   074EH     0003H     UNIT         ?XD?_RINGBUFFER_ISFULL?OS_FLAG
            XDATA   0751H     0003H     UNIT         ?XD?_RINGBUFFER_GETFREE?OS_MBOX
            XDATA   0754H     0003H     UNIT         ?XD?_RINGBUFFER_ISFULL?OS_MBOX
            XDATA   0757H     0003H     UNIT         ?XD?_RINGBUFFER_GETFREE?OS_MEM
            XDATA   075AH     0003H     UNIT         ?XD?_RINGBUFFER_ISFULL?OS_MEM
            XDATA   075DH     0003H     UNIT         ?XD?_RINGBUFFER_GETFREE?OS_MUTEX
            XDATA   0760H     0003H     UNIT         ?XD?_RINGBUFFER_ISFULL?OS_MUTEX
            XDATA   0763H     0003H     UNIT         ?XD?_RINGBUFFER_GETFREE?OS_Q
            XDATA   0766H     0003H     UNIT         ?XD?_RINGBUFFER_ISFULL?OS_Q
            XDATA   0769H     0003H     UNIT         ?XD?_RINGBUFFER_GETFREE?OS_SEM
            XDATA   076CH     0003H     UNIT         ?XD?_RINGBUFFER_ISFULL?OS_SEM
            XDATA   076FH     0003H     UNIT         ?XD?_RINGBUFFER_GETFREE?RING_BUFFER
            XDATA   0772H     0003H     UNIT         ?XD?_RINGBUFFER_GETFREE?PROTOCOL
            XDATA   0775H     0003H     UNIT         ?XD?_RINGBUFFER_ISFULL?PROTOCOL

            * * * * * * *   C O D E   M E M O R Y   * * * * * * *
            CODE    0000H     0003H     ABSOLUTE     
            CODE    0003H     0006H     UNIT         ?PR?_?TASKCREATEOTHER?TASK_MANAGE
            CODE    0009H     0001H     UNIT         ?PR?_?GLOBALVARIABLE?GLOBALVARIABLE
            CODE    000AH     0001H     UNIT         ?PR?_?OSINITHOOKBEGIN?MY_OS_CPU_C
            CODE    000BH     0003H     ABSOLUTE     
            CODE    000EH     0015H     UNIT         ?PR?_RINGBUFFER_FLUSH?MAIN
            CODE    0023H     0003H     ABSOLUTE     
            CODE    0026H     001CH     UNIT         ?PR?_RINGBUFFER_ISEMPTY?MAIN
            CODE    0042H     0001H     UNIT         ?PR?_?OSINITHOOKEND?MY_OS_CPU_C
BL51 BANKED LINKER/LOCATER V6.22                                                      03/30/2019  14:17:51  PAGE 4


            CODE    0043H     0003H     ABSOLUTE     
            CODE    0046H     0044H     UNIT         ?PR?OSTICKISR?MY_OS_CPU_C
            CODE    008AH     0001H     UNIT         ?PR?_?OSTASKSWHOOK?MY_OS_CPU_C
            CODE    008BH     0003H     ABSOLUTE     
            CODE    008EH     0814H     UNIT         ?C?LIB_CODE
            CODE    08A2H     073DH     UNIT         ?PR?_?USART_CONFIGURATION?USART
            CODE    0FDFH     02E5H     UNIT         ?PR?_?OS_TCBINIT?MY_OS_CORE
            CODE    12C4H     02C1H     UNIT         ?PR?_?OSINIT?MY_OS_CORE
            CODE    1585H     0263H     UNIT         ?PR?_?OSTASKSTKINIT?MY_OS_CPU_C
            CODE    17E8H     0217H     UNIT         ?PR?_MESSAGE_TX_HANDLER?APP_USART
            CODE    19FFH     0212H     UNIT         ?PR?_?GPIO_INILIZE?GPIO
            CODE    1C11H     01F9H     UNIT         ?PR?_?GPIO_PWMINIT?GPIO
            CODE    1E0AH     01C8H     UNIT         ?PR?_MESSAGE_RX_HANDLER?APP_USART
            CODE    1FD2H     01C5H     UNIT         ?PR?_?OSTIMEDLYHMSM?MY_OS_TIME
            CODE    2197H     01AAH     UNIT         ?PR?_?OSMBOXPEND?OS_MBOX
            CODE    2341H     01A9H     UNIT         ?PR?_?OS_EVENTTASKRDY?MY_OS_CORE
            CODE    24EAH     0159H     UNIT         ?PR?_?OSTASKCREATE?MY_OS_TASK
            CODE    2643H     012CH     UNIT         ?PR?_?OSSEMPEND?OS_SEM
            CODE    276FH     010DH     UNIT         ?PR?_?OSTASKSUSPEND?MY_OS_TASK
            CODE    287CH     0108H     UNIT         ?CO?MY_OS_CORE
            CODE    2984H     0104H     UNIT         ?PR?_?OS_EVENTTASKWAIT?MY_OS_CORE
            CODE    2A88H     00EFH     UNIT         ?PR?_?OSTIMETICK?MY_OS_CORE
            CODE    2B77H     00EFH     UNIT         ?PR?_?OSMBOXCREATE?OS_MBOX
            CODE    2C66H     00EFH     UNIT         ?PR?_RINGBUFFER_INSERT?RING_BUFFER
            CODE    2D55H     00EDH     UNIT         ?PR?_RINGBUFFER_POP?RING_BUFFER
            CODE    2E42H     00E2H     UNIT         ?PR?_?TESTSTRLAMPLIGHT?TEST
            CODE    2F24H     00D1H     UNIT         ?PR?_?OSTASKRESUME?MY_OS_TASK
            CODE    2FF5H     00CCH     UNIT         ?PR?_?OS_EVENTTO?MY_OS_CORE
            CODE    30C1H     00C1H     UNIT         ?PR?_?OSSEMCREATE?OS_SEM
            CODE    3182H     00B6H     UNIT         ?PR?_?OSMBOXPOST?OS_MBOX
            CODE    3238H     00ABH     UNIT         ?PR?_?OSSEMPOST?OS_SEM
            CODE    32E3H     00ABH     UNIT         ?PR?_PROTOCOL_PROCESS?PROTOCOL
            CODE    338EH     00A7H     UNIT         ?PR?UART2_INT?USART
            CODE    3435H     00A6H     UNIT         ?PR?_USART_TX_START?APP_USART
            CODE    34DBH     00A1H     UNIT         ?PR?UART1_INT?USART
            CODE    357CH     00A0H     UNIT         ?PR?UART3_INT?USART
            CODE    361CH     008DH     UNIT         ?PR?USARTINIT?APP_USART
            CODE    36A9H     0083H     UNIT         ?PR?_?OSTIMEDLY?MY_OS_TIME
            CODE    372CH     0080H     UNIT         ?PR?_?OS_SCHED?MY_OS_CORE
            CODE    37ACH     007AH     UNIT         ?PR?_?OSINTEXIT?MY_OS_CORE
            CODE    3826H     0076H     UNIT         ?PR?_USARTRXGETINT32U?MSG
            CODE    389CH     0072H     UNIT         ?PR?_?OS_EVENTWAITLISTINIT?MY_OS_CORE
            CODE    390EH     0071H     UNIT         ?PR?_?OSSTART?MY_OS_CORE
            CODE    397FH     006DH     UNIT         ?PR?_RINGBUFFER_INIT?RING_BUFFER
            CODE    39ECH     0066H     UNIT         ?PR?_?TASKTEST?TEST
            CODE    3A52H     0066H     UNIT         ?PR?OSCTXSW?OS_CPU_A
            CODE    3AB8H     0062H     UNIT         ?PR?_APPUSARTRXTASK?APP_USART
            CODE    3B1AH     0060H     UNIT         ?PR?_USARTRXGETINT16U?MSG
            CODE    3B7AH     005EH     UNIT         ?PR?_APPUSARTTXTASK?APP_USART
            CODE    3BD8H     005EH     UNIT         ?PR?_?OSSEMACCEPT?OS_SEM
            CODE    3C36H     005BH     UNIT         ?PR?_?TASKLED?LED
            CODE    3C91H     0052H     UNIT         ?PR?OSSTARTHIGHRDY?OS_CPU_A
            CODE    3CE3H     0049H     UNIT         ?PR?_?OS_TASKIDLE?MY_OS_CORE
            CODE    3D2CH     0043H     UNIT         ?PR?MAIN?MAIN
            CODE    3D6FH     0040H     UNIT         ?PR?_USARTCMDPARSEPKT?APP_USART
            CODE    3DAFH     003FH     UNIT         ?PR?_?TASKSTART?TASK_MANAGE
            CODE    3DEEH     003DH     UNIT         ?PR?_?TX3_WRITE2BUFF?USART
BL51 BANKED LINKER/LOCATER V6.22                                                      03/30/2019  14:17:51  PAGE 5


            CODE    3E2BH     003BH     UNIT         ?PR?_?PRINTSTRING?USART
            CODE    3E66H     003AH     UNIT         ?PR?_RINGBUFFER_ISFULL?MAIN
            CODE    3EA0H     003AH     UNIT         ?PR?_RINGBUFFER_ISFULL?TASK_MANAGE
            CODE    3EDAH     003AH     UNIT         ?PR?_RINGBUFFER_ISFULL?TEST
            CODE    3F14H     003AH     UNIT         ?PR?_RINGBUFFER_ISFULL?LED
            CODE    3F4EH     003AH     UNIT         ?PR?_RINGBUFFER_ISFULL?APP_USART
            CODE    3F88H     003AH     UNIT         ?PR?USARTRXTASKINIT?APP_USART
            CODE    3FC2H     003AH     UNIT         ?PR?USARTTXTASKINIT?APP_USART
            CODE    3FFCH     003AH     UNIT         ?PR?_RINGBUFFER_ISFULL?BSP
            CODE    4036H     003AH     UNIT         ?PR?_RINGBUFFER_ISFULL?GLOBALVARIABLE
            CODE    4070H     003AH     UNIT         ?PR?_RINGBUFFER_ISFULL?GPIO
            CODE    40AAH     003AH     UNIT         ?PR?_RINGBUFFER_ISFULL?USART
            CODE    40E4H     003AH     UNIT         ?PR?_RINGBUFFER_ISFULL?MY_OS_CORE
            CODE    411EH     003AH     UNIT         ?PR?_RINGBUFFER_ISFULL?MY_OS_CPU_C
            CODE    4158H     003AH     UNIT         ?PR?_RINGBUFFER_ISFULL?MY_OS_TASK
            CODE    4192H     003AH     UNIT         ?PR?_RINGBUFFER_ISFULL?MY_OS_TIME
            CODE    41CCH     003AH     UNIT         ?PR?_RINGBUFFER_ISFULL?OS_FLAG
            CODE    4206H     003AH     UNIT         ?PR?_RINGBUFFER_ISFULL?OS_MBOX
            CODE    4240H     003AH     UNIT         ?PR?_RINGBUFFER_ISFULL?OS_MEM
            CODE    427AH     003AH     UNIT         ?PR?_RINGBUFFER_ISFULL?OS_MUTEX
            CODE    42B4H     003AH     UNIT         ?PR?_RINGBUFFER_ISFULL?OS_Q
            CODE    42EEH     003AH     UNIT         ?PR?_RINGBUFFER_ISFULL?OS_SEM
            CODE    4328H     003AH     UNIT         ?PR?_RINGBUFFER_ISFULL?RING_BUFFER
            CODE    4362H     003AH     UNIT         ?PR?_RINGBUFFER_ISFULL?PROTOCOL
            CODE    439CH     0033H     UNIT         ?PR?_USARTRXGETINT8U?MSG
            CODE    43CFH     0031H     UNIT         ?PR?_MUTEX_LOCK?MSG
            CODE    4400H     002FH     UNIT         ?PR?_?OSTASKCREATEHOOK?MY_OS_CPU_C
            CODE    442FH     002FH     UNIT         ?PR?_?OSTCBINITHOOK?MY_OS_CPU_C
            CODE    445EH     002DH     UNIT         ?PR?_?GPIO_CONFIG?BSP
            CODE    448BH     002AH     UNIT         ?PR?_RINGBUFFER_GETFREE?MAIN
            CODE    44B5H     002AH     UNIT         ?PR?_RINGBUFFER_GETFREE?TASK_MANAGE
            CODE    44DFH     002AH     UNIT         ?PR?_RINGBUFFER_GETFREE?TEST
            CODE    4509H     002AH     UNIT         ?PR?_RINGBUFFER_GETFREE?LED
            CODE    4533H     002AH     UNIT         ?PR?_RINGBUFFER_GETFREE?APP_USART
            CODE    455DH     002AH     UNIT         ?PR?_RINGBUFFER_GETFREE?BSP
            CODE    4587H     002AH     UNIT         ?PR?_RINGBUFFER_GETFREE?GLOBALVARIABLE
            CODE    45B1H     002AH     UNIT         ?PR?_RINGBUFFER_GETFREE?GPIO
            CODE    45DBH     002AH     UNIT         ?PR?_RINGBUFFER_GETFREE?USART
            CODE    4605H     002AH     UNIT         ?PR?_RINGBUFFER_GETFREE?MY_OS_CORE
            CODE    462FH     002AH     UNIT         ?PR?_RINGBUFFER_GETFREE?MY_OS_CPU_C
            CODE    4659H     002AH     UNIT         ?PR?_RINGBUFFER_GETFREE?MY_OS_TASK
            CODE    4683H     002AH     UNIT         ?PR?_RINGBUFFER_GETFREE?MY_OS_TIME
            CODE    46ADH     002AH     UNIT         ?PR?_RINGBUFFER_GETFREE?OS_FLAG
            CODE    46D7H     002AH     UNIT         ?PR?_RINGBUFFER_GETFREE?OS_MBOX
            CODE    4701H     002AH     UNIT         ?PR?_RINGBUFFER_GETFREE?OS_MEM
            CODE    472BH     002AH     UNIT         ?PR?_RINGBUFFER_GETFREE?OS_MUTEX
            CODE    4755H     002AH     UNIT         ?PR?_RINGBUFFER_GETFREE?OS_Q
            CODE    477FH     002AH     UNIT         ?PR?_RINGBUFFER_GETFREE?OS_SEM
            CODE    47A9H     002AH     UNIT         ?PR?_RINGBUFFER_GETFREE?RING_BUFFER
            CODE    47D3H     002AH     UNIT         ?PR?_RINGBUFFER_GETFREE?PROTOCOL
            CODE    47FDH     0029H     UNIT         ?PR?_UART3_INIT?USART
            CODE    4826H     0028H     UNIT         ?PR?_RINGBUFFER_GETCOUNT?MAIN
            CODE    484EH     0028H     UNIT         ?PR?_RINGBUFFER_GETCOUNT?TASK_MANAGE
            CODE    4876H     0028H     UNIT         ?PR?_RINGBUFFER_GETCOUNT?TEST
            CODE    489EH     0028H     UNIT         ?PR?_RINGBUFFER_GETCOUNT?LED
            CODE    48C6H     0028H     UNIT         ?PR?_RINGBUFFER_GETCOUNT?APP_USART
            CODE    48EEH     0028H     UNIT         ?PR?_RINGBUFFER_GETCOUNT?BSP
BL51 BANKED LINKER/LOCATER V6.22                                                      03/30/2019  14:17:51  PAGE 6


            CODE    4916H     0028H     UNIT         ?PR?UART3_CONFIG?BSP
            CODE    493EH     0028H     UNIT         ?PR?_RINGBUFFER_GETCOUNT?GLOBALVARIABLE
            CODE    4966H     0028H     UNIT         ?PR?_RINGBUFFER_GETCOUNT?GPIO
            CODE    498EH     0028H     UNIT         ?PR?_RINGBUFFER_GETCOUNT?USART
            CODE    49B6H     0028H     UNIT         ?PR?_RINGBUFFER_GETCOUNT?MY_OS_CORE
            CODE    49DEH     0028H     UNIT         ?PR?_RINGBUFFER_GETCOUNT?MY_OS_CPU_C
            CODE    4A06H     0028H     UNIT         ?PR?_RINGBUFFER_GETCOUNT?MY_OS_TASK
            CODE    4A2EH     0028H     UNIT         ?PR?_RINGBUFFER_GETCOUNT?MY_OS_TIME
            CODE    4A56H     0028H     UNIT         ?PR?_RINGBUFFER_GETCOUNT?OS_FLAG
            CODE    4A7EH     0028H     UNIT         ?PR?_RINGBUFFER_GETCOUNT?OS_MBOX
            CODE    4AA6H     0028H     UNIT         ?PR?_RINGBUFFER_GETCOUNT?OS_MEM
            CODE    4ACEH     0028H     UNIT         ?PR?_RINGBUFFER_GETCOUNT?OS_MUTEX
            CODE    4AF6H     0028H     UNIT         ?PR?_RINGBUFFER_GETCOUNT?OS_Q
            CODE    4B1EH     0028H     UNIT         ?PR?_RINGBUFFER_GETCOUNT?OS_SEM
            CODE    4B46H     0028H     UNIT         ?PR?_RINGBUFFER_GETCOUNT?RING_BUFFER
            CODE    4B6EH     0028H     UNIT         ?PR?_RINGBUFFER_GETCOUNT?PROTOCOL
            CODE    4B96H     001EH     UNIT         ?PR?_USART_SENDBYTE?USART
            CODE    4BB4H     001CH     UNIT         ?PR?_RINGBUFFER_ISEMPTY?TASK_MANAGE
            CODE    4BD0H     001CH     UNIT         ?PR?_RINGBUFFER_ISEMPTY?TEST
            CODE    4BECH     001CH     UNIT         ?PR?_RINGBUFFER_ISEMPTY?LED
            CODE    4C08H     001CH     UNIT         ?PR?_RINGBUFFER_ISEMPTY?APP_USART
            CODE    4C24H     001CH     UNIT         ?PR?_RINGBUFFER_ISEMPTY?BSP
            CODE    4C40H     001CH     UNIT         ?PR?_RINGBUFFER_ISEMPTY?GLOBALVARIABLE
            CODE    4C5CH     001CH     UNIT         ?PR?_RINGBUFFER_ISEMPTY?GPIO
            CODE    4C78H     001CH     UNIT         ?PR?_RINGBUFFER_ISEMPTY?USART
            CODE    4C94H     001CH     UNIT         ?PR?_RINGBUFFER_ISEMPTY?MY_OS_CORE
            CODE    4CB0H     001CH     UNIT         ?PR?_RINGBUFFER_ISEMPTY?MY_OS_CPU_C
            CODE    4CCCH     001CH     UNIT         ?PR?_RINGBUFFER_ISEMPTY?MY_OS_TASK
            CODE    4CE8H     001CH     UNIT         ?PR?_RINGBUFFER_ISEMPTY?MY_OS_TIME
            CODE    4D04H     001CH     UNIT         ?PR?_RINGBUFFER_ISEMPTY?OS_FLAG
            CODE    4D20H     001CH     UNIT         ?PR?_RINGBUFFER_ISEMPTY?OS_MBOX
            CODE    4D3CH     001CH     UNIT         ?PR?_RINGBUFFER_ISEMPTY?OS_MEM
            CODE    4D58H     001CH     UNIT         ?PR?_RINGBUFFER_ISEMPTY?OS_MUTEX
            CODE    4D74H     001CH     UNIT         ?PR?_RINGBUFFER_ISEMPTY?OS_Q
            CODE    4D90H     001CH     UNIT         ?PR?_RINGBUFFER_ISEMPTY?OS_SEM
            CODE    4DACH     001CH     UNIT         ?PR?_RINGBUFFER_ISEMPTY?RING_BUFFER
            CODE    4DC8H     001CH     UNIT         ?PR?_RINGBUFFER_ISEMPTY?PROTOCOL
            CODE    4DE4H     0015H     UNIT         ?PR?_RINGBUFFER_FLUSH?TASK_MANAGE
            CODE    4DF9H     0015H     UNIT         ?PR?_RINGBUFFER_FLUSH?TEST
            CODE    4E0EH     0015H     UNIT         ?PR?_RINGBUFFER_FLUSH?LED
            CODE    4E23H     0015H     UNIT         ?PR?_RINGBUFFER_FLUSH?APP_USART
            CODE    4E38H     0015H     UNIT         ?PR?_RINGBUFFER_FLUSH?BSP
            CODE    4E4DH     0015H     UNIT         ?PR?_RINGBUFFER_FLUSH?GLOBALVARIABLE
            CODE    4E62H     0015H     UNIT         ?PR?_RINGBUFFER_FLUSH?GPIO
            CODE    4E77H     0015H     UNIT         ?PR?_RINGBUFFER_FLUSH?USART
            CODE    4E8CH     0015H     UNIT         ?PR?_RINGBUFFER_FLUSH?MY_OS_CORE
            CODE    4EA1H     0015H     UNIT         ?PR?_RINGBUFFER_FLUSH?MY_OS_CPU_C
            CODE    4EB6H     0015H     UNIT         ?PR?_RINGBUFFER_FLUSH?MY_OS_TASK
            CODE    4ECBH     0015H     UNIT         ?PR?_RINGBUFFER_FLUSH?MY_OS_TIME
            CODE    4EE0H     0015H     UNIT         ?PR?_RINGBUFFER_FLUSH?OS_FLAG
            CODE    4EF5H     0015H     UNIT         ?PR?_RINGBUFFER_FLUSH?OS_MBOX
            CODE    4F0AH     0015H     UNIT         ?PR?_RINGBUFFER_FLUSH?OS_MEM
            CODE    4F1FH     0015H     UNIT         ?PR?_RINGBUFFER_FLUSH?OS_MUTEX
            CODE    4F34H     0015H     UNIT         ?PR?_RINGBUFFER_FLUSH?OS_Q
            CODE    4F49H     0015H     UNIT         ?PR?_RINGBUFFER_FLUSH?OS_SEM
            CODE    4F5EH     0015H     UNIT         ?PR?_RINGBUFFER_FLUSH?RING_BUFFER
            CODE    4F73H     0015H     UNIT         ?PR?_RINGBUFFER_FLUSH?PROTOCOL
BL51 BANKED LINKER/LOCATER V6.22                                                      03/30/2019  14:17:51  PAGE 7


            CODE    4F88H     0012H     UNIT         ?C_C51STARTUP
            CODE    4F9AH     000FH     UNIT         ?PR?_?SYSTICKINITOFTMER0?MY_OS_CPU_C
            CODE    4FA9H     000EH     UNIT         ?PR?_?OSINTENTER?MY_OS_CORE
            CODE    4FB7H     000CH     UNIT         ?CO?TEST
            CODE    4FC3H     000AH     UNIT         ?PR?_RINGBUFFER_GETSIZE?MAIN
            CODE    4FCDH     000AH     UNIT         ?PR?_RINGBUFFER_GETSIZE?TASK_MANAGE
            CODE    4FD7H     000AH     UNIT         ?PR?_RINGBUFFER_GETSIZE?TEST
            CODE    4FE1H     000AH     UNIT         ?PR?_RINGBUFFER_GETSIZE?LED
            CODE    4FEBH     000AH     UNIT         ?PR?_RINGBUFFER_GETSIZE?APP_USART
            CODE    4FF5H     000AH     UNIT         ?PR?_RINGBUFFER_GETSIZE?BSP
            CODE    4FFFH     000AH     UNIT         ?PR?_RINGBUFFER_GETSIZE?GLOBALVARIABLE
            CODE    5009H     000AH     UNIT         ?PR?_RINGBUFFER_GETSIZE?GPIO
            CODE    5013H     000AH     UNIT         ?PR?_RINGBUFFER_GETSIZE?USART
            CODE    501DH     000AH     UNIT         ?PR?_RINGBUFFER_GETSIZE?MY_OS_CORE
            CODE    5027H     000AH     UNIT         ?PR?_RINGBUFFER_GETSIZE?MY_OS_CPU_C
            CODE    5031H     000AH     UNIT         ?PR?_RINGBUFFER_GETSIZE?MY_OS_TASK
            CODE    503BH     000AH     UNIT         ?PR?_RINGBUFFER_GETSIZE?MY_OS_TIME
            CODE    5045H     000AH     UNIT         ?PR?_RINGBUFFER_GETSIZE?OS_FLAG
            CODE    504FH     000AH     UNIT         ?PR?_RINGBUFFER_GETSIZE?OS_MBOX
            CODE    5059H     000AH     UNIT         ?PR?_RINGBUFFER_GETSIZE?OS_MEM
            CODE    5063H     000AH     UNIT         ?PR?_RINGBUFFER_GETSIZE?OS_MUTEX
            CODE    506DH     000AH     UNIT         ?PR?_RINGBUFFER_GETSIZE?OS_Q
            CODE    5077H     000AH     UNIT         ?PR?_RINGBUFFER_GETSIZE?OS_SEM
            CODE    5081H     000AH     UNIT         ?PR?OSINTCTXSW?OS_CPU_A
            CODE    508BH     000AH     UNIT         ?PR?_RINGBUFFER_GETSIZE?RING_BUFFER
            CODE    5095H     000AH     UNIT         ?PR?_RINGBUFFER_GETSIZE?PROTOCOL
            CODE    509FH     0009H     UNIT         ?PR?USERTICKTIMER?MY_OS_CPU_C
            CODE    50A8H     0006H     UNIT         ?PR?_?BSP?BSP
            CODE    50AEH     0003H     UNIT         ?PR?_MUTEX_UNLOCK?MSG
            CODE    50B1H     0001H     UNIT         ?PR?_?OSTIMETICKHOOK?MY_OS_CPU_C
            CODE    50B2H     0001H     UNIT         ?PR?_?OSTASKIDLEHOOK?MY_OS_CPU_C
            CODE    50B3H     0001H     UNIT         ?PR?MSG_INIT?MSG



OVERLAY MAP OF MODULE:   .\OUTPUT\MYJOB (MAIN)


SEGMENT                                           XDATA_GROUP
  +--> CALLED SEGMENT                           START    LENGTH
---------------------------------------------------------------
?PR?UART1_INT?USART                             -----    -----
  +--> ?PR?_?OSINTENTER?MY_OS_CORE
  +--> ?PR?_?OSINTEXIT?MY_OS_CORE

?PR?_?OSINTEXIT?MY_OS_CORE                      -----    -----
  +--> ?CO?MY_OS_CORE
  +--> ?PR?OSINTCTXSW?OS_CPU_A

?PR?OSINTCTXSW?OS_CPU_A                         -----    -----
  +--> ?PR?OSCTXSW?OS_CPU_A

?PR?OSCTXSW?OS_CPU_A                            -----    -----
  +--> ?PR?_?OSTASKSWHOOK?MY_OS_CPU_C
  +--> ?PR?OSSTARTHIGHRDY?OS_CPU_A

?PR?OSSTARTHIGHRDY?OS_CPU_A                     -----    -----
BL51 BANKED LINKER/LOCATER V6.22                                                      03/30/2019  14:17:51  PAGE 8


  +--> ?PR?_?OSTASKSWHOOK?MY_OS_CPU_C

*** NEW ROOT ***************************************************

?PR?UART2_INT?USART                             -----    -----
  +--> ?PR?_?OSINTEXIT?MY_OS_CORE

*** NEW ROOT ***************************************************

?PR?UART3_INT?USART                             06B7H    0001H
  +--> ?PR?_?OSINTEXIT?MY_OS_CORE
  +--> ?PR?_RINGBUFFER_INSERT?RING_BUFFER
  +--> ?PR?_?OSSEMPOST?OS_SEM

?PR?_RINGBUFFER_INSERT?RING_BUFFER              06B8H    0009H
  +--> ?PR?_RINGBUFFER_ISFULL?RING_BUFFER

?PR?_RINGBUFFER_ISFULL?RING_BUFFER              06C1H    0003H
  +--> ?PR?_RINGBUFFER_GETCOUNT?RING_BUFFER

?PR?_?OSSEMPOST?OS_SEM                          -----    -----
  +--> ?PR?_?OS_EVENTTASKRDY?MY_OS_CORE
  +--> ?PR?_?OS_SCHED?MY_OS_CORE

?PR?_?OS_EVENTTASKRDY?MY_OS_CORE                -----    -----
  +--> ?CO?MY_OS_CORE

?PR?_?OS_SCHED?MY_OS_CORE                       -----    -----
  +--> ?CO?MY_OS_CORE
  +--> ?PR?OSCTXSW?OS_CPU_A

*** NEW ROOT ***************************************************

?PR?OSTICKISR?MY_OS_CPU_C                       -----    -----
  +--> ?PR?_?OSINTENTER?MY_OS_CORE
  +--> ?PR?USERTICKTIMER?MY_OS_CPU_C
  +--> ?PR?_?OSTIMETICK?MY_OS_CORE
  +--> ?PR?_?OSINTEXIT?MY_OS_CORE

?PR?_?OSTIMETICK?MY_OS_CORE                     -----    -----
  +--> ?PR?_?OSTIMETICKHOOK?MY_OS_CPU_C

*** NEW ROOT ***************************************************

?C_C51STARTUP                                   -----    -----
  +--> ?PR?MAIN?MAIN

?PR?MAIN?MAIN                                   -----    -----
  +--> ?PR?_?OSINIT?MY_OS_CORE
  +--> ?PR?_?SYSTICKINITOFTMER0?MY_OS_CPU_C
  +--> ?PR?_?TASKSTART?TASK_MANAGE
  +--> ?PR?_?OSTASKCREATE?MY_OS_TASK
  +--> ?PR?_?OSSTART?MY_OS_CORE

?PR?_?OSINIT?MY_OS_CORE                         -----    -----
  +--> ?PR?_?OSINITHOOKBEGIN?MY_OS_CPU_C
  +--> ?PR?_?OS_TASKIDLE?MY_OS_CORE
BL51 BANKED LINKER/LOCATER V6.22                                                      03/30/2019  14:17:51  PAGE 9


  +--> ?PR?_?OSTASKCREATE?MY_OS_TASK
  +--> ?PR?_?OSINITHOOKEND?MY_OS_CPU_C

?PR?_?OS_TASKIDLE?MY_OS_CORE                    -----    -----
  +--> ?PR?_?OSTASKIDLEHOOK?MY_OS_CPU_C

?PR?_?OSTASKCREATE?MY_OS_TASK                   -----    -----
  +--> ?PR?_?OSTASKSTKINIT?MY_OS_CPU_C
  +--> ?PR?_?OS_TCBINIT?MY_OS_CORE
  +--> ?PR?_?OS_SCHED?MY_OS_CORE

?PR?_?OS_TCBINIT?MY_OS_CORE                     -----    -----
  +--> ?CO?MY_OS_CORE
  +--> ?PR?_?OSTCBINITHOOK?MY_OS_CPU_C
  +--> ?PR?_?OSTASKCREATEHOOK?MY_OS_CPU_C

?PR?_?TASKSTART?TASK_MANAGE                     -----    -----
  +--> ?PR?_?BSP?BSP
  +--> ?PR?_?GLOBALVARIABLE?GLOBALVARIABLE
  +--> ?PR?_?TASKCREATEOTHER?TASK_MANAGE
  +--> ?PR?_?OSTASKSUSPEND?MY_OS_TASK

?PR?_?BSP?BSP                                   -----    -----
  +--> ?PR?_?GPIO_CONFIG?BSP
  +--> ?PR?UART3_CONFIG?BSP

?PR?_?GPIO_CONFIG?BSP                           -----    -----
  +--> ?PR?_?GPIO_INILIZE?GPIO

?PR?UART3_CONFIG?BSP                            06C4H    000DH
  +--> ?PR?_UART3_INIT?USART

?PR?_UART3_INIT?USART                           -----    -----
  +--> ?PR?_?USART_CONFIGURATION?USART
  +--> ?PR?_RINGBUFFER_INIT?RING_BUFFER

?PR?_RINGBUFFER_INIT?RING_BUFFER                06D1H    000AH

?PR?_?TASKCREATEOTHER?TASK_MANAGE               -----    -----
  +--> ?PR?USARTTXTASKINIT?APP_USART
  +--> ?PR?USARTRXTASKINIT?APP_USART

?PR?USARTTXTASKINIT?APP_USART                   -----    -----
  +--> ?PR?_APPUSARTTXTASK?APP_USART
  +--> ?PR?_?OSTASKCREATE?MY_OS_TASK

?PR?_APPUSARTTXTASK?APP_USART                   06C4H    0004H
  +--> ?PR?USARTINIT?APP_USART
  +--> ?PR?_?OSMBOXPEND?OS_MBOX
  +--> ?PR?_USART_TX_START?APP_USART

?PR?USARTINIT?APP_USART                         -----    -----
  +--> ?PR?_?OSSEMCREATE?OS_SEM
  +--> ?PR?_?OSMBOXCREATE?OS_MBOX
  +--> ?PR?_MESSAGE_TX_HANDLER?APP_USART

?PR?_?OSSEMCREATE?OS_SEM                        -----    -----
BL51 BANKED LINKER/LOCATER V6.22                                                      03/30/2019  14:17:51  PAGE 10


  +--> ?PR?_?OS_EVENTWAITLISTINIT?MY_OS_CORE

?PR?_?OSMBOXCREATE?OS_MBOX                      -----    -----
  +--> ?PR?_?OS_EVENTWAITLISTINIT?MY_OS_CORE

?PR?_MESSAGE_TX_HANDLER?APP_USART               06C8H    0004H
  +--> ?PR?_USART_SENDBYTE?USART
  +--> ?PR?_MUTEX_UNLOCK?MSG

?PR?_MUTEX_UNLOCK?MSG                           -----    -----
  +--> ?PR?_?OSSEMPOST?OS_SEM

?PR?_?OSMBOXPEND?OS_MBOX                        -----    -----
  +--> ?PR?_?OS_EVENTTASKWAIT?MY_OS_CORE
  +--> ?PR?_?OS_SCHED?MY_OS_CORE
  +--> ?PR?_?OS_EVENTTO?MY_OS_CORE

?PR?_USART_TX_START?APP_USART                   06C8H    0008H
  +--> ?PR?_MUTEX_LOCK?MSG

?PR?_MUTEX_LOCK?MSG                             06D0H    0004H
  +--> ?PR?_?OSSEMPEND?OS_SEM

?PR?_?OSSEMPEND?OS_SEM                          -----    -----
  +--> ?PR?_?OS_EVENTTASKWAIT?MY_OS_CORE
  +--> ?PR?_?OS_SCHED?MY_OS_CORE
  +--> ?PR?_?OS_EVENTTO?MY_OS_CORE

?PR?USARTRXTASKINIT?APP_USART                   06C4H    0001H
  +--> ?PR?_APPUSARTRXTASK?APP_USART
  +--> ?PR?_?OSTASKCREATE?MY_OS_TASK

?PR?_APPUSARTRXTASK?APP_USART                   06C5H    0002H
  +--> ?PR?_?OSSEMPEND?OS_SEM
  +--> ?PR?_RINGBUFFER_POP?RING_BUFFER
  +--> ?PR?_MESSAGE_RX_HANDLER?APP_USART
  +--> ?PR?_USARTCMDPARSEPKT?APP_USART

?PR?_RINGBUFFER_POP?RING_BUFFER                 06C7H    0009H
  +--> ?PR?_RINGBUFFER_ISEMPTY?RING_BUFFER

?PR?_MESSAGE_RX_HANDLER?APP_USART               06C7H    0003H

?PR?_USARTCMDPARSEPKT?APP_USART                 -----    -----
  +--> ?PR?_PROTOCOL_PROCESS?PROTOCOL

?PR?_PROTOCOL_PROCESS?PROTOCOL                  06C7H    0006H
  +--> ?PR?_?OSMBOXPOST?OS_MBOX

?PR?_?OSMBOXPOST?OS_MBOX                        -----    -----
  +--> ?PR?_?OS_EVENTTASKRDY?MY_OS_CORE
  +--> ?PR?_?OS_SCHED?MY_OS_CORE

?PR?_?OSTASKSUSPEND?MY_OS_TASK                  -----    -----
  +--> ?PR?_?OS_SCHED?MY_OS_CORE

?PR?_?OSSTART?MY_OS_CORE                        -----    -----
BL51 BANKED LINKER/LOCATER V6.22                                                      03/30/2019  14:17:51  PAGE 11


  +--> ?CO?MY_OS_CORE
  +--> ?PR?OSSTARTHIGHRDY?OS_CPU_A



SYMBOL TABLE OF MODULE:  .\OUTPUT\MYJOB (MAIN)

  VALUE           TYPE          NAME
  ----------------------------------

  -------         MODULE        MAIN
  C:0000H         SYMBOL        _ICE_DUMMY_
  C:482EH         PUBLIC        _RingBuffer_GetCount
  D:0080H         PUBLIC        P0
  D:0090H         PUBLIC        P1
  D:00A0H         PUBLIC        P2
  D:00B0H         PUBLIC        P3
  D:00C0H         PUBLIC        P4
  D:00C8H         PUBLIC        P5
  D:00E8H         PUBLIC        P6
  D:00F8H         PUBLIC        P7
  D:00A8H         PUBLIC        IE
  C:4FC3H         SYMBOL        _RingBuffer_GetSize
  D:00B8H         PUBLIC        IP
  C:0026H         SYMBOL        _RingBuffer_IsEmpty
  C:3E66H         SYMBOL        _RingBuffer_IsFull
  D:00D8H         PUBLIC        CCON
  C:3D2CH         PUBLIC        main
  D:0098H         PUBLIC        SCON
  D:0088H         PUBLIC        TCON
  D:00F0H         PUBLIC        B
  D:00E0H         PUBLIC        ACC
  C:000EH         SYMBOL        _RingBuffer_Flush
  C:448BH         SYMBOL        _RingBuffer_GetFree
  D:00D0H         PUBLIC        PSW
  -------         PROC          _RINGBUFFER_FLUSH
  D:0001H         SYMBOL        RingBuff
  C:000EH         LINE#         83
  C:000EH         LINE#         84
  C:000EH         LINE#         85
  C:0022H         LINE#         86
  -------         ENDPROC       _RINGBUFFER_FLUSH
  -------         PROC          _RINGBUFFER_GETSIZE
  D:0001H         SYMBOL        RingBuff
  C:4FC3H         LINE#         93
  C:4FC3H         LINE#         94
  C:4FC3H         LINE#         95
  C:4FCCH         LINE#         96
  -------         ENDPROC       _RINGBUFFER_GETSIZE
  -------         PROC          L?0012
  -------         ENDPROC       L?0012
  -------         PROC          _RINGBUFFER_GETCOUNT
  D:0001H         SYMBOL        RingBuff
  C:482EH         LINE#         103
  C:482EH         LINE#         104
  C:482EH         LINE#         105
  C:484DH         LINE#         106
BL51 BANKED LINKER/LOCATER V6.22                                                      03/30/2019  14:17:51  PAGE 12


  -------         ENDPROC       _RINGBUFFER_GETCOUNT
  -------         PROC          _RINGBUFFER_GETFREE
  X:06FDH         SYMBOL        RingBuff
  C:448BH         LINE#         113
  C:4496H         LINE#         114
  C:4496H         LINE#         115
  C:44B4H         LINE#         116
  -------         ENDPROC       _RINGBUFFER_GETFREE
  -------         PROC          _RINGBUFFER_ISFULL
  X:0700H         SYMBOL        RingBuff
  C:3E66H         LINE#         123
  C:3E71H         LINE#         124
  C:3E71H         LINE#         125
  C:3E9FH         LINE#         126
  -------         ENDPROC       _RINGBUFFER_ISFULL
  -------         PROC          _RINGBUFFER_ISEMPTY
  D:0001H         SYMBOL        RingBuff
  C:0026H         LINE#         133
  C:0026H         LINE#         134
  C:0026H         LINE#         135
  C:0041H         LINE#         136
  -------         ENDPROC       _RINGBUFFER_ISEMPTY
  -------         PROC          MAIN
  C:3D2CH         LINE#         20
  C:3D2CH         LINE#         21
  C:3D2CH         LINE#         22
  C:3D2FH         LINE#         23
  C:3D32H         LINE#         26
  C:3D6CH         LINE#         30
  -------         ENDPROC       MAIN
  -------         ENDMOD        MAIN

  -------         MODULE        TASK_MANAGE
  C:0000H         SYMBOL        _ICE_DUMMY_
  C:4856H         PUBLIC        _RingBuffer_GetCount
  D:0080H         PUBLIC        P0
  D:0090H         PUBLIC        P1
  D:00A0H         PUBLIC        P2
  D:00B0H         PUBLIC        P3
  D:00C0H         PUBLIC        P4
  D:00C8H         PUBLIC        P5
  D:00E8H         PUBLIC        P6
  D:00F8H         PUBLIC        P7
  D:00A8H         PUBLIC        IE
  C:4FCDH         SYMBOL        _RingBuffer_GetSize
  D:00B8H         PUBLIC        IP
  C:4BB4H         SYMBOL        _RingBuffer_IsEmpty
  C:3EA0H         SYMBOL        _RingBuffer_IsFull
  D:00D8H         PUBLIC        CCON
  C:3DAFH         PUBLIC        _?TaskStart
  D:0098H         PUBLIC        SCON
  D:0088H         PUBLIC        TCON
  D:00F0H         PUBLIC        B
  D:00E0H         PUBLIC        ACC
  B:00A8H.1       PUBLIC        ET0
  C:4DE4H         SYMBOL        _RingBuffer_Flush
  C:0003H         PUBLIC        _?TaskCreateOther
BL51 BANKED LINKER/LOCATER V6.22                                                      03/30/2019  14:17:51  PAGE 13


  C:44B5H         SYMBOL        _RingBuffer_GetFree
  X:0588H         PUBLIC        TASK_START_STK
  D:00D0H         PUBLIC        PSW
  -------         PROC          _RINGBUFFER_FLUSH
  D:0001H         SYMBOL        RingBuff
  C:4DE4H         LINE#         83
  C:4DE4H         LINE#         84
  C:4DE4H         LINE#         85
  C:4DF8H         LINE#         86
  -------         ENDPROC       _RINGBUFFER_FLUSH
  -------         PROC          _RINGBUFFER_GETSIZE
  D:0001H         SYMBOL        RingBuff
  C:4FCDH         LINE#         93
  C:4FCDH         LINE#         94
  C:4FCDH         LINE#         95
  C:4FD6H         LINE#         96
  -------         ENDPROC       _RINGBUFFER_GETSIZE
  -------         PROC          L?0013
  -------         ENDPROC       L?0013
  -------         PROC          _RINGBUFFER_GETCOUNT
  D:0001H         SYMBOL        RingBuff
  C:4856H         LINE#         103
  C:4856H         LINE#         104
  C:4856H         LINE#         105
  C:4875H         LINE#         106
  -------         ENDPROC       _RINGBUFFER_GETCOUNT
  -------         PROC          _RINGBUFFER_GETFREE
  X:0703H         SYMBOL        RingBuff
  C:44B5H         LINE#         113
  C:44C0H         LINE#         114
  C:44C0H         LINE#         115
  C:44DEH         LINE#         116
  -------         ENDPROC       _RINGBUFFER_GETFREE
  -------         PROC          _RINGBUFFER_ISFULL
  X:0706H         SYMBOL        RingBuff
  C:3EA0H         LINE#         123
  C:3EABH         LINE#         124
  C:3EABH         LINE#         125
  C:3ED9H         LINE#         126
  -------         ENDPROC       _RINGBUFFER_ISFULL
  -------         PROC          _RINGBUFFER_ISEMPTY
  D:0001H         SYMBOL        RingBuff
  C:4BB4H         LINE#         133
  C:4BB4H         LINE#         134
  C:4BB4H         LINE#         135
  C:4BCFH         LINE#         136
  -------         ENDPROC       _RINGBUFFER_ISEMPTY
  -------         PROC          _?TASKSTART
  x:0000H         SYMBOL        ppdata
  C:3DAFH         LINE#         13
  C:3DBDH         LINE#         15
  C:3DD8H         LINE#         17
  C:3DDAH         LINE#         24
  C:3DDDH         LINE#         25
  C:3DE0H         LINE#         26
  C:3DE3H         LINE#         27
  C:3DE8H         LINE#         28
BL51 BANKED LINKER/LOCATER V6.22                                                      03/30/2019  14:17:51  PAGE 14


  -------         ENDPROC       _?TASKSTART
  -------         PROC          _?TASKCREATEOTHER
  C:0003H         LINE#         32
  C:0003H         LINE#         36
  C:0006H         LINE#         37
  -------         ENDPROC       _?TASKCREATEOTHER
  -------         ENDMOD        TASK_MANAGE

  -------         MODULE        TEST
  C:0000H         SYMBOL        _ICE_DUMMY_
  C:487EH         PUBLIC        _RingBuffer_GetCount
  D:0080H         PUBLIC        P0
  D:0090H         PUBLIC        P1
  D:00A0H         PUBLIC        P2
  D:00B0H         PUBLIC        P3
  D:00C0H         PUBLIC        P4
  D:00C8H         PUBLIC        P5
  D:00E8H         PUBLIC        P6
  D:00F8H         PUBLIC        P7
  D:00A8H         PUBLIC        IE
  C:4FD7H         SYMBOL        _RingBuffer_GetSize
  D:00B8H         PUBLIC        IP
  C:4BD0H         SYMBOL        _RingBuffer_IsEmpty
  C:3EDAH         SYMBOL        _RingBuffer_IsFull
  D:00D8H         PUBLIC        CCON
  C:2E42H         SYMBOL        _?TestStrlamplight
  X:05EDH         PUBLIC        TASK_TEST_STK
  D:0098H         PUBLIC        SCON
  D:0088H         PUBLIC        TCON
  B:00C0H.1       PUBLIC        P41
  B:00C0H.2       PUBLIC        P42
  C:39ECH         PUBLIC        _?TaskTest
  B:00B0H.5       PUBLIC        P35
  D:00F0H         PUBLIC        B
  C:4FB7H         SYMBOL        _?ix1000
  D:00E0H         PUBLIC        ACC
  C:4DF9H         SYMBOL        _RingBuffer_Flush
  C:44DFH         SYMBOL        _RingBuffer_GetFree
  D:00D0H         PUBLIC        PSW
  -------         PROC          _RINGBUFFER_FLUSH
  D:0001H         SYMBOL        RingBuff
  C:4DF9H         LINE#         83
  C:4DF9H         LINE#         84
  C:4DF9H         LINE#         85
  C:4E0DH         LINE#         86
  -------         ENDPROC       _RINGBUFFER_FLUSH
  -------         PROC          _RINGBUFFER_GETSIZE
  D:0001H         SYMBOL        RingBuff
  C:4FD7H         LINE#         93
  C:4FD7H         LINE#         94
  C:4FD7H         LINE#         95
  C:4FE0H         LINE#         96
  -------         ENDPROC       _RINGBUFFER_GETSIZE
  -------         PROC          L?0032
  -------         ENDPROC       L?0032
  -------         PROC          _RINGBUFFER_GETCOUNT
  D:0001H         SYMBOL        RingBuff
BL51 BANKED LINKER/LOCATER V6.22                                                      03/30/2019  14:17:51  PAGE 15


  C:487EH         LINE#         103
  C:487EH         LINE#         104
  C:487EH         LINE#         105
  C:489DH         LINE#         106
  -------         ENDPROC       _RINGBUFFER_GETCOUNT
  -------         PROC          _RINGBUFFER_GETFREE
  X:0709H         SYMBOL        RingBuff
  C:44DFH         LINE#         113
  C:44EAH         LINE#         114
  C:44EAH         LINE#         115
  C:4508H         LINE#         116
  -------         ENDPROC       _RINGBUFFER_GETFREE
  -------         PROC          _RINGBUFFER_ISFULL
  X:070CH         SYMBOL        RingBuff
  C:3EDAH         LINE#         123
  C:3EE5H         LINE#         124
  C:3EE5H         LINE#         125
  C:3F13H         LINE#         126
  -------         ENDPROC       _RINGBUFFER_ISFULL
  -------         PROC          _RINGBUFFER_ISEMPTY
  D:0001H         SYMBOL        RingBuff
  C:4BD0H         LINE#         133
  C:4BD0H         LINE#         134
  C:4BD0H         LINE#         135
  C:4BEBH         LINE#         136
  -------         ENDPROC       _RINGBUFFER_ISEMPTY
  -------         PROC          _?TESTSTRLAMPLIGHT
  -------         DO            
  x:0000H         SYMBOL        k
  x:000CH         SYMBOL        i
  x:000DH         SYMBOL        j
  -------         ENDDO         
  C:2E42H         LINE#         16
  C:2E48H         LINE#         18
  C:2E65H         LINE#         19
  C:2E6DH         LINE#         20
  C:2E75H         LINE#         22
  C:2E80H         LINE#         23
  C:2E80H         LINE#         24
  C:2EA6H         LINE#         25
  C:2EA6H         LINE#         26
  C:2EAFH         LINE#         27
  C:2EB9H         LINE#         28
  C:2EB9H         LINE#         29
  C:2EC2H         LINE#         30
  C:2EC4H         LINE#         31
  C:2EC4H         LINE#         33
  C:2EC4H         LINE#         34
  C:2EC4H         LINE#         35
  C:2EC4H         LINE#         36
  C:2EC6H         LINE#         38
  C:2EC6H         LINE#         39
  C:2ECEH         LINE#         40
  C:2ED7H         LINE#         41
  C:2ED7H         LINE#         42
  C:2ED9H         LINE#         44
  C:2EDFH         LINE#         45
BL51 BANKED LINKER/LOCATER V6.22                                                      03/30/2019  14:17:51  PAGE 16


  C:2EDFH         LINE#         46
  C:2EF4H         LINE#         47
  C:2F0CH         LINE#         48
  C:2F0CH         LINE#         49
  C:2F0CH         LINE#         50
  C:2F0EH         LINE#         51
  C:2F10H         LINE#         52
  C:2F12H         LINE#         53
  C:2F14H         LINE#         55
  C:2F14H         LINE#         56
  C:2F16H         LINE#         57
  C:2F18H         LINE#         59
  C:2F18H         LINE#         60
  C:2F1AH         LINE#         61
  C:2F1CH         LINE#         63
  C:2F1CH         LINE#         64
  C:2F1EH         LINE#         65
  C:2F1EH         LINE#         67
  C:2F1EH         LINE#         68
  C:2F1EH         LINE#         69
  C:2F1EH         LINE#         70
  C:2F1EH         LINE#         72
  -------         ENDPROC       _?TESTSTRLAMPLIGHT
  -------         PROC          _?TASKTEST
  x:0000H         SYMBOL        ppdata
  C:39ECH         LINE#         77
  C:39FAH         LINE#         79
  C:3A15H         LINE#         80
  C:3A15H         LINE#         81
  C:3A15H         LINE#         82
  C:3A1BH         LINE#         83
  C:3A1BH         LINE#         84
  C:3A21H         LINE#         85
  C:3A21H         LINE#         86
  C:3A27H         LINE#         87
  C:3A2AH         LINE#         88
  C:3A2FH         LINE#         89
  C:3A33H         LINE#         90
  C:3A33H         LINE#         91
  C:3A35H         LINE#         93
  C:3A35H         LINE#         94
  C:3A3BH         LINE#         95
  C:3A3BH         LINE#         97
  C:3A50H         LINE#         98
  -------         ENDPROC       _?TASKTEST
  -------         ENDMOD        TEST

  -------         MODULE        LED
  C:0000H         SYMBOL        _ICE_DUMMY_
  C:48A6H         PUBLIC        _RingBuffer_GetCount
  D:0080H         PUBLIC        P0
  D:0090H         PUBLIC        P1
  D:00A0H         PUBLIC        P2
  D:00B0H         PUBLIC        P3
  D:00C0H         PUBLIC        P4
  D:00C8H         PUBLIC        P5
  D:00E8H         PUBLIC        P6
BL51 BANKED LINKER/LOCATER V6.22                                                      03/30/2019  14:17:51  PAGE 17


  D:00F8H         PUBLIC        P7
  D:00A8H         PUBLIC        IE
  C:4FE1H         SYMBOL        _RingBuffer_GetSize
  D:00B8H         PUBLIC        IP
  C:4BECH         SYMBOL        _RingBuffer_IsEmpty
  C:3F14H         SYMBOL        _RingBuffer_IsFull
  D:00D8H         PUBLIC        CCON
  C:3C36H         PUBLIC        _?TaskLed
  D:0098H         PUBLIC        SCON
  D:0088H         PUBLIC        TCON
  B:00B0H.7       PUBLIC        P37
  X:0652H         PUBLIC        TASK_LED_STK
  D:00F0H         PUBLIC        B
  D:00E0H         PUBLIC        ACC
  C:4E0EH         SYMBOL        _RingBuffer_Flush
  C:4509H         SYMBOL        _RingBuffer_GetFree
  D:00D0H         PUBLIC        PSW
  -------         PROC          _RINGBUFFER_FLUSH
  D:0001H         SYMBOL        RingBuff
  C:4E0EH         LINE#         83
  C:4E0EH         LINE#         84
  C:4E0EH         LINE#         85
  C:4E22H         LINE#         86
  -------         ENDPROC       _RINGBUFFER_FLUSH
  -------         PROC          _RINGBUFFER_GETSIZE
  D:0001H         SYMBOL        RingBuff
  C:4FE1H         LINE#         93
  C:4FE1H         LINE#         94
  C:4FE1H         LINE#         95
  C:4FEAH         LINE#         96
  -------         ENDPROC       _RINGBUFFER_GETSIZE
  -------         PROC          L?0014
  -------         ENDPROC       L?0014
  -------         PROC          _RINGBUFFER_GETCOUNT
  D:0001H         SYMBOL        RingBuff
  C:48A6H         LINE#         103
  C:48A6H         LINE#         104
  C:48A6H         LINE#         105
  C:48C5H         LINE#         106
  -------         ENDPROC       _RINGBUFFER_GETCOUNT
  -------         PROC          _RINGBUFFER_GETFREE
  X:070FH         SYMBOL        RingBuff
  C:4509H         LINE#         113
  C:4514H         LINE#         114
  C:4514H         LINE#         115
  C:4532H         LINE#         116
  -------         ENDPROC       _RINGBUFFER_GETFREE
  -------         PROC          _RINGBUFFER_ISFULL
  X:0712H         SYMBOL        RingBuff
  C:3F14H         LINE#         123
  C:3F1FH         LINE#         124
  C:3F1FH         LINE#         125
  C:3F4DH         LINE#         126
  -------         ENDPROC       _RINGBUFFER_ISFULL
  -------         PROC          _RINGBUFFER_ISEMPTY
  D:0001H         SYMBOL        RingBuff
  C:4BECH         LINE#         133
BL51 BANKED LINKER/LOCATER V6.22                                                      03/30/2019  14:17:51  PAGE 18


  C:4BECH         LINE#         134
  C:4BECH         LINE#         135
  C:4C07H         LINE#         136
  -------         ENDPROC       _RINGBUFFER_ISEMPTY
  -------         PROC          _?TASKLED
  x:0000H         SYMBOL        ppdata
  C:3C36H         LINE#         14
  C:3C44H         LINE#         16
  C:3C5FH         LINE#         17
  C:3C5FH         LINE#         18
  C:3C5FH         LINE#         19
  C:3C61H         LINE#         20
  C:3C77H         LINE#         21
  C:3C79H         LINE#         22
  C:3C8FH         LINE#         23
  -------         ENDPROC       _?TASKLED
  -------         ENDMOD        LED

  -------         MODULE        APP_USART
  C:0000H         SYMBOL        _ICE_DUMMY_
  C:48CEH         PUBLIC        _RingBuffer_GetCount
  D:0080H         PUBLIC        P0
  D:0090H         PUBLIC        P1
  D:00A0H         PUBLIC        P2
  D:00B0H         PUBLIC        P3
  D:00C0H         PUBLIC        P4
  X:0000H         SYMBOL        usart_ringbuf
  D:00C8H         PUBLIC        P5
  D:00E8H         PUBLIC        P6
  D:00F8H         PUBLIC        P7
  C:3F88H         PUBLIC        UsartRxTaskInit
  X:0064H         SYMBOL        msg_pkt_usart
  C:3FC2H         PUBLIC        UsartTxTaskInit
  D:00A8H         PUBLIC        IE
  C:4FEBH         SYMBOL        _RingBuffer_GetSize
  C:3435H         PUBLIC        _usart_tx_start
  C:3AB8H         SYMBOL        _AppUsartRxTask
  C:3B7AH         SYMBOL        _AppUsartTxTask
  D:00B8H         PUBLIC        IP
  X:0076H         SYMBOL        usart_rx_buf
  X:00DAH         SYMBOL        usart_tx_buf
  C:4C08H         SYMBOL        _RingBuffer_IsEmpty
  C:3F4EH         SYMBOL        _RingBuffer_IsFull
  D:00D8H         PUBLIC        CCON
  C:361CH         SYMBOL        UsartInit
  X:013EH         PUBLIC        usart
  D:0098H         PUBLIC        SCON
  X:0165H         PUBLIC        AppUsartRxStk
  D:0088H         PUBLIC        TCON
  X:01C9H         PUBLIC        AppUsartTxStk
  D:00F0H         PUBLIC        B
  D:00E0H         PUBLIC        ACC
  C:4E23H         SYMBOL        _RingBuffer_Flush
  C:3D6FH         SYMBOL        _UsartCmdParsePkt
  D:00ACH         PUBLIC        S3CON
  C:4533H         SYMBOL        _RingBuffer_GetFree
  C:1E0AH         SYMBOL        _message_rx_handler
BL51 BANKED LINKER/LOCATER V6.22                                                      03/30/2019  14:17:51  PAGE 19


  C:17E8H         SYMBOL        _message_tx_handler
  D:00D0H         PUBLIC        PSW
  -------         PROC          _RINGBUFFER_FLUSH
  D:0001H         SYMBOL        RingBuff
  C:4E23H         LINE#         83
  C:4E23H         LINE#         84
  C:4E23H         LINE#         85
  C:4E37H         LINE#         86
  -------         ENDPROC       _RINGBUFFER_FLUSH
  -------         PROC          _RINGBUFFER_GETSIZE
  D:0001H         SYMBOL        RingBuff
  C:4FEBH         LINE#         93
  C:4FEBH         LINE#         94
  C:4FEBH         LINE#         95
  C:4FF4H         LINE#         96
  -------         ENDPROC       _RINGBUFFER_GETSIZE
  -------         PROC          L?0073
  -------         ENDPROC       L?0073
  -------         PROC          _RINGBUFFER_GETCOUNT
  D:0001H         SYMBOL        RingBuff
  C:48CEH         LINE#         103
  C:48CEH         LINE#         104
  C:48CEH         LINE#         105
  C:48EDH         LINE#         106
  -------         ENDPROC       _RINGBUFFER_GETCOUNT
  -------         PROC          _RINGBUFFER_GETFREE
  X:0715H         SYMBOL        RingBuff
  C:4533H         LINE#         113
  C:453EH         LINE#         114
  C:453EH         LINE#         115
  C:455CH         LINE#         116
  -------         ENDPROC       _RINGBUFFER_GETFREE
  -------         PROC          _RINGBUFFER_ISFULL
  X:0718H         SYMBOL        RingBuff
  C:3F4EH         LINE#         123
  C:3F59H         LINE#         124
  C:3F59H         LINE#         125
  C:3F87H         LINE#         126
  -------         ENDPROC       _RINGBUFFER_ISFULL
  -------         PROC          _RINGBUFFER_ISEMPTY
  D:0001H         SYMBOL        RingBuff
  C:4C08H         LINE#         133
  C:4C08H         LINE#         134
  C:4C08H         LINE#         135
  C:4C23H         LINE#         136
  -------         ENDPROC       _RINGBUFFER_ISEMPTY
  -------         PROC          _MESSAGE_RX_HANDLER
  X:06C7H         SYMBOL        pUsart
  D:0005H         SYMBOL        rx_dat
  -------         DO            
  D:0007H         SYMBOL        ret
  -------         ENDDO         
  C:1E0AH         LINE#         76
  C:1E15H         LINE#         77
  C:1E15H         LINE#         78
  C:1E17H         LINE#         80
  C:1E3DH         LINE#         81
BL51 BANKED LINKER/LOCATER V6.22                                                      03/30/2019  14:17:51  PAGE 20


  C:1E3DH         LINE#         82
  C:1E45H         LINE#         83
  C:1E58H         LINE#         84
  C:1E5FH         LINE#         85
  C:1E66H         LINE#         86
  C:1E69H         LINE#         87
  C:1E69H         LINE#         88
  C:1E6CH         LINE#         89
  C:1E6CH         LINE#         90
  C:1E72H         LINE#         91
  C:1E82H         LINE#         92
  C:1E89H         LINE#         93
  C:1E8CH         LINE#         94
  C:1E97H         LINE#         95
  C:1E97H         LINE#         96
  C:1E9AH         LINE#         97
  C:1E9AH         LINE#         98
  C:1EACH         LINE#         99
  C:1EB3H         LINE#         100
  C:1EB8H         LINE#         101
  C:1EBBH         LINE#         102
  C:1EBBH         LINE#         103
  C:1ECDH         LINE#         104
  C:1ED8H         LINE#         105
  C:1EE5H         LINE#         107
  C:1EE8H         LINE#         108
  C:1EF7H         LINE#         109
  C:1EFCH         LINE#         110
  C:1EFCH         LINE#         111
  C:1EFFH         LINE#         112
  C:1EFFH         LINE#         113
  C:1F1BH         LINE#         114
  C:1F4FH         LINE#         115
  C:1F4FH         LINE#         116
  C:1F61H         LINE#         117
  C:1F72H         LINE#         118
  C:1F82H         LINE#         119
  C:1F82H         LINE#         120
  C:1F84H         LINE#         121
  C:1F84H         LINE#         122
  C:1F98H         LINE#         124
  C:1F9AH         LINE#         125
  C:1FA1H         LINE#         126
  C:1FA3H         LINE#         127
  C:1FAAH         LINE#         128
  C:1FB2H         LINE#         129
  C:1FB2H         LINE#         130
  C:1FB4H         LINE#         131
  C:1FB4H         LINE#         132
  C:1FC6H         LINE#         133
  C:1FD1H         LINE#         134
  C:1FD1H         LINE#         135
  C:1FD1H         LINE#         136
  C:1FD1H         LINE#         137
  -------         ENDPROC       _MESSAGE_RX_HANDLER
  -------         PROC          _MESSAGE_TX_HANDLER
  X:06C8H         SYMBOL        pUsart
BL51 BANKED LINKER/LOCATER V6.22                                                      03/30/2019  14:17:51  PAGE 21


  -------         DO            
  X:06CBH         SYMBOL        tx_dat
  -------         ENDDO         
  C:17E8H         LINE#         139
  C:17F3H         LINE#         140
  C:17F3H         LINE#         143
  C:1826H         LINE#         144
  C:1826H         LINE#         146
  C:183AH         LINE#         147
  C:184DH         LINE#         148
  C:1854H         LINE#         149
  C:1859H         LINE#         156
  C:185CH         LINE#         157
  C:185CH         LINE#         158
  C:1870H         LINE#         160
  C:1880H         LINE#         161
  C:1880H         LINE#         163
  C:1883H         LINE#         164
  C:1883H         LINE#         165
  C:189CH         LINE#         166
  C:18AFH         LINE#         167
  C:18B2H         LINE#         168
  C:18B4H         LINE#         169
  C:18B4H         LINE#         170
  C:18CDH         LINE#         171
  C:18E0H         LINE#         172
  C:18ECH         LINE#         173
  C:18ECH         LINE#         174
  C:18ECH         LINE#         175
  C:1905H         LINE#         176
  C:193BH         LINE#         177
  C:194DH         LINE#         178
  C:1964H         LINE#         179
  C:196CH         LINE#         180
  C:1980H         LINE#         181
  C:1993H         LINE#         182
  C:1997H         LINE#         183
  C:1997H         LINE#         184
  C:1997H         LINE#         185
  C:1999H         LINE#         186
  C:1999H         LINE#         187
  C:19B2H         LINE#         188
  C:19C5H         LINE#         189
  C:19C5H         LINE#         190
  C:19C5H         LINE#         191
  C:19C8H         LINE#         192
  C:19DAH         LINE#         193
  C:19E3H         LINE#         194
  C:19E3H         LINE#         195
  C:19E3H         LINE#         196
  C:19F5H         LINE#         197
  C:19FEH         LINE#         199
  C:19FEH         LINE#         200
  C:19FEH         LINE#         201
  -------         ENDPROC       _MESSAGE_TX_HANDLER
  -------         PROC          _USART_TX_START
  X:06C8H         SYMBOL        pUsart
BL51 BANKED LINKER/LOCATER V6.22                                                      03/30/2019  14:17:51  PAGE 22


  X:06CBH         SYMBOL        pmsg
  -------         DO            
  X:06CEH         SYMBOL        len
  -------         ENDDO         
  C:3435H         LINE#         203
  C:3440H         LINE#         204
  C:3440H         LINE#         207
  C:3449H         LINE#         208
  C:346FH         LINE#         209
  C:348BH         LINE#         210
  C:348EH         LINE#         211
  C:34BFH         LINE#         212
  C:34BFH         LINE#         213
  C:34D7H         LINE#         214
  C:34DAH         LINE#         215
  -------         ENDPROC       _USART_TX_START
  -------         PROC          _USARTCMDPARSEPKT
  D:0001H         SYMBOL        pUsart
  -------         DO            
  D:0007H         SYMBOL        cmd
  -------         ENDDO         
  C:3D6FH         LINE#         255
  C:3D6FH         LINE#         256
  C:3D6FH         LINE#         259
  C:3D74H         LINE#         260
  C:3D78H         LINE#         262
  C:3D7FH         LINE#         263
  C:3D89H         LINE#         264
  C:3D8EH         LINE#         265
  C:3D92H         LINE#         266
  C:3D94H         LINE#         267
  C:3D9DH         LINE#         269
  C:3D9DH         LINE#         270
  C:3DAEH         LINE#         271
  -------         ENDPROC       _USARTCMDPARSEPKT
  -------         PROC          USARTRXTASKINIT
  -------         DO            
  X:06C4H         SYMBOL        err
  -------         ENDDO         
  C:3F88H         LINE#         276
  C:3F88H         LINE#         277
  C:3F88H         LINE#         283
  -------         ENDPROC       USARTRXTASKINIT
  -------         PROC          USARTTXTASKINIT
  C:3FC2H         LINE#         289
  C:3FC2H         LINE#         290
  C:3FC2H         LINE#         296
  -------         ENDPROC       USARTTXTASKINIT
  -------         PROC          USARTINIT
  C:361CH         LINE#         302
  C:361CH         LINE#         303
  C:361CH         LINE#         304
  C:3622H         LINE#         305
  C:3634H         LINE#         306
  C:3646H         LINE#         307
  C:365AH         LINE#         308
  C:365DH         LINE#         309
BL51 BANKED LINKER/LOCATER V6.22                                                      03/30/2019  14:17:51  PAGE 23


  C:365FH         LINE#         310
  C:3661H         LINE#         311
  C:3665H         LINE#         312
  C:3669H         LINE#         313
  C:366CH         LINE#         314
  C:3670H         LINE#         315
  C:367BH         LINE#         317
  C:3680H         LINE#         318
  C:3682H         LINE#         319
  C:3684H         LINE#         320
  C:368AH         LINE#         321
  C:368DH         LINE#         322
  C:3691H         LINE#         323
  C:369CH         LINE#         325
  C:36A8H         LINE#         326
  -------         ENDPROC       USARTINIT
  -------         PROC          _APPUSARTRXTASK
  X:06C5H         SYMBOL        parg
  -------         DO            
  X:06C5H         SYMBOL        err
  X:06C6H         SYMBOL        rxdat
  -------         ENDDO         
  C:3AB8H         LINE#         331
  C:3AB8H         LINE#         332
  C:3AB8H         LINE#         334
  C:3AB8H         LINE#         336
  C:3AB8H         LINE#         337
  C:3AB8H         LINE#         338
  C:3ADEH         LINE#         339
  C:3AE4H         LINE#         340
  C:3AFEH         LINE#         341
  C:3B0FH         LINE#         342
  C:3B18H         LINE#         343
  C:3B18H         LINE#         344
  C:3B18H         LINE#         345
  C:3B18H         LINE#         346
  -------         ENDPROC       _APPUSARTRXTASK
  -------         PROC          _APPUSARTTXTASK
  X:06C4H         SYMBOL        parg
  -------         DO            
  X:06C4H         SYMBOL        err
  X:06C5H         SYMBOL        msg
  -------         ENDDO         
  C:3B7AH         LINE#         352
  C:3B7AH         LINE#         353
  C:3B7AH         LINE#         356
  C:3B7AH         LINE#         358
  C:3B7DH         LINE#         360
  C:3B7DH         LINE#         361
  C:3B7DH         LINE#         362
  C:3BAEH         LINE#         363
  C:3BB4H         LINE#         364
  C:3BC2H         LINE#         365
  C:3BD6H         LINE#         366
  C:3BD6H         LINE#         367
  C:3BD6H         LINE#         368
  -------         ENDPROC       _APPUSARTTXTASK
BL51 BANKED LINKER/LOCATER V6.22                                                      03/30/2019  14:17:51  PAGE 24


  -------         ENDMOD        APP_USART

  -------         MODULE        BSP
  C:0000H         SYMBOL        _ICE_DUMMY_
  C:48F6H         PUBLIC        _RingBuffer_GetCount
  D:0080H         PUBLIC        P0
  D:0090H         PUBLIC        P1
  D:00A0H         PUBLIC        P2
  D:00B0H         PUBLIC        P3
  D:00C0H         PUBLIC        P4
  D:00C8H         PUBLIC        P5
  D:00E8H         PUBLIC        P6
  D:00F8H         PUBLIC        P7
  C:445EH         SYMBOL        _?GPIO_config
  D:00A8H         PUBLIC        IE
  C:4FF5H         SYMBOL        _RingBuffer_GetSize
  D:00B8H         PUBLIC        IP
  C:4C24H         SYMBOL        _RingBuffer_IsEmpty
  C:3FFCH         SYMBOL        _RingBuffer_IsFull
  D:00D8H         PUBLIC        CCON
  D:0098H         PUBLIC        SCON
  B:00B0H.1       PUBLIC        P31
  D:0088H         PUBLIC        TCON
  B:00B0H.7       PUBLIC        P37
  D:00F0H         PUBLIC        B
  C:50A8H         PUBLIC        _?bsp
  D:00E0H         PUBLIC        ACC
  C:4916H         PUBLIC        UART3_config
  C:4E38H         SYMBOL        _RingBuffer_Flush
  C:455DH         SYMBOL        _RingBuffer_GetFree
  D:00D0H         PUBLIC        PSW
  -------         PROC          _RINGBUFFER_FLUSH
  D:0001H         SYMBOL        RingBuff
  C:4E38H         LINE#         83
  C:4E38H         LINE#         84
  C:4E38H         LINE#         85
  C:4E4CH         LINE#         86
  -------         ENDPROC       _RINGBUFFER_FLUSH
  -------         PROC          _RINGBUFFER_GETSIZE
  D:0001H         SYMBOL        RingBuff
  C:4FF5H         LINE#         93
  C:4FF5H         LINE#         94
  C:4FF5H         LINE#         95
  C:4FFEH         LINE#         96
  -------         ENDPROC       _RINGBUFFER_GETSIZE
  -------         PROC          L?0014
  -------         ENDPROC       L?0014
  -------         PROC          _RINGBUFFER_GETCOUNT
  D:0001H         SYMBOL        RingBuff
  C:48F6H         LINE#         103
  C:48F6H         LINE#         104
  C:48F6H         LINE#         105
  C:4915H         LINE#         106
  -------         ENDPROC       _RINGBUFFER_GETCOUNT
  -------         PROC          _RINGBUFFER_GETFREE
  X:071BH         SYMBOL        RingBuff
  C:455DH         LINE#         113
BL51 BANKED LINKER/LOCATER V6.22                                                      03/30/2019  14:17:51  PAGE 25


  C:4568H         LINE#         114
  C:4568H         LINE#         115
  C:4586H         LINE#         116
  -------         ENDPROC       _RINGBUFFER_GETFREE
  -------         PROC          _RINGBUFFER_ISFULL
  X:071EH         SYMBOL        RingBuff
  C:3FFCH         LINE#         123
  C:4007H         LINE#         124
  C:4007H         LINE#         125
  C:4035H         LINE#         126
  -------         ENDPROC       _RINGBUFFER_ISFULL
  -------         PROC          _RINGBUFFER_ISEMPTY
  D:0001H         SYMBOL        RingBuff
  C:4C24H         LINE#         133
  C:4C24H         LINE#         134
  C:4C24H         LINE#         135
  C:4C3FH         LINE#         136
  -------         ENDPROC       _RINGBUFFER_ISEMPTY
  -------         PROC          _?GPIO_CONFIG
  -------         DO            
  x:0001H         SYMBOL        GPIO_InitStructure
  -------         ENDDO         
  C:445EH         LINE#         5
  C:4464H         LINE#         21
  C:446EH         LINE#         22
  C:4477H         LINE#         23
  C:4481H         LINE#         24
  C:4483H         LINE#         25
  C:4485H         LINE#         26
  -------         ENDPROC       _?GPIO_CONFIG
  -------         PROC          UART3_CONFIG
  -------         DO            
  X:06C4H         SYMBOL        COMx_InitStructure
  -------         ENDDO         
  C:4916H         LINE#         45
  C:4916H         LINE#         46
  C:4916H         LINE#         48
  C:491CH         LINE#         49
  C:4926H         LINE#         50
  C:492CH         LINE#         51
  C:4930H         LINE#         52
  C:4933H         LINE#         53
  C:4935H         LINE#         54
  -------         ENDPROC       UART3_CONFIG
  -------         PROC          _?BSP
  C:50A8H         LINE#         59
  C:50A8H         LINE#         61
  C:50ABH         LINE#         62
  -------         ENDPROC       _?BSP
  -------         ENDMOD        BSP

  -------         MODULE        GLOBALVARIABLE
  C:0000H         SYMBOL        _ICE_DUMMY_
  C:4946H         PUBLIC        _RingBuffer_GetCount
  D:0080H         PUBLIC        P0
  D:0090H         PUBLIC        P1
  D:00A0H         PUBLIC        P2
BL51 BANKED LINKER/LOCATER V6.22                                                      03/30/2019  14:17:51  PAGE 26


  D:00B0H         PUBLIC        P3
  D:00C0H         PUBLIC        P4
  D:00C8H         PUBLIC        P5
  D:00E8H         PUBLIC        P6
  D:00F8H         PUBLIC        P7
  D:00A8H         PUBLIC        IE
  C:4FFFH         SYMBOL        _RingBuffer_GetSize
  D:00B8H         PUBLIC        IP
  C:4C40H         SYMBOL        _RingBuffer_IsEmpty
  C:4036H         SYMBOL        _RingBuffer_IsFull
  D:00D8H         PUBLIC        CCON
  D:0098H         PUBLIC        SCON
  D:0088H         PUBLIC        TCON
  C:0009H         PUBLIC        _?globalvariable
  D:00F0H         PUBLIC        B
  D:00E0H         PUBLIC        ACC
  C:4E4DH         SYMBOL        _RingBuffer_Flush
  C:4587H         SYMBOL        _RingBuffer_GetFree
  D:00D0H         PUBLIC        PSW
  -------         PROC          _RINGBUFFER_FLUSH
  D:0001H         SYMBOL        RingBuff
  C:4E4DH         LINE#         83
  C:4E4DH         LINE#         84
  C:4E4DH         LINE#         85
  C:4E61H         LINE#         86
  -------         ENDPROC       _RINGBUFFER_FLUSH
  -------         PROC          _RINGBUFFER_GETSIZE
  D:0001H         SYMBOL        RingBuff
  C:4FFFH         LINE#         93
  C:4FFFH         LINE#         94
  C:4FFFH         LINE#         95
  C:5008H         LINE#         96
  -------         ENDPROC       _RINGBUFFER_GETSIZE
  -------         PROC          L?0012
  -------         ENDPROC       L?0012
  -------         PROC          _RINGBUFFER_GETCOUNT
  D:0001H         SYMBOL        RingBuff
  C:4946H         LINE#         103
  C:4946H         LINE#         104
  C:4946H         LINE#         105
  C:4965H         LINE#         106
  -------         ENDPROC       _RINGBUFFER_GETCOUNT
  -------         PROC          _RINGBUFFER_GETFREE
  X:0721H         SYMBOL        RingBuff
  C:4587H         LINE#         113
  C:4592H         LINE#         114
  C:4592H         LINE#         115
  C:45B0H         LINE#         116
  -------         ENDPROC       _RINGBUFFER_GETFREE
  -------         PROC          _RINGBUFFER_ISFULL
  X:0724H         SYMBOL        RingBuff
  C:4036H         LINE#         123
  C:4041H         LINE#         124
  C:4041H         LINE#         125
  C:406FH         LINE#         126
  -------         ENDPROC       _RINGBUFFER_ISFULL
  -------         PROC          _RINGBUFFER_ISEMPTY
BL51 BANKED LINKER/LOCATER V6.22                                                      03/30/2019  14:17:51  PAGE 27


  D:0001H         SYMBOL        RingBuff
  C:4C40H         LINE#         133
  C:4C40H         LINE#         134
  C:4C40H         LINE#         135
  C:4C5BH         LINE#         136
  -------         ENDPROC       _RINGBUFFER_ISEMPTY
  -------         PROC          _?GLOBALVARIABLE
  C:0009H         LINE#         10
  C:0009H         LINE#         13
  -------         ENDPROC       _?GLOBALVARIABLE
  -------         ENDMOD        GLOBALVARIABLE

  -------         MODULE        GPIO
  C:0000H         SYMBOL        _ICE_DUMMY_
  D:0092H         PUBLIC        P1M0
  D:0093H         PUBLIC        P0M1
  D:0096H         PUBLIC        P2M0
  D:0091H         PUBLIC        P1M1
  D:0080H         PUBLIC        P0
  C:496EH         SYMBOL        _RingBuffer_GetCount
  D:00B2H         PUBLIC        P3M0
  D:0095H         PUBLIC        P2M1
  D:0090H         PUBLIC        P1
  D:00B4H         PUBLIC        P4M0
  D:00B1H         PUBLIC        P3M1
  D:00A0H         PUBLIC        P2
  D:00CAH         PUBLIC        P5M0
  D:00B3H         PUBLIC        P4M1
  D:00B0H         PUBLIC        P3
  D:00C9H         PUBLIC        P5M1
  D:00C0H         PUBLIC        P4
  D:00C8H         PUBLIC        P5
  D:00E8H         PUBLIC        P6
  D:00F8H         PUBLIC        P7
  D:00A8H         PUBLIC        IE
  C:5009H         SYMBOL        _RingBuffer_GetSize
  D:00B8H         PUBLIC        IP
  C:1C11H         PUBLIC        _?GPIO_PWMInit
  C:4C5CH         SYMBOL        _RingBuffer_IsEmpty
  D:00D8H         PUBLIC        CCON
  C:4070H         SYMBOL        _RingBuffer_IsFull
  D:0098H         PUBLIC        SCON
  D:0088H         PUBLIC        TCON
  D:00F0H         PUBLIC        B
  D:00E0H         PUBLIC        ACC
  C:4E62H         SYMBOL        _RingBuffer_Flush
  C:19FFH         PUBLIC        _?GPIO_Inilize
  C:45B1H         SYMBOL        _RingBuffer_GetFree
  D:00D0H         PUBLIC        PSW
  D:0094H         PUBLIC        P0M0
  -------         PROC          _RINGBUFFER_FLUSH
  D:0001H         SYMBOL        RingBuff
  C:4E62H         LINE#         83
  C:4E62H         LINE#         84
  C:4E62H         LINE#         85
  C:4E76H         LINE#         86
  -------         ENDPROC       _RINGBUFFER_FLUSH
BL51 BANKED LINKER/LOCATER V6.22                                                      03/30/2019  14:17:51  PAGE 28


  -------         PROC          _RINGBUFFER_GETSIZE
  D:0001H         SYMBOL        RingBuff
  C:5009H         LINE#         93
  C:5009H         LINE#         94
  C:5009H         LINE#         95
  C:5012H         LINE#         96
  -------         ENDPROC       _RINGBUFFER_GETSIZE
  -------         PROC          L?0070
  -------         ENDPROC       L?0070
  -------         PROC          _RINGBUFFER_GETCOUNT
  D:0001H         SYMBOL        RingBuff
  C:496EH         LINE#         103
  C:496EH         LINE#         104
  C:496EH         LINE#         105
  C:498DH         LINE#         106
  -------         ENDPROC       _RINGBUFFER_GETCOUNT
  -------         PROC          _RINGBUFFER_GETFREE
  X:0727H         SYMBOL        RingBuff
  C:45B1H         LINE#         113
  C:45BCH         LINE#         114
  C:45BCH         LINE#         115
  C:45DAH         LINE#         116
  -------         ENDPROC       _RINGBUFFER_GETFREE
  -------         PROC          _RINGBUFFER_ISFULL
  X:072AH         SYMBOL        RingBuff
  C:4070H         LINE#         123
  C:407BH         LINE#         124
  C:407BH         LINE#         125
  C:40A9H         LINE#         126
  -------         ENDPROC       _RINGBUFFER_ISFULL
  -------         PROC          _RINGBUFFER_ISEMPTY
  D:0001H         SYMBOL        RingBuff
  C:4C5CH         LINE#         133
  C:4C5CH         LINE#         134
  C:4C5CH         LINE#         135
  C:4C77H         LINE#         136
  -------         ENDPROC       _RINGBUFFER_ISEMPTY
  -------         PROC          _?GPIO_INILIZE
  x:0000H         SYMBOL        GPIO
  x:0001H         SYMBOL        GPIOx
  C:19FFH         LINE#         18
  C:1A15H         LINE#         20
  C:1A27H         LINE#         21
  C:1A44H         LINE#         23
  C:1A47H         LINE#         24
  C:1A47H         LINE#         25
  C:1A55H         LINE#         26
  C:1A66H         LINE#         27
  C:1A77H         LINE#         28
  C:1A88H         LINE#         29
  C:1A88H         LINE#         30
  C:1A93H         LINE#         31
  C:1A93H         LINE#         32
  C:1AA4H         LINE#         33
  C:1AB3H         LINE#         34
  C:1AC3H         LINE#         35
  C:1AD6H         LINE#         36
BL51 BANKED LINKER/LOCATER V6.22                                                      03/30/2019  14:17:51  PAGE 29


  C:1AD6H         LINE#         37
  C:1AE2H         LINE#         38
  C:1AE2H         LINE#         39
  C:1AF3H         LINE#         40
  C:1B02H         LINE#         41
  C:1B12H         LINE#         42
  C:1B25H         LINE#         43
  C:1B25H         LINE#         44
  C:1B2AH         LINE#         45
  C:1B2AH         LINE#         46
  C:1B3BH         LINE#         47
  C:1B4AH         LINE#         48
  C:1B5AH         LINE#         49
  C:1B6DH         LINE#         50
  C:1B6DH         LINE#         51
  C:1B78H         LINE#         52
  C:1B78H         LINE#         53
  C:1B89H         LINE#         54
  C:1B98H         LINE#         55
  C:1BA8H         LINE#         56
  C:1BBBH         LINE#         57
  C:1BBBH         LINE#         58
  C:1BC6H         LINE#         59
  C:1BC6H         LINE#         60
  C:1BD7H         LINE#         61
  C:1BE6H         LINE#         62
  C:1BF6H         LINE#         63
  C:1C09H         LINE#         64
  C:1C09H         LINE#         65
  C:1C0BH         LINE#         66
  -------         ENDPROC       _?GPIO_INILIZE
  -------         PROC          _?GPIO_PWMINIT
  x:0002H         SYMBOL        GPIO_PWM
  x:0003H         SYMBOL        PuHzOdPp
  -------         DO            
  x:0001H         SYMBOL        GPIO_InitStructure
  -------         ENDDO         
  C:1C11H         LINE#         74
  C:1C27H         LINE#         78
  C:1C5BH         LINE#         79
  C:1C5BH         LINE#         80
  C:1C5BH         LINE#         81
  C:1C65H         LINE#         82
  C:1C73H         LINE#         83
  C:1C7BH         LINE#         84
  C:1C7EH         LINE#         85
  C:1C7EH         LINE#         86
  C:1C88H         LINE#         87
  C:1C96H         LINE#         88
  C:1C9EH         LINE#         89
  C:1CA1H         LINE#         90
  C:1CA1H         LINE#         91
  C:1CABH         LINE#         92
  C:1CB9H         LINE#         93
  C:1CC1H         LINE#         94
  C:1CC4H         LINE#         95
  C:1CC4H         LINE#         96
BL51 BANKED LINKER/LOCATER V6.22                                                      03/30/2019  14:17:51  PAGE 30


  C:1CCEH         LINE#         97
  C:1CDCH         LINE#         98
  C:1CE4H         LINE#         99
  C:1CE7H         LINE#         100
  C:1CE7H         LINE#         101
  C:1CF1H         LINE#         102
  C:1CFFH         LINE#         103
  C:1D07H         LINE#         104
  C:1D0AH         LINE#         105
  C:1D0AH         LINE#         106
  C:1D14H         LINE#         107
  C:1D22H         LINE#         108
  C:1D2AH         LINE#         109
  C:1D2DH         LINE#         112
  C:1D2DH         LINE#         113
  C:1D37H         LINE#         114
  C:1D45H         LINE#         115
  C:1D4DH         LINE#         116
  C:1D50H         LINE#         117
  C:1D50H         LINE#         118
  C:1D5AH         LINE#         119
  C:1D68H         LINE#         120
  C:1D70H         LINE#         121
  C:1D73H         LINE#         122
  C:1D73H         LINE#         123
  C:1D7DH         LINE#         124
  C:1D8BH         LINE#         125
  C:1D93H         LINE#         126
  C:1D95H         LINE#         127
  C:1D95H         LINE#         128
  C:1D9FH         LINE#         129
  C:1DADH         LINE#         130
  C:1DB5H         LINE#         131
  C:1DB7H         LINE#         132
  C:1DB7H         LINE#         133
  C:1DC1H         LINE#         134
  C:1DCFH         LINE#         135
  C:1DD7H         LINE#         136
  C:1DD9H         LINE#         137
  C:1DD9H         LINE#         138
  C:1DE3H         LINE#         139
  C:1DF1H         LINE#         140
  C:1DFCH         LINE#         141
  C:1DFEH         LINE#         143
  C:1DFEH         LINE#         144
  C:1E02H         LINE#         145
  C:1E02H         LINE#         146
  C:1E02H         LINE#         147
  C:1E04H         LINE#         148
  -------         ENDPROC       _?GPIO_PWMINIT
  -------         ENDMOD        GPIO

  -------         MODULE        USART
[...]
  N:0000H         SYMBOL        XDATASTART
  C:0000H         LINE#         126
  C:4F88H         LINE#         133
  C:4F8AH         LINE#         134
  C:4F8BH         LINE#         135
  C:4F8CH         LINE#         136
  C:4F8EH         LINE#         176
  C:4F91H         LINE#         177
  C:4F94H         LINE#         185
  C:4F97H         LINE#         196
  -------         ENDMOD        ?C_STARTUP

  -------         MODULE        RING_BUFFER
  C:0000H         SYMBOL        _ICE_DUMMY_
  C:4B4EH         SYMBOL        _RingBuffer_GetCount
  C:2D55H         PUBLIC        _RingBuffer_Pop
  C:508BH         SYMBOL        _RingBuffer_GetSize
  C:4DACH         SYMBOL        _RingBuffer_IsEmpty
BL51 BANKED LINKER/LOCATER V6.22                                                      03/30/2019  14:17:51  PAGE 67


  C:4328H         SYMBOL        _RingBuffer_IsFull
  C:2C66H         PUBLIC        _RingBuffer_Insert
  C:4F5EH         SYMBOL        _RingBuffer_Flush
  C:397FH         PUBLIC        _RingBuffer_Init
  C:47A9H         SYMBOL        _RingBuffer_GetFree
  -------         PROC          _RINGBUFFER_FLUSH
  D:0001H         SYMBOL        RingBuff
  C:4F5EH         LINE#         83
  C:4F5EH         LINE#         84
  C:4F5EH         LINE#         85
  C:4F72H         LINE#         86
  -------         ENDPROC       _RINGBUFFER_FLUSH
  -------         PROC          _RINGBUFFER_GETSIZE
  D:0001H         SYMBOL        RingBuff
  C:508BH         LINE#         93
  C:508BH         LINE#         94
  C:508BH         LINE#         95
  C:5094H         LINE#         96
  -------         ENDPROC       _RINGBUFFER_GETSIZE
  -------         PROC          L?0016
  -------         ENDPROC       L?0016
  -------         PROC          _RINGBUFFER_GETCOUNT
  D:0001H         SYMBOL        RingBuff
  C:4B4EH         LINE#         103
  C:4B4EH         LINE#         104
  C:4B4EH         LINE#         105
  C:4B6DH         LINE#         106
  -------         ENDPROC       _RINGBUFFER_GETCOUNT
  -------         PROC          _RINGBUFFER_GETFREE
  X:076FH         SYMBOL        RingBuff
  C:47A9H         LINE#         113
  C:47B4H         LINE#         114
  C:47B4H         LINE#         115
  C:47D2H         LINE#         116
  -------         ENDPROC       _RINGBUFFER_GETFREE
  -------         PROC          _RINGBUFFER_ISFULL
  X:06C1H         SYMBOL        RingBuff
  C:4328H         LINE#         123
  C:4333H         LINE#         124
  C:4333H         LINE#         125
  C:4361H         LINE#         126
  -------         ENDPROC       _RINGBUFFER_ISFULL
  -------         PROC          _RINGBUFFER_ISEMPTY
  D:0001H         SYMBOL        RingBuff
  C:4DACH         LINE#         133
  C:4DACH         LINE#         134
  C:4DACH         LINE#         135
  C:4DC7H         LINE#         136
  -------         ENDPROC       _RINGBUFFER_ISEMPTY
  -------         PROC          _RINGBUFFER_INIT
  X:06D1H         SYMBOL        RingBuff
  X:06D4H         SYMBOL        buffer
  X:06D7H         SYMBOL        itemSize
  X:06D9H         SYMBOL        count
  C:397FH         LINE#         55
  C:398AH         LINE#         56
  C:398AH         LINE#         57
BL51 BANKED LINKER/LOCATER V6.22                                                      03/30/2019  14:17:51  PAGE 68


  C:39A7H         LINE#         58
  C:39C3H         LINE#         59
  C:39D3H         LINE#         60
  C:39E7H         LINE#         62
  C:39EBH         LINE#         63
  -------         ENDPROC       _RINGBUFFER_INIT
  -------         PROC          _RINGBUFFER_INSERT
  X:06B8H         SYMBOL        RingBuff
  X:06BBH         SYMBOL        dat
  -------         DO            
  X:06BEH         SYMBOL        ptr
  -------         ENDDO         
  C:2C66H         LINE#         66
  C:2C71H         LINE#         67
  C:2C71H         LINE#         68
  C:2C7FH         LINE#         71
  C:2C91H         LINE#         72
  C:2C95H         LINE#         74
  C:2CFBH         LINE#         75
  C:2D2CH         LINE#         76
  C:2D50H         LINE#         78
  C:2D54H         LINE#         79
  -------         ENDPROC       _RINGBUFFER_INSERT
  -------         PROC          _RINGBUFFER_POP
  X:06C7H         SYMBOL        RingBuff
  X:06CAH         SYMBOL        dat
  -------         DO            
  X:06CDH         SYMBOL        ptr
  -------         ENDDO         
  C:2D55H         LINE#         118
  C:2D60H         LINE#         119
  C:2D60H         LINE#         120
  C:2D6EH         LINE#         123
  C:2D80H         LINE#         124
  C:2D84H         LINE#         126
  C:2DEAH         LINE#         127
  C:2E19H         LINE#         128
  C:2E3DH         LINE#         130
  C:2E41H         LINE#         131
  -------         ENDPROC       _RINGBUFFER_POP
  -------         ENDMOD        RING_BUFFER

  -------         MODULE        PROTOCOL
  C:0000H         SYMBOL        _ICE_DUMMY_
  C:4B76H         PUBLIC        _RingBuffer_GetCount
  D:0080H         PUBLIC        P0
  D:0090H         PUBLIC        P1
  D:00A0H         PUBLIC        P2
  D:00B0H         PUBLIC        P3
  D:00C0H         PUBLIC        P4
  D:00C8H         PUBLIC        P5
  D:00E8H         PUBLIC        P6
  D:00F8H         PUBLIC        P7
  D:00A8H         PUBLIC        IE
  C:5095H         SYMBOL        _RingBuffer_GetSize
  D:00B8H         PUBLIC        IP
  C:4DC8H         SYMBOL        _RingBuffer_IsEmpty
BL51 BANKED LINKER/LOCATER V6.22                                                      03/30/2019  14:17:51  PAGE 69


  C:4362H         SYMBOL        _RingBuffer_IsFull
  D:00D8H         PUBLIC        CCON
  D:0098H         PUBLIC        SCON
  D:0088H         PUBLIC        TCON
  X:06DBH         SYMBOL        data_buf
  D:00F0H         PUBLIC        B
  D:00E0H         PUBLIC        ACC
  C:4F73H         SYMBOL        _RingBuffer_Flush
  C:32E3H         PUBLIC        _protocol_process
  C:47D3H         SYMBOL        _RingBuffer_GetFree
  D:00D0H         PUBLIC        PSW
  -------         PROC          _RINGBUFFER_FLUSH
  D:0001H         SYMBOL        RingBuff
  C:4F73H         LINE#         83
  C:4F73H         LINE#         84
  C:4F73H         LINE#         85
  C:4F87H         LINE#         86
  -------         ENDPROC       _RINGBUFFER_FLUSH
  -------         PROC          _RINGBUFFER_GETSIZE
  D:0001H         SYMBOL        RingBuff
  C:5095H         LINE#         93
  C:5095H         LINE#         94
  C:5095H         LINE#         95
  C:509EH         LINE#         96
  -------         ENDPROC       _RINGBUFFER_GETSIZE
  -------         PROC          L?0017
  -------         ENDPROC       L?0017
  -------         PROC          _RINGBUFFER_GETCOUNT
  D:0001H         SYMBOL        RingBuff
  C:4B76H         LINE#         103
  C:4B76H         LINE#         104
  C:4B76H         LINE#         105
  C:4B95H         LINE#         106
  -------         ENDPROC       _RINGBUFFER_GETCOUNT
  -------         PROC          _RINGBUFFER_GETFREE
  X:0772H         SYMBOL        RingBuff
  C:47D3H         LINE#         113
  C:47DEH         LINE#         114
  C:47DEH         LINE#         115
  C:47FCH         LINE#         116
  -------         ENDPROC       _RINGBUFFER_GETFREE
  -------         PROC          _RINGBUFFER_ISFULL
  X:0775H         SYMBOL        RingBuff
  C:4362H         LINE#         123
  C:436DH         LINE#         124
  C:436DH         LINE#         125
  C:439BH         LINE#         126
  -------         ENDPROC       _RINGBUFFER_ISFULL
  -------         PROC          _RINGBUFFER_ISEMPTY
  D:0001H         SYMBOL        RingBuff
  C:4DC8H         LINE#         133
  C:4DC8H         LINE#         134
  C:4DC8H         LINE#         135
  C:4DE3H         LINE#         136
  -------         ENDPROC       _RINGBUFFER_ISEMPTY
  -------         PROC          _PROTOCOL_PROCESS
  X:06C7H         SYMBOL        pUsart
BL51 BANKED LINKER/LOCATER V6.22                                                      03/30/2019  14:17:51  PAGE 70


  X:06CAH         SYMBOL        msg
  -------         DO            
  D:0006H         SYMBOL        cmd
  D:0007H         SYMBOL        len
  -------         ENDDO         
  C:32E3H         LINE#         4
  C:32EEH         LINE#         5
  C:32EEH         LINE#         6
  C:32F0H         LINE#         8
  C:32FFH         LINE#         9
  C:3305H         LINE#         10
  C:3305H         LINE#         11
  C:3305H         LINE#         12
  C:3314H         LINE#         13
  C:3323H         LINE#         14
  C:3333H         LINE#         15
  C:3350H         LINE#         16
  C:3364H         LINE#         17
  C:338DH         LINE#         18
  C:338DH         LINE#         19
  C:338DH         LINE#         21
  C:338DH         LINE#         22
  C:338DH         LINE#         24
  C:338DH         LINE#         25
  C:338DH         LINE#         26
  C:338DH         LINE#         27
  C:338DH         LINE#         28
  -------         ENDPROC       _PROTOCOL_PROCESS
  -------         ENDMOD        PROTOCOL

  -------         MODULE        MSG
  C:0000H         SYMBOL        _ICE_DUMMY_
  C:50AEH         PUBLIC        _mutex_unlock
  C:3826H         PUBLIC        _UsartRxGetINT32U
  C:3B1AH         PUBLIC        _UsartRxGetINT16U
  C:43CFH         PUBLIC        _mutex_lock
  C:50B3H         PUBLIC        msg_init
  C:439CH         PUBLIC        _UsartRxGetINT8U
  -------         PROC          MSG_INIT
  C:50B3H         LINE#         3
  C:50B3H         LINE#         4
  C:50B3H         LINE#         9
  -------         ENDPROC       MSG_INIT
  -------         PROC          _MUTEX_LOCK
  X:06D0H         SYMBOL        lock
  -------         DO            
  X:06D3H         SYMBOL        err
  -------         ENDDO         
  C:43CFH         LINE#         11
  C:43DAH         LINE#         12
  C:43DAH         LINE#         15
  -------         ENDPROC       _MUTEX_LOCK
  -------         PROC          _MUTEX_UNLOCK
  D:0001H         SYMBOL        lock
  C:50AEH         LINE#         18
  C:50AEH         LINE#         19
  C:50AEH         LINE#         20
BL51 BANKED LINKER/LOCATER V6.22                                                      03/30/2019  14:17:51  PAGE 71


  -------         ENDPROC       _MUTEX_UNLOCK
  -------         PROC          _USARTRXGETINT8U
  X:06F7H         SYMBOL        buf
  X:06FAH         SYMBOL        idx
  C:439CH         LINE#         23
  C:43A7H         LINE#         24
  C:43A7H         LINE#         25
  C:43CEH         LINE#         26
  -------         ENDPROC       _USARTRXGETINT8U
  -------         PROC          _USARTRXGETINT16U
  X:06EFH         SYMBOL        buf
  X:06F2H         SYMBOL        idx
  -------         DO            
  X:06F5H         SYMBOL        lowbyte
  D:0006H         SYMBOL        highbyte
  -------         ENDDO         
  C:3B1AH         LINE#         28
  C:3B25H         LINE#         29
  C:3B25H         LINE#         33
  C:3B4BH         LINE#         34
  C:3B6EH         LINE#         35
  C:3B79H         LINE#         36
  -------         ENDPROC       _USARTRXGETINT16U
  -------         PROC          _USARTRXGETINT32U
  X:06E5H         SYMBOL        buf
  X:06E8H         SYMBOL        idx
  -------         DO            
  D:0004H         SYMBOL        highword
  X:06EBH         SYMBOL        lowword
  -------         ENDDO         
  C:3826H         LINE#         38
  C:3831H         LINE#         39
  C:3831H         LINE#         43
  C:3858H         LINE#         44
  C:387EH         LINE#         45
  C:389BH         LINE#         46
  -------         ENDPROC       _USARTRXGETINT32U
  -------         ENDMOD        MSG

  -------         MODULE        ?C?COPY
  C:015EH         PUBLIC        ?C?COPY
  -------         ENDMOD        ?C?COPY

  -------         MODULE        ?C?CLDPTR
  C:0184H         PUBLIC        ?C?CLDPTR
  -------         ENDMOD        ?C?CLDPTR

  -------         MODULE        ?C?CLDOPTR
  C:019DH         PUBLIC        ?C?CLDOPTR
  -------         ENDMOD        ?C?CLDOPTR

  -------         MODULE        ?C?CLDIOPTR
  C:01CAH         PUBLIC        ?C?CLDIOPTR
  -------         ENDMOD        ?C?CLDIOPTR

  -------         MODULE        ?C?CILDOPTR
  C:0201H         PUBLIC        ?C?CILDOPTR
BL51 BANKED LINKER/LOCATER V6.22                                                      03/30/2019  14:17:51  PAGE 72


  -------         ENDMOD        ?C?CILDOPTR

  -------         MODULE        ?C?CSTPTR
  C:0234H         PUBLIC        ?C?CSTPTR
  -------         ENDMOD        ?C?CSTPTR

  -------         MODULE        ?C?CSTOPTR
  C:0246H         PUBLIC        ?C?CSTOPTR
  -------         ENDMOD        ?C?CSTOPTR

  -------         MODULE        ?C?IILDX
  C:0268H         PUBLIC        ?C?IILDX
  -------         ENDMOD        ?C?IILDX

  -------         MODULE        ?C?ILDIX
  C:027EH         PUBLIC        ?C?ILDIX
  -------         ENDMOD        ?C?ILDIX

  -------         MODULE        ?C?ILDOPTR
  C:0294H         PUBLIC        ?C?ILDOPTR
  -------         ENDMOD        ?C?ILDOPTR

  -------         MODULE        ?C?IILDOPTR
  C:02CCH         PUBLIC        ?C?IILDOPTR
  -------         ENDMOD        ?C?IILDOPTR

  -------         MODULE        ?C?ISTOPTR
  C:0319H         PUBLIC        ?C?ISTOPTR
  -------         ENDMOD        ?C?ISTOPTR

  -------         MODULE        ?C?LMUL
  C:0346H         PUBLIC        ?C?LMUL
  -------         ENDMOD        ?C?LMUL

  -------         MODULE        ?C?ULDIV
  C:03D1H         PUBLIC        ?C?ULDIV
  -------         ENDMOD        ?C?ULDIV

  -------         MODULE        ?C?SLCMP
  C:0463H         PUBLIC        ?C?SLCMP
  -------         ENDMOD        ?C?SLCMP

  -------         MODULE        ?C?ULCMP
  C:0479H         PUBLIC        ?C?ULCMP
  -------         ENDMOD        ?C?ULCMP

  -------         MODULE        ?C?ULSHR
  C:048AH         PUBLIC        ?C?ULSHR
  -------         ENDMOD        ?C?ULSHR

  -------         MODULE        ?C?LSHL
  C:049DH         PUBLIC        ?C?LSHL
  -------         ENDMOD        ?C?LSHL

  -------         MODULE        ?C?LLDOPTR
  C:04B0H         PUBLIC        ?C?LLDOPTR
  -------         ENDMOD        ?C?LLDOPTR
BL51 BANKED LINKER/LOCATER V6.22                                                      03/30/2019  14:17:51  PAGE 73



  -------         MODULE        ?C?LSTOPTR
  C:04E0H         PUBLIC        ?C?LSTOPTR
  -------         ENDMOD        ?C?LSTOPTR

  -------         MODULE        ?C?LLDIPTR
  C:0504H         PUBLIC        ?C?LLDIPTR
  -------         ENDMOD        ?C?LLDIPTR

  -------         MODULE        ?C?LLDIDATA
  C:0524H         PUBLIC        ?C?LLDIDATA
  -------         ENDMOD        ?C?LLDIDATA

  -------         MODULE        ?C?LLDOPTR0
  C:0530H         PUBLIC        ?C?LLDOPTR0
  -------         ENDMOD        ?C?LLDOPTR0

  -------         MODULE        ?C?LSTIDATA
  C:0560H         PUBLIC        ?C?LSTIDATA
  -------         ENDMOD        ?C?LSTIDATA

  -------         MODULE        ?C?LSTXDATA
  C:056CH         PUBLIC        ?C?LSTXDATA
  -------         ENDMOD        ?C?LSTXDATA

  -------         MODULE        ?C?LSTKIDATA
  C:0578H         PUBLIC        ?C?LSTKIDATA
  -------         ENDMOD        ?C?LSTKIDATA

  -------         MODULE        ?C?LSTKXDATA
  C:0591H         PUBLIC        ?C?LSTKXDATA
  -------         ENDMOD        ?C?LSTKXDATA

  -------         MODULE        ?C?LSTKOPTR
  C:05C2H         PUBLIC        ?C?LSTKOPTR
  -------         ENDMOD        ?C?LSTKOPTR

  -------         MODULE        ?C?PLDPTR
  C:05E6H         PUBLIC        ?C?PLDPTR
  -------         ENDMOD        ?C?PLDPTR

  -------         MODULE        ?C?PSTPTR
  C:0606H         PUBLIC        ?C?PSTPTR
  -------         ENDMOD        ?C?PSTPTR

  -------         MODULE        ?C?PLDOPTR
  C:0655H         PUBLIC        ?C?PLDOPTR
  -------         ENDMOD        ?C?PLDOPTR

  -------         MODULE        ?C?PSTOPTR
  C:0685H         PUBLIC        ?C?PSTOPTR
  -------         ENDMOD        ?C?PSTOPTR

  -------         MODULE        ?C?CCASE
  C:06DEH         PUBLIC        ?C?CCASE
  -------         ENDMOD        ?C?CCASE

BL51 BANKED LINKER/LOCATER V6.22                                                      03/30/2019  14:17:51  PAGE 74


  -------         MODULE        ?C?ICALL
  C:0704H         PUBLIC        ?C?ICALL
  C:0708H         PUBLIC        ?C?ICALL2
  -------         ENDMOD        ?C?ICALL

  -------         MODULE        ?C_XBP
  D:0008H         PUBLIC        ?C_XBP
  -------         ENDMOD        ?C_XBP

  -------         MODULE        ?C?ADDXBP
  C:070AH         PUBLIC        ?C?ADDXBP
  -------         ENDMOD        ?C?ADDXBP

  -------         MODULE        ?C?XBPOFF
  C:072EH         PUBLIC        ?C?XBPOFF
  -------         ENDMOD        ?C?XBPOFF

  -------         MODULE        ?C?LIMUL
  C:073BH         PUBLIC        ?C?LIMUL
  -------         ENDMOD        ?C?LIMUL

  -------         MODULE        ?C?LLDXDATA
  C:0768H         PUBLIC        ?C?LLDXDATA
  -------         ENDMOD        ?C?LLDXDATA

  -------         MODULE        ?C?LLDPDATA
  C:0774H         PUBLIC        ?C?LLDPDATA
  -------         ENDMOD        ?C?LLDPDATA

  -------         MODULE        ?C?LLDCODE
  C:0780H         PUBLIC        ?C?LLDCODE
  -------         ENDMOD        ?C?LLDCODE

  -------         MODULE        ?C?LLDIDATA0
  C:0790H         PUBLIC        ?C?LLDIDATA0
  -------         ENDMOD        ?C?LLDIDATA0

  -------         MODULE        ?C?LLDXDATA0
  C:079DH         PUBLIC        ?C?LLDXDATA0
  -------         ENDMOD        ?C?LLDXDATA0

  -------         MODULE        ?C?LLDPDATA0
  C:07A9H         PUBLIC        ?C?LLDPDATA0
  -------         ENDMOD        ?C?LLDPDATA0

  -------         MODULE        ?C?LLDCODE0
  C:07B6H         PUBLIC        ?C?LLDCODE0
  -------         ENDMOD        ?C?LLDCODE0

  -------         MODULE        ?C?LLDIIDATA
  C:07CFH         PUBLIC        ?C?LLDIIDATA
  C:07C6H         PUBLIC        ?C?LLDIIDATA1
  C:07C8H         PUBLIC        ?C?LLDIIDATA8
  -------         ENDMOD        ?C?LLDIIDATA

  -------         MODULE        ?C?LLDIXDATA
  C:07EFH         PUBLIC        ?C?LLDIXDATA
BL51 BANKED LINKER/LOCATER V6.22                                                      03/30/2019  14:17:51  PAGE 75


  C:07E6H         PUBLIC        ?C?LLDIXDATA1
  C:07E8H         PUBLIC        ?C?LLDIXDATA8
  -------         ENDMOD        ?C?LLDIXDATA

  -------         MODULE        ?C?LLDIPDATA
  C:0824H         PUBLIC        ?C?LLDIPDATA
  C:081BH         PUBLIC        ?C?LLDIPDATA1
  C:081DH         PUBLIC        ?C?LLDIPDATA8
  -------         ENDMOD        ?C?LLDIPDATA

  -------         MODULE        ?C?LSTPDATA
  C:083BH         PUBLIC        ?C?LSTPDATA
  -------         ENDMOD        ?C?LSTPDATA

  -------         MODULE        ?C?LSTKPDATA
  C:0847H         PUBLIC        ?C?LSTKPDATA
  -------         ENDMOD        ?C?LSTKPDATA

  -------         MODULE        ?C?PLDIDATA
  C:0860H         PUBLIC        ?C?PLDIDATA
  -------         ENDMOD        ?C?PLDIDATA

  -------         MODULE        ?C?PSTIDATA
  C:0869H         PUBLIC        ?C?PSTIDATA
  -------         ENDMOD        ?C?PSTIDATA

  -------         MODULE        ?C?PLDXDATA
  C:0872H         PUBLIC        ?C?PLDXDATA
  -------         ENDMOD        ?C?PLDXDATA

  -------         MODULE        ?C?PSTXDATA
  C:087BH         PUBLIC        ?C?PSTXDATA
  -------         ENDMOD        ?C?PSTXDATA

  -------         MODULE        ?C?PLDPDATA
  C:0884H         PUBLIC        ?C?PLDPDATA
  -------         ENDMOD        ?C?PLDPDATA

  -------         MODULE        ?C?PSTPDATA
  C:088DH         PUBLIC        ?C?PSTPDATA
  -------         ENDMOD        ?C?PSTPDATA

  -------         MODULE        ?C?PLDCODE
  C:0896H         PUBLIC        ?C?PLDCODE
  -------         ENDMOD        ?C?PLDCODE

Program Size: data=130.0 xdata=1912 code=20660
LINK/LOCATE RUN COMPLETE.  0 WARNING(S),  0 ERROR(S)
