BL51 BANKED LINKER/LOCATER V6.22                                                        03/30/2019  20:17:18  PAGE 1


BL51 BANKED LINKER/LOCATER V6.22, INVOKED BY:
C:\KEIL_V5\C51\BIN\BL51.EXE .\OUTPUT\main.obj, .\OUTPUT\task_manage.obj, .\OUTPUT\led.obj, .\OUTPUT\app_usart.obj, .\OUT
>> PUT\bsp.obj, .\OUTPUT\globalvariable.obj, .\OUTPUT\GPIO.obj, .\OUTPUT\USART.obj, .\OUTPUT\My_OS_CORE.obj, .\OUTPUT\My
>> _OS_CPU_C.obj, .\OUTPUT\My_OS_TASK.obj, .\OUTPUT\My_OS_TIME.obj, .\OUTPUT\OS_FLAG.obj, .\OUTPUT\OS_MBOX.obj, .\OUTPUT
>> \OS_MEM.obj, .\OUTPUT\OS_MUTEX.obj, .\OUTPUT\OS_Q.obj, .\OUTPUT\OS_SEM.obj, .\OUTPUT\OS_CPU_A.obj, .\OUTPUT\STARTUP.o
>> bj, .\OUTPUT\ring_buffer.obj, .\OUTPUT\protocol.obj, .\OUTPUT\msg.obj, .\OUTPUT\tm1640.obj TO .\OUTPUT\MYJOB PRINT (.
>> \LIST\MYJOB.m51) RAMSIZE (256) DISABLEWARNING (16) CODE (0X0000-0XEFF8) XDATA (0X0000-0X0EFF)


MEMORY MODEL: LARGE


INPUT MODULES INCLUDED:
  .\OUTPUT\main.obj (MAIN)
  .\OUTPUT\task_manage.obj (TASK_MANAGE)
  .\OUTPUT\led.obj (LED)
  .\OUTPUT\app_usart.obj (APP_USART)
  .\OUTPUT\bsp.obj (BSP)
  .\OUTPUT\globalvariable.obj (GLOBALVARIABLE)
  .\OUTPUT\GPIO.obj (GPIO)
  .\OUTPUT\USART.obj (USART)
  .\OUTPUT\My_OS_CORE.obj (MY_OS_CORE)
  .\OUTPUT\My_OS_CPU_C.obj (MY_OS_CPU_C)
  .\OUTPUT\My_OS_TASK.obj (MY_OS_TASK)
  .\OUTPUT\My_OS_TIME.obj (MY_OS_TIME)
  .\OUTPUT\OS_FLAG.obj (OS_FLAG)
  .\OUTPUT\OS_MBOX.obj (OS_MBOX)
  .\OUTPUT\OS_MEM.obj (OS_MEM)
  .\OUTPUT\OS_MUTEX.obj (OS_MUTEX)
  .\OUTPUT\OS_Q.obj (OS_Q)
  .\OUTPUT\OS_SEM.obj (OS_SEM)
  .\OUTPUT\OS_CPU_A.obj (OS_CPU_A)
  .\OUTPUT\STARTUP.obj (?C_STARTUP)
  .\OUTPUT\ring_buffer.obj (RING_BUFFER)
  .\OUTPUT\protocol.obj (PROTOCOL)
  .\OUTPUT\msg.obj (MSG)
  .\OUTPUT\tm1640.obj (TM1640)
  C:\KEIL_V5\C51\LIB\C51L.LIB (?C?COPY)
  C:\KEIL_V5\C51\LIB\C51L.LIB (?C?CLDPTR)
  C:\KEIL_V5\C51\LIB\C51L.LIB (?C?CLDOPTR)
  C:\KEIL_V5\C51\LIB\C51L.LIB (?C?CLDIOPTR)
  C:\KEIL_V5\C51\LIB\C51L.LIB (?C?CILDOPTR)
  C:\KEIL_V5\C51\LIB\C51L.LIB (?C?CSTPTR)
  C:\KEIL_V5\C51\LIB\C51L.LIB (?C?CSTOPTR)
  C:\KEIL_V5\C51\LIB\C51L.LIB (?C?UIDIV)
  C:\KEIL_V5\C51\LIB\C51L.LIB (?C?IILDX)
  C:\KEIL_V5\C51\LIB\C51L.LIB (?C?ILDIX)
  C:\KEIL_V5\C51\LIB\C51L.LIB (?C?ILDOPTR)
  C:\KEIL_V5\C51\LIB\C51L.LIB (?C?IILDOPTR)
  C:\KEIL_V5\C51\LIB\C51L.LIB (?C?ISTOPTR)
  C:\KEIL_V5\C51\LIB\C51L.LIB (?C?LMUL)
  C:\KEIL_V5\C51\LIB\C51L.LIB (?C?ULDIV)
  C:\KEIL_V5\C51\LIB\C51L.LIB (?C?SLCMP)
  C:\KEIL_V5\C51\LIB\C51L.LIB (?C?ULCMP)
  C:\KEIL_V5\C51\LIB\C51L.LIB (?C?ULSHR)
  C:\KEIL_V5\C51\LIB\C51L.LIB (?C?LSHL)
  C:\KEIL_V5\C51\LIB\C51L.LIB (?C?LLDOPTR)
  C:\KEIL_V5\C51\LIB\C51L.LIB (?C?LSTOPTR)
BL51 BANKED LINKER/LOCATER V6.22                                                      03/30/2019  20:17:18  PAGE 2


  C:\KEIL_V5\C51\LIB\C51L.LIB (?C?LLDIPTR)
  C:\KEIL_V5\C51\LIB\C51L.LIB (?C?LLDIDATA)
  C:\KEIL_V5\C51\LIB\C51L.LIB (?C?LLDOPTR0)
  C:\KEIL_V5\C51\LIB\C51L.LIB (?C?LSTIDATA)
  C:\KEIL_V5\C51\LIB\C51L.LIB (?C?LSTXDATA)
  C:\KEIL_V5\C51\LIB\C51L.LIB (?C?LSTKIDATA)
  C:\KEIL_V5\C51\LIB\C51L.LIB (?C?LSTKXDATA)
  C:\KEIL_V5\C51\LIB\C51L.LIB (?C?LSTKOPTR)
  C:\KEIL_V5\C51\LIB\C51L.LIB (?C?PLDPTR)
  C:\KEIL_V5\C51\LIB\C51L.LIB (?C?PSTPTR)
  C:\KEIL_V5\C51\LIB\C51L.LIB (?C?PLDOPTR)
  C:\KEIL_V5\C51\LIB\C51L.LIB (?C?PSTOPTR)
  C:\KEIL_V5\C51\LIB\C51L.LIB (?C?CCASE)
  C:\KEIL_V5\C51\LIB\C51L.LIB (?C_XBP)
  C:\KEIL_V5\C51\LIB\C51L.LIB (?C?ADDXBP)
  C:\KEIL_V5\C51\LIB\C51L.LIB (?C?XBPOFF)
  C:\KEIL_V5\C51\LIB\C51L.LIB (?C?LIMUL)
  C:\KEIL_V5\C51\LIB\C51L.LIB (?C?MEMSET)
  C:\KEIL_V5\C51\LIB\C51L.LIB (?C?LLDXDATA)
  C:\KEIL_V5\C51\LIB\C51L.LIB (?C?LLDPDATA)
  C:\KEIL_V5\C51\LIB\C51L.LIB (?C?LLDCODE)
  C:\KEIL_V5\C51\LIB\C51L.LIB (?C?LLDIDATA0)
  C:\KEIL_V5\C51\LIB\C51L.LIB (?C?LLDXDATA0)
  C:\KEIL_V5\C51\LIB\C51L.LIB (?C?LLDPDATA0)
  C:\KEIL_V5\C51\LIB\C51L.LIB (?C?LLDCODE0)
  C:\KEIL_V5\C51\LIB\C51L.LIB (?C?LLDIIDATA)
  C:\KEIL_V5\C51\LIB\C51L.LIB (?C?LLDIXDATA)
  C:\KEIL_V5\C51\LIB\C51L.LIB (?C?LLDIPDATA)
  C:\KEIL_V5\C51\LIB\C51L.LIB (?C?LSTPDATA)
  C:\KEIL_V5\C51\LIB\C51L.LIB (?C?LSTKPDATA)
  C:\KEIL_V5\C51\LIB\C51L.LIB (?C?PLDIDATA)
  C:\KEIL_V5\C51\LIB\C51L.LIB (?C?PSTIDATA)
  C:\KEIL_V5\C51\LIB\C51L.LIB (?C?PLDXDATA)
  C:\KEIL_V5\C51\LIB\C51L.LIB (?C?PSTXDATA)
  C:\KEIL_V5\C51\LIB\C51L.LIB (?C?PLDPDATA)
  C:\KEIL_V5\C51\LIB\C51L.LIB (?C?PSTPDATA)
  C:\KEIL_V5\C51\LIB\C51L.LIB (?C?PLDCODE)


LINK MAP OF MODULE:  .\OUTPUT\MYJOB (MAIN)


            TYPE    BASE      LENGTH    RELOCATION   SEGMENT NAME
            -----------------------------------------------------

            * * * * * * *   D A T A   M E M O R Y   * * * * * * *
            REG     0000H     0008H     ABSOLUTE     "REG BANK 0"
            DATA    0008H     0002H     UNIT         ?C?LIB_DATA
            IDATA   000AH     0037H     UNIT         ?ID?MY_OS_CORE
            IDATA   0041H     0041H     UNIT         ?STACK

            * * * * * * *  X D A T A   M E M O R Y  * * * * * * *
            XDATA   0000H     0291H     UNIT         ?XD?APP_USART
            XDATA   0291H     01C0H     UNIT         ?XD?MY_OS_CORE
            XDATA   0451H     0137H     UNIT         ?XD?USART
            XDATA   0588H     0065H     UNIT         ?XD?TASK_MANAGE
            XDATA   05EDH     0065H     UNIT         ?XD?LED
BL51 BANKED LINKER/LOCATER V6.22                                                      03/30/2019  20:17:18  PAGE 3


            XDATA   0652H     0018H     UNIT         _XDATA_GROUP_
            XDATA   066AH     0010H     UNIT         ?XD?TM1640
            XDATA   067AH     000AH     UNIT         ?XD?PROTOCOL
            XDATA   0684H     000AH     UNIT         ?XD?_USARTRXGETINT32U?MSG
            XDATA   068EH     0009H     UNIT         ?XD?_RINGBUFFER_INSERT?RING_BUFFER
            XDATA   0697H     0008H     UNIT         ?XD?_USARTRXGETINT16U?MSG
            XDATA   069FH     0006H     UNIT         ?XD?_USARTRXGETINT8U?MSG
            XDATA   06A5H     0006H     UNIT         ?XD?_CONVERT_DAT?TM1640
            XDATA   06ABH     0003H     UNIT         ?XD?_RINGBUFFER_GETFREE?MAIN
            XDATA   06AEH     0003H     UNIT         ?XD?_RINGBUFFER_ISFULL?MAIN
            XDATA   06B1H     0003H     UNIT         ?XD?_RINGBUFFER_GETFREE?TASK_MANAGE
            XDATA   06B4H     0003H     UNIT         ?XD?_RINGBUFFER_ISFULL?TASK_MANAGE
            XDATA   06B7H     0003H     UNIT         ?XD?_RINGBUFFER_GETFREE?LED
            XDATA   06BAH     0003H     UNIT         ?XD?_RINGBUFFER_ISFULL?LED
            XDATA   06BDH     0003H     UNIT         ?XD?_RINGBUFFER_GETFREE?APP_USART
            XDATA   06C0H     0003H     UNIT         ?XD?_RINGBUFFER_ISFULL?APP_USART
            XDATA   06C3H     0003H     UNIT         ?XD?_RINGBUFFER_GETFREE?BSP
            XDATA   06C6H     0003H     UNIT         ?XD?_RINGBUFFER_ISFULL?BSP
            XDATA   06C9H     0003H     UNIT         ?XD?_RINGBUFFER_GETFREE?GLOBALVARIABLE
            XDATA   06CCH     0003H     UNIT         ?XD?_RINGBUFFER_ISFULL?GLOBALVARIABLE
            XDATA   06CFH     0003H     UNIT         ?XD?_RINGBUFFER_GETFREE?GPIO
            XDATA   06D2H     0003H     UNIT         ?XD?_RINGBUFFER_ISFULL?GPIO
            XDATA   06D5H     0003H     UNIT         ?XD?_RINGBUFFER_GETFREE?USART
            XDATA   06D8H     0003H     UNIT         ?XD?_RINGBUFFER_ISFULL?USART
            XDATA   06DBH     0003H     UNIT         ?XD?_RINGBUFFER_GETFREE?MY_OS_CORE
            XDATA   06DEH     0003H     UNIT         ?XD?_RINGBUFFER_ISFULL?MY_OS_CORE
            XDATA   06E1H     0003H     UNIT         ?XD?_RINGBUFFER_GETFREE?MY_OS_CPU_C
            XDATA   06E4H     0003H     UNIT         ?XD?_RINGBUFFER_ISFULL?MY_OS_CPU_C
            XDATA   06E7H     0003H     UNIT         ?XD?_RINGBUFFER_GETFREE?MY_OS_TASK
            XDATA   06EAH     0003H     UNIT         ?XD?_RINGBUFFER_ISFULL?MY_OS_TASK
            XDATA   06EDH     0003H     UNIT         ?XD?_RINGBUFFER_GETFREE?MY_OS_TIME
            XDATA   06F0H     0003H     UNIT         ?XD?_RINGBUFFER_ISFULL?MY_OS_TIME
            XDATA   06F3H     0003H     UNIT         ?XD?_RINGBUFFER_GETFREE?OS_FLAG
            XDATA   06F6H     0003H     UNIT         ?XD?_RINGBUFFER_ISFULL?OS_FLAG
            XDATA   06F9H     0003H     UNIT         ?XD?_RINGBUFFER_GETFREE?OS_MBOX
            XDATA   06FCH     0003H     UNIT         ?XD?_RINGBUFFER_ISFULL?OS_MBOX
            XDATA   06FFH     0003H     UNIT         ?XD?_RINGBUFFER_GETFREE?OS_MEM
            XDATA   0702H     0003H     UNIT         ?XD?_RINGBUFFER_ISFULL?OS_MEM
            XDATA   0705H     0003H     UNIT         ?XD?_RINGBUFFER_GETFREE?OS_MUTEX
            XDATA   0708H     0003H     UNIT         ?XD?_RINGBUFFER_ISFULL?OS_MUTEX
            XDATA   070BH     0003H     UNIT         ?XD?_RINGBUFFER_GETFREE?OS_Q
            XDATA   070EH     0003H     UNIT         ?XD?_RINGBUFFER_ISFULL?OS_Q
            XDATA   0711H     0003H     UNIT         ?XD?_RINGBUFFER_GETFREE?OS_SEM
            XDATA   0714H     0003H     UNIT         ?XD?_RINGBUFFER_ISFULL?OS_SEM
            XDATA   0717H     0003H     UNIT         ?XD?_RINGBUFFER_GETFREE?RING_BUFFER
            XDATA   071AH     0003H     UNIT         ?XD?_RINGBUFFER_ISFULL?RING_BUFFER
            XDATA   071DH     0003H     UNIT         ?XD?_RINGBUFFER_GETFREE?PROTOCOL
            XDATA   0720H     0003H     UNIT         ?XD?_RINGBUFFER_ISFULL?PROTOCOL
            XDATA   0723H     0003H     UNIT         ?XD?_RINGBUFFER_GETFREE?TM1640
            XDATA   0726H     0003H     UNIT         ?XD?_RINGBUFFER_ISFULL?TM1640
            XDATA   0729H     0002H     UNIT         ?XD?_UPDATE_DISINT?TM1640

            * * * * * * *   C O D E   M E M O R Y   * * * * * * *
            CODE    0000H     0003H     ABSOLUTE     
            CODE    0003H     0006H     UNIT         ?PR?_?TASKCREATEOTHER?TASK_MANAGE
            CODE    0009H     0001H     UNIT         ?PR?_?GLOBALVARIABLE?GLOBALVARIABLE
            CODE    000AH     0001H     UNIT         ?PR?_?OSINITHOOKBEGIN?MY_OS_CPU_C
BL51 BANKED LINKER/LOCATER V6.22                                                      03/30/2019  20:17:18  PAGE 4


            CODE    000BH     0003H     ABSOLUTE     
            CODE    000EH     0015H     UNIT         ?PR?_RINGBUFFER_FLUSH?MAIN
            CODE    0023H     0003H     ABSOLUTE     
            CODE    0026H     001CH     UNIT         ?PR?_RINGBUFFER_ISEMPTY?MAIN
            CODE    0042H     0001H     UNIT         ?PR?_?OSINITHOOKEND?MY_OS_CPU_C
            CODE    0043H     0003H     ABSOLUTE     
            CODE    0046H     0044H     UNIT         ?PR?OSTICKISR?MY_OS_CPU_C
            CODE    008AH     0001H     UNIT         ?PR?_?OSTASKSWHOOK?MY_OS_CPU_C
            CODE    008BH     0003H     ABSOLUTE     
            CODE    008EH     088FH     UNIT         ?C?LIB_CODE
            CODE    091DH     073DH     UNIT         ?PR?_?USART_CONFIGURATION?USART
            CODE    105AH     02E5H     UNIT         ?PR?_?OS_TCBINIT?MY_OS_CORE
            CODE    133FH     02C1H     UNIT         ?PR?_?OSINIT?MY_OS_CORE
            CODE    1600H     0263H     UNIT         ?PR?_?OSTASKSTKINIT?MY_OS_CPU_C
            CODE    1863H     025BH     UNIT         ?PR?_?GPIO_INILIZE?GPIO
            CODE    1ABEH     0217H     UNIT         ?PR?_MESSAGE_TX_HANDLER?APP_USART
            CODE    1CD5H     01F9H     UNIT         ?PR?_?GPIO_PWMINIT?GPIO
            CODE    1ECEH     01C8H     UNIT         ?PR?_MESSAGE_RX_HANDLER?APP_USART
            CODE    2096H     01C5H     UNIT         ?PR?_?OSTIMEDLYHMSM?MY_OS_TIME
            CODE    225BH     01AAH     UNIT         ?PR?_?OSMBOXPEND?OS_MBOX
            CODE    2405H     01A9H     UNIT         ?PR?_?OS_EVENTTASKRDY?MY_OS_CORE
            CODE    25AEH     0159H     UNIT         ?PR?_?OSTASKCREATE?MY_OS_TASK
            CODE    2707H     0159H     UNIT         ?PR?_CONVERT_DAT?TM1640
            CODE    2860H     012CH     UNIT         ?PR?_?OSSEMPEND?OS_SEM
            CODE    298CH     010DH     UNIT         ?PR?_?OSTASKSUSPEND?MY_OS_TASK
            CODE    2A99H     0108H     UNIT         ?CO?MY_OS_CORE
            CODE    2BA1H     0104H     UNIT         ?PR?_?OS_EVENTTASKWAIT?MY_OS_CORE
            CODE    2CA5H     00EFH     UNIT         ?PR?_?OSTIMETICK?MY_OS_CORE
            CODE    2D94H     00EFH     UNIT         ?PR?_?OSMBOXCREATE?OS_MBOX
            CODE    2E83H     00EFH     UNIT         ?PR?_RINGBUFFER_INSERT?RING_BUFFER
            CODE    2F72H     00EDH     UNIT         ?PR?_RINGBUFFER_POP?RING_BUFFER
            CODE    305FH     00D1H     UNIT         ?PR?_?OSTASKRESUME?MY_OS_TASK
            CODE    3130H     00CCH     UNIT         ?PR?_?OS_EVENTTO?MY_OS_CORE
            CODE    31FCH     00C1H     UNIT         ?PR?_?OSSEMCREATE?OS_SEM
            CODE    32BDH     00B6H     UNIT         ?PR?_?OSMBOXPOST?OS_MBOX
            CODE    3373H     00ABH     UNIT         ?PR?_?OSSEMPOST?OS_SEM
            CODE    341EH     00ABH     UNIT         ?PR?_PROTOCOL_PROCESS?PROTOCOL
            CODE    34C9H     00A7H     UNIT         ?PR?UART2_INT?USART
            CODE    3570H     00A6H     UNIT         ?PR?_USART_TX_START?APP_USART
            CODE    3616H     00A1H     UNIT         ?PR?UART1_INT?USART
            CODE    36B7H     00A1H     UNIT         ?PR?UART3_INT?USART
            CODE    3758H     008DH     UNIT         ?PR?USARTINIT?APP_USART
            CODE    37E5H     0083H     UNIT         ?PR?_?OSTIMEDLY?MY_OS_TIME
            CODE    3868H     0080H     UNIT         ?PR?_?OS_SCHED?MY_OS_CORE
            CODE    38E8H     007AH     UNIT         ?PR?_?OSINTEXIT?MY_OS_CORE
            CODE    3962H     0076H     UNIT         ?PR?_USARTRXGETINT32U?MSG
            CODE    39D8H     0072H     UNIT         ?PR?_?OS_EVENTWAITLISTINIT?MY_OS_CORE
            CODE    3A4AH     0071H     UNIT         ?PR?_?OSSTART?MY_OS_CORE
            CODE    3ABBH     006DH     UNIT         ?PR?_RINGBUFFER_INIT?RING_BUFFER
            CODE    3B28H     006BH     UNIT         ?PR?_?TASKSTART?TASK_MANAGE
            CODE    3B93H     0066H     UNIT         ?PR?OSCTXSW?OS_CPU_A
            CODE    3BF9H     0062H     UNIT         ?PR?_APPUSARTRXTASK?APP_USART
            CODE    3C5BH     0060H     UNIT         ?PR?_USARTRXGETINT16U?MSG
            CODE    3CBBH     005EH     UNIT         ?PR?_APPUSARTTXTASK?APP_USART
            CODE    3D19H     005EH     UNIT         ?PR?_?OSSEMACCEPT?OS_SEM
            CODE    3D77H     005BH     UNIT         ?PR?_?TASKLED?LED
            CODE    3DD2H     005BH     UNIT         ?PR?_UPDATE_DISSTRING?TM1640
BL51 BANKED LINKER/LOCATER V6.22                                                      03/30/2019  20:17:18  PAGE 5


            CODE    3E2DH     0052H     UNIT         ?PR?OSSTARTHIGHRDY?OS_CPU_A
            CODE    3E7FH     004FH     UNIT         ?PR?_?GPIO_CONFIG?BSP
            CODE    3ECEH     0049H     UNIT         ?PR?_?OS_TASKIDLE?MY_OS_CORE
            CODE    3F17H     0043H     UNIT         ?PR?MAIN?MAIN
            CODE    3F5AH     0041H     UNIT         ?PR?_SEND_DATA?TM1640
            CODE    3F9BH     0040H     UNIT         ?PR?_USARTCMDPARSEPKT?APP_USART
            CODE    3FDBH     003DH     UNIT         ?PR?_?TX3_WRITE2BUFF?USART
            CODE    4018H     003BH     UNIT         ?PR?_?PRINTSTRING?USART
            CODE    4053H     003AH     UNIT         ?PR?_RINGBUFFER_ISFULL?MAIN
            CODE    408DH     003AH     UNIT         ?PR?_RINGBUFFER_ISFULL?TASK_MANAGE
            CODE    40C7H     003AH     UNIT         ?PR?_RINGBUFFER_ISFULL?LED
            CODE    4101H     003AH     UNIT         ?PR?_RINGBUFFER_ISFULL?APP_USART
            CODE    413BH     003AH     UNIT         ?PR?USARTRXTASKINIT?APP_USART
            CODE    4175H     003AH     UNIT         ?PR?USARTTXTASKINIT?APP_USART
            CODE    41AFH     003AH     UNIT         ?PR?_RINGBUFFER_ISFULL?BSP
            CODE    41E9H     003AH     UNIT         ?PR?_RINGBUFFER_ISFULL?GLOBALVARIABLE
            CODE    4223H     003AH     UNIT         ?PR?_RINGBUFFER_ISFULL?GPIO
            CODE    425DH     003AH     UNIT         ?PR?_RINGBUFFER_ISFULL?USART
            CODE    4297H     003AH     UNIT         ?PR?_RINGBUFFER_ISFULL?MY_OS_CORE
            CODE    42D1H     003AH     UNIT         ?PR?_RINGBUFFER_ISFULL?MY_OS_CPU_C
            CODE    430BH     003AH     UNIT         ?PR?_RINGBUFFER_ISFULL?MY_OS_TASK
            CODE    4345H     003AH     UNIT         ?PR?_RINGBUFFER_ISFULL?MY_OS_TIME
            CODE    437FH     003AH     UNIT         ?PR?_RINGBUFFER_ISFULL?OS_FLAG
            CODE    43B9H     003AH     UNIT         ?PR?_RINGBUFFER_ISFULL?OS_MBOX
            CODE    43F3H     003AH     UNIT         ?PR?_RINGBUFFER_ISFULL?OS_MEM
            CODE    442DH     003AH     UNIT         ?PR?_RINGBUFFER_ISFULL?OS_MUTEX
            CODE    4467H     003AH     UNIT         ?PR?_RINGBUFFER_ISFULL?OS_Q
            CODE    44A1H     003AH     UNIT         ?PR?_RINGBUFFER_ISFULL?OS_SEM
            CODE    44DBH     003AH     UNIT         ?PR?_RINGBUFFER_ISFULL?RING_BUFFER
            CODE    4515H     003AH     UNIT         ?PR?_RINGBUFFER_ISFULL?PROTOCOL
            CODE    454FH     003AH     UNIT         ?PR?_RINGBUFFER_ISFULL?TM1640
            CODE    4589H     0036H     UNIT         ?PR?UPDATE_DISPLAY?TM1640
            CODE    45BFH     0033H     UNIT         ?PR?_USARTRXGETINT8U?MSG
            CODE    45F2H     0031H     UNIT         ?PR?_MUTEX_LOCK?MSG
            CODE    4623H     002FH     UNIT         ?PR?_?OSTASKCREATEHOOK?MY_OS_CPU_C
            CODE    4652H     002FH     UNIT         ?PR?_?OSTCBINITHOOK?MY_OS_CPU_C
            CODE    4681H     002BH     UNIT         ?PR?_UPDATE_DISINT?TM1640
            CODE    46ACH     002AH     UNIT         ?PR?_RINGBUFFER_GETFREE?MAIN
            CODE    46D6H     002AH     UNIT         ?PR?_RINGBUFFER_GETFREE?TASK_MANAGE
            CODE    4700H     002AH     UNIT         ?PR?_RINGBUFFER_GETFREE?LED
            CODE    472AH     002AH     UNIT         ?PR?_RINGBUFFER_GETFREE?APP_USART
            CODE    4754H     002AH     UNIT         ?PR?_RINGBUFFER_GETFREE?BSP
            CODE    477EH     002AH     UNIT         ?PR?_RINGBUFFER_GETFREE?GLOBALVARIABLE
            CODE    47A8H     002AH     UNIT         ?PR?_RINGBUFFER_GETFREE?GPIO
            CODE    47D2H     002AH     UNIT         ?PR?_RINGBUFFER_GETFREE?USART
            CODE    47FCH     002AH     UNIT         ?PR?_RINGBUFFER_GETFREE?MY_OS_CORE
            CODE    4826H     002AH     UNIT         ?PR?_RINGBUFFER_GETFREE?MY_OS_CPU_C
            CODE    4850H     002AH     UNIT         ?PR?_RINGBUFFER_GETFREE?MY_OS_TASK
            CODE    487AH     002AH     UNIT         ?PR?_RINGBUFFER_GETFREE?MY_OS_TIME
            CODE    48A4H     002AH     UNIT         ?PR?_RINGBUFFER_GETFREE?OS_FLAG
            CODE    48CEH     002AH     UNIT         ?PR?_RINGBUFFER_GETFREE?OS_MBOX
            CODE    48F8H     002AH     UNIT         ?PR?_RINGBUFFER_GETFREE?OS_MEM
            CODE    4922H     002AH     UNIT         ?PR?_RINGBUFFER_GETFREE?OS_MUTEX
            CODE    494CH     002AH     UNIT         ?PR?_RINGBUFFER_GETFREE?OS_Q
            CODE    4976H     002AH     UNIT         ?PR?_RINGBUFFER_GETFREE?OS_SEM
            CODE    49A0H     002AH     UNIT         ?PR?_RINGBUFFER_GETFREE?RING_BUFFER
            CODE    49CAH     002AH     UNIT         ?PR?_RINGBUFFER_GETFREE?PROTOCOL
BL51 BANKED LINKER/LOCATER V6.22                                                      03/30/2019  20:17:18  PAGE 6


            CODE    49F4H     002AH     UNIT         ?PR?_RINGBUFFER_GETFREE?TM1640
            CODE    4A1EH     002AH     UNIT         ?PR?START?TM1640
            CODE    4A48H     0029H     UNIT         ?PR?_UART3_INIT?USART
            CODE    4A71H     0028H     UNIT         ?PR?_RINGBUFFER_GETCOUNT?MAIN
            CODE    4A99H     0028H     UNIT         ?PR?_RINGBUFFER_GETCOUNT?TASK_MANAGE
            CODE    4AC1H     0028H     UNIT         ?PR?_RINGBUFFER_GETCOUNT?LED
            CODE    4AE9H     0028H     UNIT         ?PR?_RINGBUFFER_GETCOUNT?APP_USART
            CODE    4B11H     0028H     UNIT         ?PR?_RINGBUFFER_GETCOUNT?BSP
            CODE    4B39H     0028H     UNIT         ?PR?UART3_CONFIG?BSP
            CODE    4B61H     0028H     UNIT         ?PR?_RINGBUFFER_GETCOUNT?GLOBALVARIABLE
            CODE    4B89H     0028H     UNIT         ?PR?_RINGBUFFER_GETCOUNT?GPIO
            CODE    4BB1H     0028H     UNIT         ?PR?_RINGBUFFER_GETCOUNT?USART
            CODE    4BD9H     0028H     UNIT         ?PR?_RINGBUFFER_GETCOUNT?MY_OS_CORE
            CODE    4C01H     0028H     UNIT         ?PR?_RINGBUFFER_GETCOUNT?MY_OS_CPU_C
            CODE    4C29H     0028H     UNIT         ?PR?_RINGBUFFER_GETCOUNT?MY_OS_TASK
            CODE    4C51H     0028H     UNIT         ?PR?_RINGBUFFER_GETCOUNT?MY_OS_TIME
            CODE    4C79H     0028H     UNIT         ?PR?_RINGBUFFER_GETCOUNT?OS_FLAG
            CODE    4CA1H     0028H     UNIT         ?PR?_RINGBUFFER_GETCOUNT?OS_MBOX
            CODE    4CC9H     0028H     UNIT         ?PR?_RINGBUFFER_GETCOUNT?OS_MEM
            CODE    4CF1H     0028H     UNIT         ?PR?_RINGBUFFER_GETCOUNT?OS_MUTEX
            CODE    4D19H     0028H     UNIT         ?PR?_RINGBUFFER_GETCOUNT?OS_Q
            CODE    4D41H     0028H     UNIT         ?PR?_RINGBUFFER_GETCOUNT?OS_SEM
            CODE    4D69H     0028H     UNIT         ?PR?_RINGBUFFER_GETCOUNT?RING_BUFFER
            CODE    4D91H     0028H     UNIT         ?PR?_RINGBUFFER_GETCOUNT?PROTOCOL
            CODE    4DB9H     0028H     UNIT         ?PR?_RINGBUFFER_GETCOUNT?TM1640
            CODE    4DE1H     0024H     UNIT         ?PR?_DELAY_US?MSG
            CODE    4E05H     0021H     UNIT         ?PR?INIT_DISPLAY?TM1640
            CODE    4E26H     001EH     UNIT         ?PR?_USART_SENDBYTE?USART
            CODE    4E44H     001CH     UNIT         ?PR?_RINGBUFFER_ISEMPTY?TASK_MANAGE
            CODE    4E60H     001CH     UNIT         ?PR?_RINGBUFFER_ISEMPTY?LED
            CODE    4E7CH     001CH     UNIT         ?PR?_RINGBUFFER_ISEMPTY?APP_USART
            CODE    4E98H     001CH     UNIT         ?PR?_RINGBUFFER_ISEMPTY?BSP
            CODE    4EB4H     001CH     UNIT         ?PR?_RINGBUFFER_ISEMPTY?GLOBALVARIABLE
            CODE    4ED0H     001CH     UNIT         ?PR?_RINGBUFFER_ISEMPTY?GPIO
            CODE    4EECH     001CH     UNIT         ?PR?_RINGBUFFER_ISEMPTY?USART
            CODE    4F08H     001CH     UNIT         ?PR?_RINGBUFFER_ISEMPTY?MY_OS_CORE
            CODE    4F24H     001CH     UNIT         ?PR?_RINGBUFFER_ISEMPTY?MY_OS_CPU_C
            CODE    4F40H     001CH     UNIT         ?PR?_RINGBUFFER_ISEMPTY?MY_OS_TASK
            CODE    4F5CH     001CH     UNIT         ?PR?_RINGBUFFER_ISEMPTY?MY_OS_TIME
            CODE    4F78H     001CH     UNIT         ?PR?_RINGBUFFER_ISEMPTY?OS_FLAG
            CODE    4F94H     001CH     UNIT         ?PR?_RINGBUFFER_ISEMPTY?OS_MBOX
            CODE    4FB0H     001CH     UNIT         ?PR?_RINGBUFFER_ISEMPTY?OS_MEM
            CODE    4FCCH     001CH     UNIT         ?PR?_RINGBUFFER_ISEMPTY?OS_MUTEX
            CODE    4FE8H     001CH     UNIT         ?PR?_RINGBUFFER_ISEMPTY?OS_Q
            CODE    5004H     001CH     UNIT         ?PR?_RINGBUFFER_ISEMPTY?OS_SEM
            CODE    5020H     001CH     UNIT         ?PR?_RINGBUFFER_ISEMPTY?RING_BUFFER
            CODE    503CH     001CH     UNIT         ?PR?_RINGBUFFER_ISEMPTY?PROTOCOL
            CODE    5058H     001CH     UNIT         ?PR?_RINGBUFFER_ISEMPTY?TM1640
            CODE    5074H     0018H     UNIT         ?CO?TM1640
            CODE    508CH     0015H     UNIT         ?PR?_RINGBUFFER_FLUSH?TASK_MANAGE
            CODE    50A1H     0015H     UNIT         ?PR?_RINGBUFFER_FLUSH?LED
            CODE    50B6H     0015H     UNIT         ?PR?_RINGBUFFER_FLUSH?APP_USART
            CODE    50CBH     0015H     UNIT         ?PR?_RINGBUFFER_FLUSH?BSP
            CODE    50E0H     0015H     UNIT         ?PR?_RINGBUFFER_FLUSH?GLOBALVARIABLE
            CODE    50F5H     0015H     UNIT         ?PR?_RINGBUFFER_FLUSH?GPIO
            CODE    510AH     0015H     UNIT         ?PR?_RINGBUFFER_FLUSH?USART
            CODE    511FH     0015H     UNIT         ?PR?_RINGBUFFER_FLUSH?MY_OS_CORE
BL51 BANKED LINKER/LOCATER V6.22                                                      03/30/2019  20:17:18  PAGE 7


            CODE    5134H     0015H     UNIT         ?PR?_RINGBUFFER_FLUSH?MY_OS_CPU_C
            CODE    5149H     0015H     UNIT         ?PR?_RINGBUFFER_FLUSH?MY_OS_TASK
            CODE    515EH     0015H     UNIT         ?PR?_RINGBUFFER_FLUSH?MY_OS_TIME
            CODE    5173H     0015H     UNIT         ?PR?_RINGBUFFER_FLUSH?OS_FLAG
            CODE    5188H     0015H     UNIT         ?PR?_RINGBUFFER_FLUSH?OS_MBOX
            CODE    519DH     0015H     UNIT         ?PR?_RINGBUFFER_FLUSH?OS_MEM
            CODE    51B2H     0015H     UNIT         ?PR?_RINGBUFFER_FLUSH?OS_MUTEX
            CODE    51C7H     0015H     UNIT         ?PR?_RINGBUFFER_FLUSH?OS_Q
            CODE    51DCH     0015H     UNIT         ?PR?_RINGBUFFER_FLUSH?OS_SEM
            CODE    51F1H     0015H     UNIT         ?PR?_RINGBUFFER_FLUSH?RING_BUFFER
            CODE    5206H     0015H     UNIT         ?PR?_RINGBUFFER_FLUSH?PROTOCOL
            CODE    521BH     0015H     UNIT         ?PR?_RINGBUFFER_FLUSH?TM1640
            CODE    5230H     0012H     UNIT         ?C_C51STARTUP
            CODE    5242H     000FH     UNIT         ?PR?_?SYSTICKINITOFTMER0?MY_OS_CPU_C
            CODE    5251H     000EH     UNIT         ?PR?_?OSINTENTER?MY_OS_CORE
            CODE    525FH     000AH     UNIT         ?PR?_RINGBUFFER_GETSIZE?MAIN
            CODE    5269H     000AH     UNIT         ?PR?_RINGBUFFER_GETSIZE?TASK_MANAGE
            CODE    5273H     000AH     UNIT         ?CO?TASK_MANAGE
            CODE    527DH     000AH     UNIT         ?PR?_RINGBUFFER_GETSIZE?LED
            CODE    5287H     000AH     UNIT         ?PR?_RINGBUFFER_GETSIZE?APP_USART
            CODE    5291H     000AH     UNIT         ?PR?_RINGBUFFER_GETSIZE?BSP
            CODE    529BH     000AH     UNIT         ?PR?_RINGBUFFER_GETSIZE?GLOBALVARIABLE
            CODE    52A5H     000AH     UNIT         ?PR?_RINGBUFFER_GETSIZE?GPIO
            CODE    52AFH     000AH     UNIT         ?PR?_RINGBUFFER_GETSIZE?USART
            CODE    52B9H     000AH     UNIT         ?PR?_RINGBUFFER_GETSIZE?MY_OS_CORE
            CODE    52C3H     000AH     UNIT         ?PR?_RINGBUFFER_GETSIZE?MY_OS_CPU_C
            CODE    52CDH     000AH     UNIT         ?PR?_RINGBUFFER_GETSIZE?MY_OS_TASK
            CODE    52D7H     000AH     UNIT         ?PR?_RINGBUFFER_GETSIZE?MY_OS_TIME
            CODE    52E1H     000AH     UNIT         ?PR?_RINGBUFFER_GETSIZE?OS_FLAG
            CODE    52EBH     000AH     UNIT         ?PR?_RINGBUFFER_GETSIZE?OS_MBOX
            CODE    52F5H     000AH     UNIT         ?PR?_RINGBUFFER_GETSIZE?OS_MEM
            CODE    52FFH     000AH     UNIT         ?PR?_RINGBUFFER_GETSIZE?OS_MUTEX
            CODE    5309H     000AH     UNIT         ?PR?_RINGBUFFER_GETSIZE?OS_Q
            CODE    5313H     000AH     UNIT         ?PR?_RINGBUFFER_GETSIZE?OS_SEM
            CODE    531DH     000AH     UNIT         ?PR?OSINTCTXSW?OS_CPU_A
            CODE    5327H     000AH     UNIT         ?PR?_RINGBUFFER_GETSIZE?RING_BUFFER
            CODE    5331H     000AH     UNIT         ?PR?_RINGBUFFER_GETSIZE?PROTOCOL
            CODE    533BH     000AH     UNIT         ?PR?_RINGBUFFER_GETSIZE?TM1640
            CODE    5345H     000AH     UNIT         ?PR?STOP?TM1640
            CODE    534FH     0009H     UNIT         ?PR?_?BSP?BSP
            CODE    5358H     0009H     UNIT         ?PR?USERTICKTIMER?MY_OS_CPU_C
            CODE    5361H     0003H     UNIT         ?PR?_MUTEX_UNLOCK?MSG
            CODE    5364H     0001H     UNIT         ?PR?_?OSTIMETICKHOOK?MY_OS_CPU_C
            CODE    5365H     0001H     UNIT         ?PR?_?OSTASKIDLEHOOK?MY_OS_CPU_C
            CODE    5366H     0001H     UNIT         ?PR?MSG_INIT?MSG



OVERLAY MAP OF MODULE:   .\OUTPUT\MYJOB (MAIN)


SEGMENT                                           XDATA_GROUP
  +--> CALLED SEGMENT                           START    LENGTH
---------------------------------------------------------------
?PR?UART1_INT?USART                             -----    -----
  +--> ?PR?_?OSINTENTER?MY_OS_CORE
  +--> ?PR?_?OSINTEXIT?MY_OS_CORE
BL51 BANKED LINKER/LOCATER V6.22                                                      03/30/2019  20:17:18  PAGE 8



?PR?_?OSINTEXIT?MY_OS_CORE                      -----    -----
  +--> ?CO?MY_OS_CORE
  +--> ?PR?OSINTCTXSW?OS_CPU_A

?PR?OSINTCTXSW?OS_CPU_A                         -----    -----
  +--> ?PR?OSCTXSW?OS_CPU_A

?PR?OSCTXSW?OS_CPU_A                            -----    -----
  +--> ?PR?_?OSTASKSWHOOK?MY_OS_CPU_C
  +--> ?PR?OSSTARTHIGHRDY?OS_CPU_A

?PR?OSSTARTHIGHRDY?OS_CPU_A                     -----    -----
  +--> ?PR?_?OSTASKSWHOOK?MY_OS_CPU_C

*** NEW ROOT ***************************************************

?PR?UART2_INT?USART                             -----    -----
  +--> ?PR?_?OSINTEXIT?MY_OS_CORE

*** NEW ROOT ***************************************************

?PR?UART3_INT?USART                             0652H    0001H
  +--> ?PR?_?OSINTEXIT?MY_OS_CORE

*** NEW ROOT ***************************************************

?PR?OSTICKISR?MY_OS_CPU_C                       -----    -----
  +--> ?PR?_?OSINTENTER?MY_OS_CORE
  +--> ?PR?USERTICKTIMER?MY_OS_CPU_C
  +--> ?PR?_?OSTIMETICK?MY_OS_CORE
  +--> ?PR?_?OSINTEXIT?MY_OS_CORE

?PR?_?OSTIMETICK?MY_OS_CORE                     -----    -----
  +--> ?PR?_?OSTIMETICKHOOK?MY_OS_CPU_C

*** NEW ROOT ***************************************************

?C_C51STARTUP                                   -----    -----
  +--> ?PR?MAIN?MAIN

?PR?MAIN?MAIN                                   -----    -----
  +--> ?PR?_?OSINIT?MY_OS_CORE
  +--> ?PR?_?SYSTICKINITOFTMER0?MY_OS_CPU_C
  +--> ?PR?_?TASKSTART?TASK_MANAGE
  +--> ?PR?_?OSTASKCREATE?MY_OS_TASK
  +--> ?PR?_?OSSTART?MY_OS_CORE

?PR?_?OSINIT?MY_OS_CORE                         -----    -----
  +--> ?PR?_?OSINITHOOKBEGIN?MY_OS_CPU_C
  +--> ?PR?_?OS_TASKIDLE?MY_OS_CORE
  +--> ?PR?_?OSTASKCREATE?MY_OS_TASK
  +--> ?PR?_?OSINITHOOKEND?MY_OS_CPU_C

?PR?_?OS_TASKIDLE?MY_OS_CORE                    -----    -----
  +--> ?PR?_?OSTASKIDLEHOOK?MY_OS_CPU_C

BL51 BANKED LINKER/LOCATER V6.22                                                      03/30/2019  20:17:18  PAGE 9


?PR?_?OSTASKCREATE?MY_OS_TASK                   -----    -----
  +--> ?PR?_?OSTASKSTKINIT?MY_OS_CPU_C
  +--> ?PR?_?OS_TCBINIT?MY_OS_CORE
  +--> ?PR?_?OS_SCHED?MY_OS_CORE

?PR?_?OS_TCBINIT?MY_OS_CORE                     -----    -----
  +--> ?CO?MY_OS_CORE
  +--> ?PR?_?OSTCBINITHOOK?MY_OS_CPU_C
  +--> ?PR?_?OSTASKCREATEHOOK?MY_OS_CPU_C

?PR?_?OS_SCHED?MY_OS_CORE                       -----    -----
  +--> ?CO?MY_OS_CORE
  +--> ?PR?OSCTXSW?OS_CPU_A

?PR?_?TASKSTART?TASK_MANAGE                     -----    -----
  +--> ?PR?_?BSP?BSP
  +--> ?PR?_?GLOBALVARIABLE?GLOBALVARIABLE
  +--> ?CO?TASK_MANAGE
  +--> ?PR?_UPDATE_DISSTRING?TM1640
  +--> ?PR?_?OSTIMEDLYHMSM?MY_OS_TIME
  +--> ?PR?_?TASKCREATEOTHER?TASK_MANAGE
  +--> ?PR?_?OSTASKSUSPEND?MY_OS_TASK

?PR?_?BSP?BSP                                   -----    -----
  +--> ?PR?_?GPIO_CONFIG?BSP
  +--> ?PR?UART3_CONFIG?BSP
  +--> ?PR?INIT_DISPLAY?TM1640

?PR?_?GPIO_CONFIG?BSP                           -----    -----
  +--> ?PR?_?GPIO_INILIZE?GPIO

?PR?UART3_CONFIG?BSP                            0653H    000DH
  +--> ?PR?_UART3_INIT?USART

?PR?_UART3_INIT?USART                           -----    -----
  +--> ?PR?_?USART_CONFIGURATION?USART
  +--> ?PR?_RINGBUFFER_INIT?RING_BUFFER

?PR?_RINGBUFFER_INIT?RING_BUFFER                0660H    000AH

?PR?INIT_DISPLAY?TM1640                         -----    -----
  +--> ?PR?START?TM1640
  +--> ?PR?_SEND_DATA?TM1640
  +--> ?PR?STOP?TM1640

?PR?START?TM1640                                -----    -----
  +--> ?PR?_DELAY_US?MSG

?PR?_DELAY_US?MSG                               0659H    0004H

?PR?_SEND_DATA?TM1640                           0657H    0002H
  +--> ?PR?_DELAY_US?MSG

?PR?_UPDATE_DISSTRING?TM1640                    0653H    0003H
  +--> ?CO?TM1640
  +--> ?PR?UPDATE_DISPLAY?TM1640

BL51 BANKED LINKER/LOCATER V6.22                                                      03/30/2019  20:17:18  PAGE 10


?PR?UPDATE_DISPLAY?TM1640                       0656H    0001H
  +--> ?PR?START?TM1640
  +--> ?PR?_SEND_DATA?TM1640
  +--> ?PR?STOP?TM1640

?PR?_?OSTIMEDLYHMSM?MY_OS_TIME                  -----    -----
  +--> ?PR?_?OSTIMEDLY?MY_OS_TIME

?PR?_?OSTIMEDLY?MY_OS_TIME                      -----    -----
  +--> ?PR?_?OS_SCHED?MY_OS_CORE

?PR?_?TASKCREATEOTHER?TASK_MANAGE               -----    -----
  +--> ?PR?USARTTXTASKINIT?APP_USART
  +--> ?PR?USARTRXTASKINIT?APP_USART

?PR?USARTTXTASKINIT?APP_USART                   -----    -----
  +--> ?PR?_APPUSARTTXTASK?APP_USART
  +--> ?PR?_?OSTASKCREATE?MY_OS_TASK

?PR?_APPUSARTTXTASK?APP_USART                   0653H    0004H
  +--> ?PR?USARTINIT?APP_USART
  +--> ?PR?_?OSMBOXPEND?OS_MBOX
  +--> ?PR?_USART_TX_START?APP_USART

?PR?USARTINIT?APP_USART                         -----    -----
  +--> ?PR?_?OSSEMCREATE?OS_SEM
  +--> ?PR?_?OSMBOXCREATE?OS_MBOX
  +--> ?PR?_MESSAGE_TX_HANDLER?APP_USART

?PR?_?OSSEMCREATE?OS_SEM                        -----    -----
  +--> ?PR?_?OS_EVENTWAITLISTINIT?MY_OS_CORE

?PR?_?OSMBOXCREATE?OS_MBOX                      -----    -----
  +--> ?PR?_?OS_EVENTWAITLISTINIT?MY_OS_CORE

?PR?_MESSAGE_TX_HANDLER?APP_USART               0657H    0004H
  +--> ?PR?_USART_SENDBYTE?USART
  +--> ?PR?_MUTEX_UNLOCK?MSG

?PR?_MUTEX_UNLOCK?MSG                           -----    -----
  +--> ?PR?_?OSSEMPOST?OS_SEM

?PR?_?OSSEMPOST?OS_SEM                          -----    -----
  +--> ?PR?_?OS_EVENTTASKRDY?MY_OS_CORE
  +--> ?PR?_?OS_SCHED?MY_OS_CORE

?PR?_?OS_EVENTTASKRDY?MY_OS_CORE                -----    -----
  +--> ?CO?MY_OS_CORE

?PR?_?OSMBOXPEND?OS_MBOX                        -----    -----
  +--> ?PR?_?OS_EVENTTASKWAIT?MY_OS_CORE
  +--> ?PR?_?OS_SCHED?MY_OS_CORE
  +--> ?PR?_?OS_EVENTTO?MY_OS_CORE

?PR?_USART_TX_START?APP_USART                   0657H    0008H
  +--> ?PR?_MUTEX_LOCK?MSG

BL51 BANKED LINKER/LOCATER V6.22                                                      03/30/2019  20:17:18  PAGE 11


?PR?_MUTEX_LOCK?MSG                             065FH    0004H
  +--> ?PR?_?OSSEMPEND?OS_SEM

?PR?_?OSSEMPEND?OS_SEM                          -----    -----
  +--> ?PR?_?OS_EVENTTASKWAIT?MY_OS_CORE
  +--> ?PR?_?OS_SCHED?MY_OS_CORE
  +--> ?PR?_?OS_EVENTTO?MY_OS_CORE

?PR?USARTRXTASKINIT?APP_USART                   0653H    0001H
  +--> ?PR?_APPUSARTRXTASK?APP_USART
  +--> ?PR?_?OSTASKCREATE?MY_OS_TASK

?PR?_APPUSARTRXTASK?APP_USART                   0654H    0002H
  +--> ?PR?_?OSSEMPEND?OS_SEM
  +--> ?PR?_RINGBUFFER_POP?RING_BUFFER
  +--> ?PR?_MESSAGE_RX_HANDLER?APP_USART
  +--> ?PR?_USARTCMDPARSEPKT?APP_USART

?PR?_RINGBUFFER_POP?RING_BUFFER                 0656H    0009H
  +--> ?PR?_RINGBUFFER_ISEMPTY?RING_BUFFER

?PR?_MESSAGE_RX_HANDLER?APP_USART               0656H    0003H

?PR?_USARTCMDPARSEPKT?APP_USART                 -----    -----
  +--> ?PR?_PROTOCOL_PROCESS?PROTOCOL

?PR?_PROTOCOL_PROCESS?PROTOCOL                  0656H    0006H
  +--> ?PR?_?OSMBOXPOST?OS_MBOX

?PR?_?OSMBOXPOST?OS_MBOX                        -----    -----
  +--> ?PR?_?OS_EVENTTASKRDY?MY_OS_CORE
  +--> ?PR?_?OS_SCHED?MY_OS_CORE

?PR?_?OSTASKSUSPEND?MY_OS_TASK                  -----    -----
  +--> ?PR?_?OS_SCHED?MY_OS_CORE

?PR?_?OSSTART?MY_OS_CORE                        -----    -----
  +--> ?CO?MY_OS_CORE
  +--> ?PR?OSSTARTHIGHRDY?OS_CPU_A



SYMBOL TABLE OF MODULE:  .\OUTPUT\MYJOB (MAIN)

  VALUE           TYPE          NAME
  ----------------------------------

  -------         MODULE        MAIN
  C:0000H         SYMBOL        _ICE_DUMMY_
  C:4A79H         PUBLIC        _RingBuffer_GetCount
  D:0080H         PUBLIC        P0
  D:0090H         PUBLIC        P1
  D:00A0H         PUBLIC        P2
  D:00B0H         PUBLIC        P3
  D:00C0H         PUBLIC        P4
  D:00C8H         PUBLIC        P5
  D:00E8H         PUBLIC        P6
BL51 BANKED LINKER/LOCATER V6.22                                                      03/30/2019  20:17:18  PAGE 12


  D:00F8H         PUBLIC        P7
  D:00A8H         PUBLIC        IE
  C:525FH         SYMBOL        _RingBuffer_GetSize
  D:00B8H         PUBLIC        IP
  C:0026H         SYMBOL        _RingBuffer_IsEmpty
  C:4053H         SYMBOL        _RingBuffer_IsFull
  D:00D8H         PUBLIC        CCON
  C:3F17H         PUBLIC        main
  D:0098H         PUBLIC        SCON
  D:0088H         PUBLIC        TCON
  D:00F0H         PUBLIC        B
  D:00E0H         PUBLIC        ACC
  C:000EH         SYMBOL        _RingBuffer_Flush
  C:46ACH         SYMBOL        _RingBuffer_GetFree
  D:00D0H         PUBLIC        PSW
  -------         PROC          _RINGBUFFER_FLUSH
  D:0001H         SYMBOL        RingBuff
  C:000EH         LINE#         83
  C:000EH         LINE#         84
  C:000EH         LINE#         85
  C:0022H         LINE#         86
  -------         ENDPROC       _RINGBUFFER_FLUSH
  -------         PROC          _RINGBUFFER_GETSIZE
  D:0001H         SYMBOL        RingBuff
  C:525FH         LINE#         93
  C:525FH         LINE#         94
  C:525FH         LINE#         95
  C:5268H         LINE#         96
  -------         ENDPROC       _RINGBUFFER_GETSIZE
  -------         PROC          L?0012
  -------         ENDPROC       L?0012
  -------         PROC          _RINGBUFFER_GETCOUNT
  D:0001H         SYMBOL        RingBuff
  C:4A79H         LINE#         103
  C:4A79H         LINE#         104
  C:4A79H         LINE#         105
  C:4A98H         LINE#         106
  -------         ENDPROC       _RINGBUFFER_GETCOUNT
  -------         PROC          _RINGBUFFER_GETFREE
  X:06ABH         SYMBOL        RingBuff
  C:46ACH         LINE#         113
  C:46B7H         LINE#         114
  C:46B7H         LINE#         115
  C:46D5H         LINE#         116
  -------         ENDPROC       _RINGBUFFER_GETFREE
  -------         PROC          _RINGBUFFER_ISFULL
  X:06AEH         SYMBOL        RingBuff
  C:4053H         LINE#         123
  C:405EH         LINE#         124
  C:405EH         LINE#         125
  C:408CH         LINE#         126
  -------         ENDPROC       _RINGBUFFER_ISFULL
  -------         PROC          _RINGBUFFER_ISEMPTY
  D:0001H         SYMBOL        RingBuff
  C:0026H         LINE#         133
  C:0026H         LINE#         134
  C:0026H         LINE#         135
BL51 BANKED LINKER/LOCATER V6.22                                                      03/30/2019  20:17:18  PAGE 13


  C:0041H         LINE#         136
  -------         ENDPROC       _RINGBUFFER_ISEMPTY
  -------         PROC          MAIN
  C:3F17H         LINE#         20
  C:3F17H         LINE#         21
  C:3F17H         LINE#         22
  C:3F1AH         LINE#         23
  C:3F1DH         LINE#         26
  C:3F57H         LINE#         30
  -------         ENDPROC       MAIN
  -------         ENDMOD        MAIN

  -------         MODULE        TASK_MANAGE
  C:0000H         SYMBOL        _ICE_DUMMY_
  C:4AA1H         PUBLIC        _RingBuffer_GetCount
  D:0080H         PUBLIC        P0
  D:0090H         PUBLIC        P1
  D:00A0H         PUBLIC        P2
  D:00B0H         PUBLIC        P3
  D:00C0H         PUBLIC        P4
  D:00C8H         PUBLIC        P5
  D:00E8H         PUBLIC        P6
  D:00F8H         PUBLIC        P7
  D:00A8H         PUBLIC        IE
  C:5269H         SYMBOL        _RingBuffer_GetSize
  D:00B8H         PUBLIC        IP
  C:4E44H         SYMBOL        _RingBuffer_IsEmpty
  C:408DH         SYMBOL        _RingBuffer_IsFull
  D:00D8H         PUBLIC        CCON
  C:3B28H         PUBLIC        _?TaskStart
  D:0098H         PUBLIC        SCON
  B:00B0H.1       PUBLIC        P31
  D:0088H         PUBLIC        TCON
  D:00F0H         PUBLIC        B
  D:00E0H         PUBLIC        ACC
  B:00A8H.1       PUBLIC        ET0
  C:508CH         SYMBOL        _RingBuffer_Flush
  C:0003H         PUBLIC        _?TaskCreateOther
  C:46D6H         SYMBOL        _RingBuffer_GetFree
  X:0588H         PUBLIC        TASK_START_STK
  D:00D0H         PUBLIC        PSW
  -------         PROC          _RINGBUFFER_FLUSH
  D:0001H         SYMBOL        RingBuff
  C:508CH         LINE#         83
  C:508CH         LINE#         84
  C:508CH         LINE#         85
  C:50A0H         LINE#         86
  -------         ENDPROC       _RINGBUFFER_FLUSH
  -------         PROC          _RINGBUFFER_GETSIZE
  D:0001H         SYMBOL        RingBuff
  C:5269H         LINE#         93
  C:5269H         LINE#         94
  C:5269H         LINE#         95
  C:5272H         LINE#         96
  -------         ENDPROC       _RINGBUFFER_GETSIZE
  -------         PROC          L?0013
  -------         ENDPROC       L?0013
BL51 BANKED LINKER/LOCATER V6.22                                                      03/30/2019  20:17:18  PAGE 14


  -------         PROC          _RINGBUFFER_GETCOUNT
  D:0001H         SYMBOL        RingBuff
  C:4AA1H         LINE#         103
  C:4AA1H         LINE#         104
  C:4AA1H         LINE#         105
  C:4AC0H         LINE#         106
  -------         ENDPROC       _RINGBUFFER_GETCOUNT
  -------         PROC          _RINGBUFFER_GETFREE
  X:06B1H         SYMBOL        RingBuff
  C:46D6H         LINE#         113
  C:46E1H         LINE#         114
  C:46E1H         LINE#         115
  C:46FFH         LINE#         116
  -------         ENDPROC       _RINGBUFFER_GETFREE
  -------         PROC          _RINGBUFFER_ISFULL
  X:06B4H         SYMBOL        RingBuff
  C:408DH         LINE#         123
  C:4098H         LINE#         124
  C:4098H         LINE#         125
  C:40C6H         LINE#         126
  -------         ENDPROC       _RINGBUFFER_ISFULL
  -------         PROC          _RINGBUFFER_ISEMPTY
  D:0001H         SYMBOL        RingBuff
  C:4E44H         LINE#         133
  C:4E44H         LINE#         134
  C:4E44H         LINE#         135
  C:4E5FH         LINE#         136
  -------         ENDPROC       _RINGBUFFER_ISEMPTY
  -------         PROC          _?TASKSTART
  x:0000H         SYMBOL        ppdata
  C:3B28H         LINE#         13
  C:3B36H         LINE#         15
  C:3B51H         LINE#         17
  C:3B53H         LINE#         24
  C:3B56H         LINE#         25
  C:3B59H         LINE#         26
  C:3B62H         LINE#         27
  C:3B64H         LINE#         28
  C:3B7AH         LINE#         29
  C:3B83H         LINE#         30
  C:3B85H         LINE#         31
  C:3B88H         LINE#         32
  C:3B8DH         LINE#         33
  -------         ENDPROC       _?TASKSTART
  -------         PROC          _?TASKCREATEOTHER
  C:0003H         LINE#         37
  C:0003H         LINE#         41
  C:0006H         LINE#         42
  -------         ENDPROC       _?TASKCREATEOTHER
  -------         ENDMOD        TASK_MANAGE

  -------         MODULE        LED
  C:0000H         SYMBOL        _ICE_DUMMY_
  C:4AC9H         PUBLIC        _RingBuffer_GetCount
  D:0080H         PUBLIC        P0
  D:0090H         PUBLIC        P1
  D:00A0H         PUBLIC        P2
BL51 BANKED LINKER/LOCATER V6.22                                                      03/30/2019  20:17:18  PAGE 15


  D:00B0H         PUBLIC        P3
  D:00C0H         PUBLIC        P4
  D:00C8H         PUBLIC        P5
  D:00E8H         PUBLIC        P6
  D:00F8H         PUBLIC        P7
  D:00A8H         PUBLIC        IE
  C:527DH         SYMBOL        _RingBuffer_GetSize
  D:00B8H         PUBLIC        IP
  C:4E60H         SYMBOL        _RingBuffer_IsEmpty
  C:40C7H         SYMBOL        _RingBuffer_IsFull
  D:00D8H         PUBLIC        CCON
  C:3D77H         PUBLIC        _?TaskLed
  D:0098H         PUBLIC        SCON
  D:0088H         PUBLIC        TCON
  B:00B0H.7       PUBLIC        P37
  X:05EDH         PUBLIC        TASK_LED_STK
  D:00F0H         PUBLIC        B
  D:00E0H         PUBLIC        ACC
  C:50A1H         SYMBOL        _RingBuffer_Flush
  C:4700H         SYMBOL        _RingBuffer_GetFree
  D:00D0H         PUBLIC        PSW
  -------         PROC          _RINGBUFFER_FLUSH
  D:0001H         SYMBOL        RingBuff
  C:50A1H         LINE#         83
  C:50A1H         LINE#         84
  C:50A1H         LINE#         85
  C:50B5H         LINE#         86
  -------         ENDPROC       _RINGBUFFER_FLUSH
  -------         PROC          _RINGBUFFER_GETSIZE
  D:0001H         SYMBOL        RingBuff
  C:527DH         LINE#         93
  C:527DH         LINE#         94
  C:527DH         LINE#         95
  C:5286H         LINE#         96
  -------         ENDPROC       _RINGBUFFER_GETSIZE
  -------         PROC          L?0014
  -------         ENDPROC       L?0014
  -------         PROC          _RINGBUFFER_GETCOUNT
  D:0001H         SYMBOL        RingBuff
  C:4AC9H         LINE#         103
  C:4AC9H         LINE#         104
  C:4AC9H         LINE#         105
  C:4AE8H         LINE#         106
  -------         ENDPROC       _RINGBUFFER_GETCOUNT
  -------         PROC          _RINGBUFFER_GETFREE
  X:06B7H         SYMBOL        RingBuff
  C:4700H         LINE#         113
  C:470BH         LINE#         114
  C:470BH         LINE#         115
  C:4729H         LINE#         116
  -------         ENDPROC       _RINGBUFFER_GETFREE
  -------         PROC          _RINGBUFFER_ISFULL
  X:06BAH         SYMBOL        RingBuff
  C:40C7H         LINE#         123
  C:40D2H         LINE#         124
  C:40D2H         LINE#         125
  C:4100H         LINE#         126
BL51 BANKED LINKER/LOCATER V6.22                                                      03/30/2019  20:17:18  PAGE 16


  -------         ENDPROC       _RINGBUFFER_ISFULL
  -------         PROC          _RINGBUFFER_ISEMPTY
  D:0001H         SYMBOL        RingBuff
  C:4E60H         LINE#         133
  C:4E60H         LINE#         134
  C:4E60H         LINE#         135
  C:4E7BH         LINE#         136
  -------         ENDPROC       _RINGBUFFER_ISEMPTY
  -------         PROC          _?TASKLED
  x:0000H         SYMBOL        ppdata
  C:3D77H         LINE#         14
  C:3D85H         LINE#         16
  C:3DA0H         LINE#         17
  C:3DA0H         LINE#         18
  C:3DA0H         LINE#         19
  C:3DA2H         LINE#         20
  C:3DB8H         LINE#         21
  C:3DBAH         LINE#         22
  C:3DD0H         LINE#         23
  -------         ENDPROC       _?TASKLED
  -------         ENDMOD        LED

  -------         MODULE        APP_USART
  C:0000H         SYMBOL        _ICE_DUMMY_
  C:4AF1H         PUBLIC        _RingBuffer_GetCount
  D:0080H         PUBLIC        P0
  D:0090H         PUBLIC        P1
  D:00A0H         PUBLIC        P2
  D:00B0H         PUBLIC        P3
  D:00C0H         PUBLIC        P4
  X:0000H         SYMBOL        usart_ringbuf
  D:00C8H         PUBLIC        P5
  D:00E8H         PUBLIC        P6
  D:00F8H         PUBLIC        P7
  C:413BH         PUBLIC        UsartRxTaskInit
  X:0064H         SYMBOL        msg_pkt_usart
  C:4175H         PUBLIC        UsartTxTaskInit
  D:00A8H         PUBLIC        IE
  C:5287H         SYMBOL        _RingBuffer_GetSize
  C:3570H         PUBLIC        _usart_tx_start
  C:3BF9H         SYMBOL        _AppUsartRxTask
  C:3CBBH         SYMBOL        _AppUsartTxTask
  D:00B8H         PUBLIC        IP
  X:0076H         SYMBOL        usart_rx_buf
  X:00DAH         SYMBOL        usart_tx_buf
  C:4E7CH         SYMBOL        _RingBuffer_IsEmpty
  C:4101H         SYMBOL        _RingBuffer_IsFull
  D:00D8H         PUBLIC        CCON
  C:3758H         SYMBOL        UsartInit
  X:013EH         PUBLIC        usart
  D:0098H         PUBLIC        SCON
  X:0165H         PUBLIC        AppUsartRxStk
  D:0088H         PUBLIC        TCON
  X:01C9H         PUBLIC        AppUsartTxStk
  D:00F0H         PUBLIC        B
  D:00E0H         PUBLIC        ACC
  C:50B6H         SYMBOL        _RingBuffer_Flush
BL51 BANKED LINKER/LOCATER V6.22                                                      03/30/2019  20:17:18  PAGE 17


  C:3F9BH         SYMBOL        _UsartCmdParsePkt
  D:00ACH         PUBLIC        S3CON
  C:472AH         SYMBOL        _RingBuffer_GetFree
  C:1ECEH         SYMBOL        _message_rx_handler
  C:1ABEH         SYMBOL        _message_tx_handler
  D:00D0H         PUBLIC        PSW
  -------         PROC          _RINGBUFFER_FLUSH
  D:0001H         SYMBOL        RingBuff
  C:50B6H         LINE#         83
  C:50B6H         LINE#         84
  C:50B6H         LINE#         85
  C:50CAH         LINE#         86
  -------         ENDPROC       _RINGBUFFER_FLUSH
  -------         PROC          _RINGBUFFER_GETSIZE
  D:0001H         SYMBOL        RingBuff
  C:5287H         LINE#         93
  C:5287H         LINE#         94
  C:5287H         LINE#         95
  C:5290H         LINE#         96
  -------         ENDPROC       _RINGBUFFER_GETSIZE
  -------         PROC          L?0073
  -------         ENDPROC       L?0073
  -------         PROC          _RINGBUFFER_GETCOUNT
  D:0001H         SYMBOL        RingBuff
  C:4AF1H         LINE#         103
  C:4AF1H         LINE#         104
  C:4AF1H         LINE#         105
  C:4B10H         LINE#         106
  -------         ENDPROC       _RINGBUFFER_GETCOUNT
  -------         PROC          _RINGBUFFER_GETFREE
  X:06BDH         SYMBOL        RingBuff
  C:472AH         LINE#         113
  C:4735H         LINE#         114
  C:4735H         LINE#         115
  C:4753H         LINE#         116
  -------         ENDPROC       _RINGBUFFER_GETFREE
  -------         PROC          _RINGBUFFER_ISFULL
  X:06C0H         SYMBOL        RingBuff
  C:4101H         LINE#         123
  C:410CH         LINE#         124
  C:410CH         LINE#         125
  C:413AH         LINE#         126
  -------         ENDPROC       _RINGBUFFER_ISFULL
  -------         PROC          _RINGBUFFER_ISEMPTY
  D:0001H         SYMBOL        RingBuff
  C:4E7CH         LINE#         133
  C:4E7CH         LINE#         134
  C:4E7CH         LINE#         135
  C:4E97H         LINE#         136
  -------         ENDPROC       _RINGBUFFER_ISEMPTY
  -------         PROC          _MESSAGE_RX_HANDLER
  X:0656H         SYMBOL        pUsart
  D:0005H         SYMBOL        rx_dat
  -------         DO            
  D:0007H         SYMBOL        ret
  -------         ENDDO         
  C:1ECEH         LINE#         76
BL51 BANKED LINKER/LOCATER V6.22                                                      03/30/2019  20:17:18  PAGE 18


  C:1ED9H         LINE#         77
  C:1ED9H         LINE#         78
  C:1EDBH         LINE#         80
  C:1F01H         LINE#         81
  C:1F01H         LINE#         82
  C:1F09H         LINE#         83
  C:1F1CH         LINE#         84
  C:1F23H         LINE#         85
  C:1F2AH         LINE#         86
  C:1F2DH         LINE#         87
  C:1F2DH         LINE#         88
  C:1F30H         LINE#         89
  C:1F30H         LINE#         90
  C:1F36H         LINE#         91
  C:1F46H         LINE#         92
  C:1F4DH         LINE#         93
  C:1F50H         LINE#         94
  C:1F5BH         LINE#         95
  C:1F5BH         LINE#         96
  C:1F5EH         LINE#         97
  C:1F5EH         LINE#         98
  C:1F70H         LINE#         99
  C:1F77H         LINE#         100
  C:1F7CH         LINE#         101
  C:1F7FH         LINE#         102
  C:1F7FH         LINE#         103
  C:1F91H         LINE#         104
  C:1F9CH         LINE#         105
  C:1FA9H         LINE#         107
  C:1FACH         LINE#         108
  C:1FBBH         LINE#         109
  C:1FC0H         LINE#         110
  C:1FC0H         LINE#         111
  C:1FC3H         LINE#         112
  C:1FC3H         LINE#         113
  C:1FDFH         LINE#         114
  C:2013H         LINE#         115
  C:2013H         LINE#         116
  C:2025H         LINE#         117
  C:2036H         LINE#         118
  C:2046H         LINE#         119
  C:2046H         LINE#         120
  C:2048H         LINE#         121
  C:2048H         LINE#         122
  C:205CH         LINE#         124
  C:205EH         LINE#         125
  C:2065H         LINE#         126
  C:2067H         LINE#         127
  C:206EH         LINE#         128
  C:2076H         LINE#         129
  C:2076H         LINE#         130
  C:2078H         LINE#         131
  C:2078H         LINE#         132
  C:208AH         LINE#         133
  C:2095H         LINE#         134
  C:2095H         LINE#         135
  C:2095H         LINE#         136
BL51 BANKED LINKER/LOCATER V6.22                                                      03/30/2019  20:17:18  PAGE 19


  C:2095H         LINE#         137
  -------         ENDPROC       _MESSAGE_RX_HANDLER
  -------         PROC          _MESSAGE_TX_HANDLER
  X:0657H         SYMBOL        pUsart
  -------         DO            
  X:065AH         SYMBOL        tx_dat
  -------         ENDDO         
  C:1ABEH         LINE#         139
  C:1AC9H         LINE#         140
  C:1AC9H         LINE#         143
  C:1AFCH         LINE#         144
  C:1AFCH         LINE#         146
  C:1B10H         LINE#         147
  C:1B23H         LINE#         148
  C:1B2AH         LINE#         149
  C:1B2FH         LINE#         156
  C:1B32H         LINE#         157
  C:1B32H         LINE#         158
  C:1B46H         LINE#         160
  C:1B56H         LINE#         161
  C:1B56H         LINE#         163
  C:1B59H         LINE#         164
  C:1B59H         LINE#         165
  C:1B72H         LINE#         166
  C:1B85H         LINE#         167
  C:1B88H         LINE#         168
  C:1B8AH         LINE#         169
  C:1B8AH         LINE#         170
  C:1BA3H         LINE#         171
  C:1BB6H         LINE#         172
  C:1BC2H         LINE#         173
  C:1BC2H         LINE#         174
  C:1BC2H         LINE#         175
  C:1BDBH         LINE#         176
  C:1C11H         LINE#         177
  C:1C23H         LINE#         178
  C:1C3AH         LINE#         179
  C:1C42H         LINE#         180
  C:1C56H         LINE#         181
  C:1C69H         LINE#         182
  C:1C6DH         LINE#         183
  C:1C6DH         LINE#         184
  C:1C6DH         LINE#         185
  C:1C6FH         LINE#         186
  C:1C6FH         LINE#         187
  C:1C88H         LINE#         188
  C:1C9BH         LINE#         189
  C:1C9BH         LINE#         190
  C:1C9BH         LINE#         191
  C:1C9EH         LINE#         192
  C:1CB0H         LINE#         193
  C:1CB9H         LINE#         194
  C:1CB9H         LINE#         195
  C:1CB9H         LINE#         196
  C:1CCBH         LINE#         197
  C:1CD4H         LINE#         199
  C:1CD4H         LINE#         200
BL51 BANKED LINKER/LOCATER V6.22                                                      03/30/2019  20:17:18  PAGE 20


  C:1CD4H         LINE#         201
  -------         ENDPROC       _MESSAGE_TX_HANDLER
  -------         PROC          _USART_TX_START
  X:0657H         SYMBOL        pUsart
  X:065AH         SYMBOL        pmsg
  -------         DO            
  X:065DH         SYMBOL        len
  -------         ENDDO         
  C:3570H         LINE#         203
  C:357BH         LINE#         204
  C:357BH         LINE#         207
  C:3584H         LINE#         208
  C:35AAH         LINE#         209
  C:35C6H         LINE#         210
  C:35C9H         LINE#         211
  C:35FAH         LINE#         212
  C:35FAH         LINE#         213
  C:3612H         LINE#         214
  C:3615H         LINE#         215
  -------         ENDPROC       _USART_TX_START
  -------         PROC          _USARTCMDPARSEPKT
  D:0001H         SYMBOL        pUsart
  -------         DO            
  D:0007H         SYMBOL        cmd
  -------         ENDDO         
  C:3F9BH         LINE#         255
  C:3F9BH         LINE#         256
  C:3F9BH         LINE#         259
  C:3FA0H         LINE#         260
  C:3FA4H         LINE#         262
  C:3FABH         LINE#         263
  C:3FB5H         LINE#         264
  C:3FBAH         LINE#         265
  C:3FBEH         LINE#         266
  C:3FC0H         LINE#         267
  C:3FC9H         LINE#         269
  C:3FC9H         LINE#         270
  C:3FDAH         LINE#         271
  -------         ENDPROC       _USARTCMDPARSEPKT
  -------         PROC          USARTRXTASKINIT
  -------         DO            
  X:0653H         SYMBOL        err
  -------         ENDDO         
  C:413BH         LINE#         276
  C:413BH         LINE#         277
  C:413BH         LINE#         283
  -------         ENDPROC       USARTRXTASKINIT
  -------         PROC          USARTTXTASKINIT
  C:4175H         LINE#         289
  C:4175H         LINE#         290
  C:4175H         LINE#         296
  -------         ENDPROC       USARTTXTASKINIT
  -------         PROC          USARTINIT
  C:3758H         LINE#         302
  C:3758H         LINE#         303
  C:3758H         LINE#         304
  C:375EH         LINE#         305
BL51 BANKED LINKER/LOCATER V6.22                                                      03/30/2019  20:17:18  PAGE 21


  C:3770H         LINE#         306
  C:3782H         LINE#         307
  C:3796H         LINE#         308
  C:3799H         LINE#         309
  C:379BH         LINE#         310
  C:379DH         LINE#         311
  C:37A1H         LINE#         312
  C:37A5H         LINE#         313
  C:37A8H         LINE#         314
  C:37ACH         LINE#         315
  C:37B7H         LINE#         317
  C:37BCH         LINE#         318
  C:37BEH         LINE#         319
  C:37C0H         LINE#         320
  C:37C6H         LINE#         321
  C:37C9H         LINE#         322
  C:37CDH         LINE#         323
  C:37D8H         LINE#         325
  C:37E4H         LINE#         326
  -------         ENDPROC       USARTINIT
  -------         PROC          _APPUSARTRXTASK
  X:0654H         SYMBOL        parg
  -------         DO            
  X:0654H         SYMBOL        err
  X:0655H         SYMBOL        rxdat
  -------         ENDDO         
  C:3BF9H         LINE#         331
  C:3BF9H         LINE#         332
  C:3BF9H         LINE#         334
  C:3BF9H         LINE#         336
  C:3BF9H         LINE#         337
  C:3BF9H         LINE#         338
  C:3C1FH         LINE#         339
  C:3C25H         LINE#         340
  C:3C3FH         LINE#         341
  C:3C50H         LINE#         342
  C:3C59H         LINE#         343
  C:3C59H         LINE#         344
  C:3C59H         LINE#         345
  C:3C59H         LINE#         346
  -------         ENDPROC       _APPUSARTRXTASK
  -------         PROC          _APPUSARTTXTASK
  X:0653H         SYMBOL        parg
  -------         DO            
  X:0653H         SYMBOL        err
  X:0654H         SYMBOL        msg
  -------         ENDDO         
  C:3CBBH         LINE#         352
  C:3CBBH         LINE#         353
  C:3CBBH         LINE#         356
  C:3CBBH         LINE#         358
  C:3CBEH         LINE#         360
  C:3CBEH         LINE#         361
  C:3CBEH         LINE#         362
  C:3CEFH         LINE#         363
  C:3CF5H         LINE#         364
  C:3D03H         LINE#         365
BL51 BANKED LINKER/LOCATER V6.22                                                      03/30/2019  20:17:18  PAGE 22


  C:3D17H         LINE#         366
  C:3D17H         LINE#         367
  C:3D17H         LINE#         368
  -------         ENDPROC       _APPUSARTTXTASK
  -------         ENDMOD        APP_USART

  -------         MODULE        BSP
  C:0000H         SYMBOL        _ICE_DUMMY_
  C:4B19H         PUBLIC        _RingBuffer_GetCount
  D:0080H         PUBLIC        P0
  D:0090H         PUBLIC        P1
  D:00A0H         PUBLIC        P2
  D:00B0H         PUBLIC        P3
  D:00C0H         PUBLIC        P4
  D:00C8H         PUBLIC        P5
  D:00E8H         PUBLIC        P6
  D:00F8H         PUBLIC        P7
  C:3E7FH         SYMBOL        _?GPIO_config
  D:00A8H         PUBLIC        IE
  C:5291H         SYMBOL        _RingBuffer_GetSize
  D:00B8H         PUBLIC        IP
  C:4E98H         SYMBOL        _RingBuffer_IsEmpty
  C:41AFH         SYMBOL        _RingBuffer_IsFull
  D:00D8H         PUBLIC        CCON
  D:0098H         PUBLIC        SCON
  B:00B0H.1       PUBLIC        P31
  D:0088H         PUBLIC        TCON
  B:00B0H.7       PUBLIC        P37
  B:00E8H.6       PUBLIC        P66
  B:00E8H.7       PUBLIC        P67
  D:00F0H         PUBLIC        B
  C:534FH         PUBLIC        _?bsp
  D:00E0H         PUBLIC        ACC
  C:4B39H         PUBLIC        UART3_config
  C:50CBH         SYMBOL        _RingBuffer_Flush
  C:4754H         SYMBOL        _RingBuffer_GetFree
  D:00D0H         PUBLIC        PSW
  -------         PROC          _RINGBUFFER_FLUSH
  D:0001H         SYMBOL        RingBuff
  C:50CBH         LINE#         83
  C:50CBH         LINE#         84
  C:50CBH         LINE#         85
  C:50DFH         LINE#         86
  -------         ENDPROC       _RINGBUFFER_FLUSH
  -------         PROC          _RINGBUFFER_GETSIZE
  D:0001H         SYMBOL        RingBuff
  C:5291H         LINE#         93
  C:5291H         LINE#         94
  C:5291H         LINE#         95
  C:529AH         LINE#         96
  -------         ENDPROC       _RINGBUFFER_GETSIZE
  -------         PROC          L?0014
  -------         ENDPROC       L?0014
  -------         PROC          _RINGBUFFER_GETCOUNT
  D:0001H         SYMBOL        RingBuff
  C:4B19H         LINE#         103
  C:4B19H         LINE#         104
BL51 BANKED LINKER/LOCATER V6.22                                                      03/30/2019  20:17:18  PAGE 23


  C:4B19H         LINE#         105
  C:4B38H         LINE#         106
  -------         ENDPROC       _RINGBUFFER_GETCOUNT
  -------         PROC          _RINGBUFFER_GETFREE
  X:06C3H         SYMBOL        RingBuff
  C:4754H         LINE#         113
  C:475FH         LINE#         114
  C:475FH         LINE#         115
  C:477DH         LINE#         116
  -------         ENDPROC       _RINGBUFFER_GETFREE
  -------         PROC          _RINGBUFFER_ISFULL
  X:06C6H         SYMBOL        RingBuff
  C:41AFH         LINE#         123
  C:41BAH         LINE#         124
  C:41BAH         LINE#         125
  C:41E8H         LINE#         126
  -------         ENDPROC       _RINGBUFFER_ISFULL
  -------         PROC          _RINGBUFFER_ISEMPTY
  D:0001H         SYMBOL        RingBuff
  C:4E98H         LINE#         133
  C:4E98H         LINE#         134
  C:4E98H         LINE#         135
  C:4EB3H         LINE#         136
  -------         ENDPROC       _RINGBUFFER_ISEMPTY
  -------         PROC          _?GPIO_CONFIG
  -------         DO            
  x:0001H         SYMBOL        GPIO_InitStructure
  -------         ENDDO         
  C:3E7FH         LINE#         5
  C:3E85H         LINE#         9
  C:3E8FH         LINE#         10
  C:3E98H         LINE#         11
  C:3EA2H         LINE#         13
  C:3EACH         LINE#         14
  C:3EB5H         LINE#         15
  C:3EC0H         LINE#         16
  C:3EC2H         LINE#         17
  C:3EC4H         LINE#         18
  C:3EC6H         LINE#         19
  C:3EC8H         LINE#         20
  -------         ENDPROC       _?GPIO_CONFIG
  -------         PROC          UART3_CONFIG
  -------         DO            
  X:0653H         SYMBOL        COMx_InitStructure
  -------         ENDDO         
  C:4B39H         LINE#         39
  C:4B39H         LINE#         40
  C:4B39H         LINE#         42
  C:4B3FH         LINE#         43
  C:4B49H         LINE#         44
  C:4B4FH         LINE#         45
  C:4B53H         LINE#         46
  C:4B56H         LINE#         47
  C:4B58H         LINE#         48
  -------         ENDPROC       UART3_CONFIG
  -------         PROC          _?BSP
  C:534FH         LINE#         53
BL51 BANKED LINKER/LOCATER V6.22                                                      03/30/2019  20:17:18  PAGE 24


  C:534FH         LINE#         55
  C:5352H         LINE#         56
  -------         ENDPROC       _?BSP
  -------         ENDMOD        BSP

  -------         MODULE        GLOBALVARIABLE
  C:0000H         SYMBOL        _ICE_DUMMY_
  C:4B69H         PUBLIC        _RingBuffer_GetCount
  D:0080H         PUBLIC        P0
  D:0090H         PUBLIC        P1
  D:00A0H         PUBLIC        P2
  D:00B0H         PUBLIC        P3
  D:00C0H         PUBLIC        P4
  D:00C8H         PUBLIC        P5
  D:00E8H         PUBLIC        P6
  D:00F8H         PUBLIC        P7
  D:00A8H         PUBLIC        IE
  C:529BH         SYMBOL        _RingBuffer_GetSize
  D:00B8H         PUBLIC        IP
  C:4EB4H         SYMBOL        _RingBuffer_IsEmpty
  C:41E9H         SYMBOL        _RingBuffer_IsFull
  D:00D8H         PUBLIC        CCON
  D:0098H         PUBLIC        SCON
  D:0088H         PUBLIC        TCON
  C:0009H         PUBLIC        _?globalvariable
  D:00F0H         PUBLIC        B
  D:00E0H         PUBLIC        ACC
  C:50E0H         SYMBOL        _RingBuffer_Flush
  C:477EH         SYMBOL        _RingBuffer_GetFree
  D:00D0H         PUBLIC        PSW
  -------         PROC          _RINGBUFFER_FLUSH
  D:0001H         SYMBOL        RingBuff
  C:50E0H         LINE#         83
  C:50E0H         LINE#         84
  C:50E0H         LINE#         85
  C:50F4H         LINE#         86
  -------         ENDPROC       _RINGBUFFER_FLUSH
  -------         PROC          _RINGBUFFER_GETSIZE
  D:0001H         SYMBOL        RingBuff
  C:529BH         LINE#         93
  C:529BH         LINE#         94
  C:529BH         LINE#         95
  C:52A4H         LINE#         96
  -------         ENDPROC       _RINGBUFFER_GETSIZE
  -------         PROC          L?0012
  -------         ENDPROC       L?0012
  -------         PROC          _RINGBUFFER_GETCOUNT
  D:0001H         SYMBOL        RingBuff
  C:4B69H         LINE#         103
  C:4B69H         LINE#         104
  C:4B69H         LINE#         105
  C:4B88H         LINE#         106
  -------         ENDPROC       _RINGBUFFER_GETCOUNT
  -------         PROC          _RINGBUFFER_GETFREE
  X:06C9H         SYMBOL        RingBuff
  C:477EH         LINE#         113
  C:4789H         LINE#         114
BL51 BANKED LINKER/LOCATER V6.22                                                      03/30/2019  20:17:18  PAGE 25


  C:4789H         LINE#         115
  C:47A7H         LINE#         116
  -------         ENDPROC       _RINGBUFFER_GETFREE
  -------         PROC          _RINGBUFFER_ISFULL
  X:06CCH         SYMBOL        RingBuff
  C:41E9H         LINE#         123
  C:41F4H         LINE#         124
  C:41F4H         LINE#         125
  C:4222H         LINE#         126
  -------         ENDPROC       _RINGBUFFER_ISFULL
  -------         PROC          _RINGBUFFER_ISEMPTY
  D:0001H         SYMBOL        RingBuff
  C:4EB4H         LINE#         133
  C:4EB4H         LINE#         134
  C:4EB4H         LINE#         135
  C:4ECFH         LINE#         136
  -------         ENDPROC       _RINGBUFFER_ISEMPTY
  -------         PROC          _?GLOBALVARIABLE
  C:0009H         LINE#         10
  C:0009H         LINE#         13
  -------         ENDPROC       _?GLOBALVARIABLE
  -------         ENDMOD        GLOBALVARIABLE

  -------         MODULE        GPIO
  C:0000H         SYMBOL        _ICE_DUMMY_
  D:0092H         PUBLIC        P1M0
  D:0093H         PUBLIC        P0M1
  D:0096H         PUBLIC        P2M0
  D:0091H         PUBLIC        P1M1
  D:0080H         PUBLIC        P0
  C:4B91H         SYMBOL        _RingBuffer_GetCount
  D:00B2H         PUBLIC        P3M0
  D:0095H         PUBLIC        P2M1
  D:0090H         PUBLIC        P1
  D:00B4H         PUBLIC        P4M0
  D:00B1H         PUBLIC        P3M1
  D:00A0H         PUBLIC        P2
  D:00CAH         PUBLIC        P5M0
  D:00B3H         PUBLIC        P4M1
  D:00B0H         PUBLIC        P3
  D:00CCH         PUBLIC        P6M0
  D:00C9H         PUBLIC        P5M1
  D:00C0H         PUBLIC        P4
  D:00CBH         PUBLIC        P6M1
  D:00C8H         PUBLIC        P5
  D:00E8H         PUBLIC        P6
  D:00F8H         PUBLIC        P7
  D:00A8H         PUBLIC        IE
  C:52A5H         SYMBOL        _RingBuffer_GetSize
  D:00B8H         PUBLIC        IP
  C:1CD5H         PUBLIC        _?GPIO_PWMInit
  C:4ED0H         SYMBOL        _RingBuffer_IsEmpty
  D:00D8H         PUBLIC        CCON
  C:4223H         SYMBOL        _RingBuffer_IsFull
  D:0098H         PUBLIC        SCON
  D:0088H         PUBLIC        TCON
  D:00F0H         PUBLIC        B
BL51 BANKED LINKER/LOCATER V6.22                                                      03/30/2019  20:17:18  PAGE 26


  D:00E0H         PUBLIC        ACC
  C:50F5H         SYMBOL        _RingBuffer_Flush
  C:1863H         PUBLIC        _?GPIO_Inilize
  C:47A8H         SYMBOL        _RingBuffer_GetFree
  D:00D0H         PUBLIC        PSW
  D:0094H         PUBLIC        P0M0
  -------         PROC          _RINGBUFFER_FLUSH
  D:0001H         SYMBOL        RingBuff
  C:50F5H         LINE#         83
  C:50F5H         LINE#         84
  C:50F5H         LINE#         85
  C:5109H         LINE#         86
  -------         ENDPROC       _RINGBUFFER_FLUSH
  -------         PROC          _RINGBUFFER_GETSIZE
  D:0001H         SYMBOL        RingBuff
  C:52A5H         LINE#         93
  C:52A5H         LINE#         94
  C:52A5H         LINE#         95
  C:52AEH         LINE#         96
  -------         ENDPROC       _RINGBUFFER_GETSIZE
  -------         PROC          L?0075
  -------         ENDPROC       L?0075
  -------         PROC          _RINGBUFFER_GETCOUNT
  D:0001H         SYMBOL        RingBuff
  C:4B91H         LINE#         103
  C:4B91H         LINE#         104
  C:4B91H         LINE#         105
  C:4BB0H         LINE#         106
  -------         ENDPROC       _RINGBUFFER_GETCOUNT
  -------         PROC          _RINGBUFFER_GETFREE
  X:06CFH         SYMBOL        RingBuff
  C:47A8H         LINE#         113
  C:47B3H         LINE#         114
  C:47B3H         LINE#         115
  C:47D1H         LINE#         116
  -------         ENDPROC       _RINGBUFFER_GETFREE
  -------         PROC          _RINGBUFFER_ISFULL
  X:06D2H         SYMBOL        RingBuff
  C:4223H         LINE#         123
  C:422EH         LINE#         124
  C:422EH         LINE#         125
  C:425CH         LINE#         126
  -------         ENDPROC       _RINGBUFFER_ISFULL
  -------         PROC          _RINGBUFFER_ISEMPTY
  D:0001H         SYMBOL        RingBuff
  C:4ED0H         LINE#         133
  C:4ED0H         LINE#         134
  C:4ED0H         LINE#         135
  C:4EEBH         LINE#         136
  -------         ENDPROC       _RINGBUFFER_ISEMPTY
  -------         PROC          _?GPIO_INILIZE
  x:0000H         SYMBOL        GPIO
  x:0001H         SYMBOL        GPIOx
  C:1863H         LINE#         18
  C:1879H         LINE#         20
  C:188BH         LINE#         21
  C:18A8H         LINE#         23
BL51 BANKED LINKER/LOCATER V6.22                                                      03/30/2019  20:17:18  PAGE 27


  C:18ABH         LINE#         24
  C:18ABH         LINE#         25
  C:18B9H         LINE#         26
  C:18CAH         LINE#         27
  C:18DBH         LINE#         28
  C:18ECH         LINE#         29
  C:18ECH         LINE#         30
  C:18F7H         LINE#         31
  C:18F7H         LINE#         32
  C:1908H         LINE#         33
  C:1917H         LINE#         34
  C:1927H         LINE#         35
  C:193AH         LINE#         36
  C:193AH         LINE#         37
  C:1946H         LINE#         38
  C:1946H         LINE#         39
  C:1957H         LINE#         40
  C:1966H         LINE#         41
  C:1976H         LINE#         42
  C:1989H         LINE#         43
  C:1989H         LINE#         44
  C:198EH         LINE#         45
  C:198EH         LINE#         46
  C:199FH         LINE#         47
  C:19AEH         LINE#         48
  C:19BEH         LINE#         49
  C:19D1H         LINE#         50
  C:19D1H         LINE#         51
  C:19DCH         LINE#         52
  C:19DCH         LINE#         53
  C:19EDH         LINE#         54
  C:19FCH         LINE#         55
  C:1A0CH         LINE#         56
  C:1A1FH         LINE#         57
  C:1A1FH         LINE#         58
  C:1A2BH         LINE#         59
  C:1A2BH         LINE#         60
  C:1A3CH         LINE#         61
  C:1A4BH         LINE#         62
  C:1A5BH         LINE#         63
  C:1A6EH         LINE#         64
  C:1A6EH         LINE#         65
  C:1A73H         LINE#         66
  C:1A73H         LINE#         67
  C:1A84H         LINE#         68
  C:1A93H         LINE#         69
  C:1AA3H         LINE#         70
  C:1AB6H         LINE#         71
  C:1AB6H         LINE#         72
  C:1AB8H         LINE#         73
  -------         ENDPROC       _?GPIO_INILIZE
  -------         PROC          _?GPIO_PWMINIT
  x:0002H         SYMBOL        GPIO_PWM
  x:0003H         SYMBOL        PuHzOdPp
  -------         DO            
  x:0001H         SYMBOL        GPIO_InitStructure
  -------         ENDDO         
BL51 BANKED LINKER/LOCATER V6.22                                                      03/30/2019  20:17:18  PAGE 28


  C:1CD5H         LINE#         81
  C:1CEBH         LINE#         85
  C:1D1FH         LINE#         86
  C:1D1FH         LINE#         87
  C:1D1FH         LINE#         88
  C:1D29H         LINE#         89
  C:1D37H         LINE#         90
  C:1D3FH         LINE#         91
  C:1D42H         LINE#         92
  C:1D42H         LINE#         93
  C:1D4CH         LINE#         94
  C:1D5AH         LINE#         95
  C:1D62H         LINE#         96
  C:1D65H         LINE#         97
  C:1D65H         LINE#         98
  C:1D6FH         LINE#         99
  C:1D7DH         LINE#         100
  C:1D85H         LINE#         101
  C:1D88H         LINE#         102
  C:1D88H         LINE#         103
  C:1D92H         LINE#         104
  C:1DA0H         LINE#         105
  C:1DA8H         LINE#         106
  C:1DABH         LINE#         107
  C:1DABH         LINE#         108
  C:1DB5H         LINE#         109
  C:1DC3H         LINE#         110
  C:1DCBH         LINE#         111
  C:1DCEH         LINE#         112
  C:1DCEH         LINE#         113
  C:1DD8H         LINE#         114
  C:1DE6H         LINE#         115
  C:1DEEH         LINE#         116
  C:1DF1H         LINE#         119
  C:1DF1H         LINE#         120
  C:1DFBH         LINE#         121
  C:1E09H         LINE#         122
  C:1E11H         LINE#         123
  C:1E14H         LINE#         124
  C:1E14H         LINE#         125
  C:1E1EH         LINE#         126
  C:1E2CH         LINE#         127
  C:1E34H         LINE#         128
  C:1E37H         LINE#         129
  C:1E37H         LINE#         130
  C:1E41H         LINE#         131
  C:1E4FH         LINE#         132
  C:1E57H         LINE#         133
  C:1E59H         LINE#         134
  C:1E59H         LINE#         135
  C:1E63H         LINE#         136
  C:1E71H         LINE#         137
  C:1E79H         LINE#         138
  C:1E7BH         LINE#         139
  C:1E7BH         LINE#         140
  C:1E85H         LINE#         141
  C:1E93H         LINE#         142
BL51 BANKED LINKER/LOCATER V6.22                                                      03/30/2019  20:17:18  PAGE 29


  C:1E9BH         LINE#         143
  C:1E9DH         LINE#         144
  C:1E9DH         LINE#         145
  C:1EA7H         LINE#         146
  C:1EB5H         LINE#         147
  C:1EC0H         LINE#         148
  C:1EC2H         LINE#         150
  C:1EC2H         LINE#         151
  C:1EC6H         LINE#         152
  C:1EC6H         LINE#         153
  C:1EC6H         LINE#         154
  C:1EC8H         LINE#         155
  -------         ENDPROC       _?GPIO_PWMINIT
  -------         ENDMOD        GPIO

  -------         MODULE        USART
  C:0000H         SYMBOL        _ICE_DUMMY_
  C:4BB9H         PUBLIC        _RingBuffer_GetCount
  D:0080H         PUBLIC        P0
  D:0090H         PUBLIC        P1
  D:00A0H         PUBLIC        P2
  D:00B0H         PUBLIC        P3
  D:00C0H         PUBLIC        P4
  D:00C8H         PUBLIC        P5
  D:00E8H         PUBLIC        P6
  D:00F8H         PUBLIC        P7
  C:4018H         PUBLIC        _?PrintString
  D:00A2H         PUBLIC        P_SW1
  D:00BAH         PUBLIC        P_SW2
  D:00A8H         PUBLIC        IE
  C:52AFH         SYMBOL        _RingBuffer_GetSize
  X:0451H         PUBLIC        COM1
  X:0458H         PUBLIC        COM2
  X:045FH         PUBLIC        COM3
  X:0466H         PUBLIC        COM4
  C:4E26H         PUBLIC        _USART_SendByte
  B:00A8H.4       PUBLIC        ES
  D:00B8H         PUBLIC        IP
  X:046DH         PUBLIC        RX1_Buffer
  X:04D1H         PUBLIC        RX2_Buffer
  B:0098H.0       PUBLIC        RI
  C:3616H         PUBLIC        UART1_int
  X:04D3H         PUBLIC        RX3_Buffer
  X:0537H         PUBLIC        TX1_Buffer
  C:34C9H         PUBLIC        UART2_int
  X:0555H         PUBLIC        RX4_Buffer
  X:0557H         PUBLIC        TX2_Buffer
  B:0098H.1       PUBLIC        TI
  C:36B7H         PUBLIC        UART3_int
  X:0559H         PUBLIC        TX3_Buffer
  X:0577H         PUBLIC        TX4_Buffer
  C:4EECH         SYMBOL        _RingBuffer_IsEmpty
  B:00B8H.4       PUBLIC        PS
  C:425DH         SYMBOL        _RingBuffer_IsFull
  D:00D8H         PUBLIC        CCON
  D:0099H         PUBLIC        SBUF
  D:0087H         PUBLIC        PCON
BL51 BANKED LINKER/LOCATER V6.22                                                      03/30/2019  20:17:18  PAGE 30


  D:0098H         PUBLIC        SCON
  D:0089H         PUBLIC        TMOD
  D:0088H         PUBLIC        TCON
  D:00AFH         PUBLIC        IE2
  D:008EH         PUBLIC        AUXR
  D:00F0H         PUBLIC        B
  C:3FDBH         PUBLIC        _?TX3_write2buff
  D:00E0H         PUBLIC        ACC
  B:00A8H.3       PUBLIC        ET1
  D:00B5H         PUBLIC        IP2
  D:008DH         PUBLIC        TH1
  D:00D6H         PUBLIC        TH2
  D:00D4H         PUBLIC        TH3
  D:00D2H         PUBLIC        TH4
  D:008BH         PUBLIC        TL1
  D:00D7H         PUBLIC        TL2
  C:091DH         PUBLIC        _?USART_Configuration
  D:00D5H         PUBLIC        TL3
  D:00D3H         PUBLIC        TL4
  C:510AH         SYMBOL        _RingBuffer_Flush
  B:0088H.6       PUBLIC        TR1
  D:00D1H         PUBLIC        T4T3M
  D:009BH         PUBLIC        S2BUF
  D:0097H         PUBLIC        PCON2
  D:00ADH         PUBLIC        S3BUF
  D:0085H         PUBLIC        S4BUF
  B:0098H.4       PUBLIC        REN
  D:009AH         PUBLIC        S2CON
  C:4A48H         PUBLIC        _UART3_Init
  D:00ACH         PUBLIC        S3CON
  D:0084H         PUBLIC        S4CON
  X:0579H         PUBLIC        uart3_rxring
  D:008FH         PUBLIC        INT_CLKO
  C:47D2H         SYMBOL        _RingBuffer_GetFree
  D:00D0H         PUBLIC        PSW
  -------         PROC          _RINGBUFFER_FLUSH
  D:0001H         SYMBOL        RingBuff
  C:510AH         LINE#         83
  C:510AH         LINE#         84
  C:510AH         LINE#         85
  C:511EH         LINE#         86
  -------         ENDPROC       _RINGBUFFER_FLUSH
  -------         PROC          _RINGBUFFER_GETSIZE
[...]
  C:5361H         PUBLIC        _mutex_unlock
  C:3962H         PUBLIC        _UsartRxGetINT32U
  C:3C5BH         PUBLIC        _UsartRxGetINT16U
  C:45F2H         PUBLIC        _mutex_lock
  C:4DE1H         PUBLIC        _delay_us
  C:5366H         PUBLIC        msg_init
  C:45BFH         PUBLIC        _UsartRxGetINT8U
  -------         PROC          MSG_INIT
  C:5366H         LINE#         4
  C:5366H         LINE#         5
  C:5366H         LINE#         10
  -------         ENDPROC       MSG_INIT
  -------         PROC          _MUTEX_LOCK
  X:065FH         SYMBOL        lock
  -------         DO            
  X:0662H         SYMBOL        err
  -------         ENDDO         
  C:45F2H         LINE#         12
  C:45FDH         LINE#         13
  C:45FDH         LINE#         16
  -------         ENDPROC       _MUTEX_LOCK
  -------         PROC          _MUTEX_UNLOCK
  D:0001H         SYMBOL        lock
  C:5361H         LINE#         19
  C:5361H         LINE#         20
  C:5361H         LINE#         21
  -------         ENDPROC       _MUTEX_UNLOCK
  -------         PROC          _USARTRXGETINT8U
  X:069FH         SYMBOL        buf
  X:06A2H         SYMBOL        idx
  C:45BFH         LINE#         24
  C:45CAH         LINE#         25
  C:45CAH         LINE#         26
  C:45F1H         LINE#         27
  -------         ENDPROC       _USARTRXGETINT8U
  -------         PROC          _USARTRXGETINT16U
  X:0697H         SYMBOL        buf
  X:069AH         SYMBOL        idx
  -------         DO            
  X:069DH         SYMBOL        lowbyte
  D:0006H         SYMBOL        highbyte
  -------         ENDDO         
  C:3C5BH         LINE#         29
  C:3C66H         LINE#         30
  C:3C66H         LINE#         34
  C:3C8CH         LINE#         35
  C:3CAFH         LINE#         36
  C:3CBAH         LINE#         37
  -------         ENDPROC       _USARTRXGETINT16U
  -------         PROC          _USARTRXGETINT32U
  X:0684H         SYMBOL        buf
  X:0687H         SYMBOL        idx
  -------         DO            
  D:0004H         SYMBOL        highword
  X:068AH         SYMBOL        lowword
BL51 BANKED LINKER/LOCATER V6.22                                                      03/30/2019  20:17:18  PAGE 70


  -------         ENDDO         
  C:3962H         LINE#         39
  C:396DH         LINE#         40
  C:396DH         LINE#         44
  C:3994H         LINE#         45
  C:39BAH         LINE#         46
  C:39D7H         LINE#         47
  -------         ENDPROC       _USARTRXGETINT32U
  -------         PROC          _DELAY_US
  X:0659H         SYMBOL        us
  -------         DO            
  D:0006H         SYMBOL        i
  D:0004H         SYMBOL        j
  -------         ENDDO         
  C:4DE1H         LINE#         49
  C:4DE7H         LINE#         50
  C:4DE7H         LINE#         53
  C:4DEAH         LINE#         54
  C:4DEDH         LINE#         55
  C:4DF9H         LINE#         56
  C:4E04H         LINE#         57
  -------         ENDPROC       _DELAY_US
  -------         ENDMOD        MSG

  -------         MODULE        TM1640
  C:0000H         SYMBOL        _ICE_DUMMY_
  C:4DC1H         PUBLIC        _RingBuffer_GetCount
  D:0080H         PUBLIC        P0
  D:0090H         PUBLIC        P1
  D:00A0H         PUBLIC        P2
  D:00B0H         PUBLIC        P3
  D:00C0H         PUBLIC        P4
  D:00C8H         PUBLIC        P5
  B:00A8H.7       PUBLIC        EA
  D:00E8H         PUBLIC        P6
  D:00F8H         PUBLIC        P7
  D:00A8H         PUBLIC        IE
  C:533BH         SYMBOL        _RingBuffer_GetSize
  C:4681H         PUBLIC        _Update_DisInt
  D:00B8H         PUBLIC        IP
  C:2707H         PUBLIC        _convert_dat
  C:5058H         SYMBOL        _RingBuffer_IsEmpty
  C:4589H         PUBLIC        Update_Display
  C:454FH         SYMBOL        _RingBuffer_IsFull
  D:00D8H         PUBLIC        CCON
  C:3F5AH         PUBLIC        _send_data
  C:4A1EH         PUBLIC        start
  D:0098H         PUBLIC        SCON
  D:0088H         PUBLIC        TCON
  C:5074H         PUBLIC        ch_table
  B:00E8H.6       PUBLIC        P66
  B:00E8H.7       PUBLIC        P67
  X:066AH         PUBLIC        DisBuf
  D:00F0H         PUBLIC        B
  D:00E0H         PUBLIC        ACC
  C:5345H         PUBLIC        stop
  C:4E05H         PUBLIC        Init_Display
BL51 BANKED LINKER/LOCATER V6.22                                                      03/30/2019  20:17:18  PAGE 71


  C:521BH         SYMBOL        _RingBuffer_Flush
  C:3DD2H         PUBLIC        _Update_DisString
  C:49F4H         SYMBOL        _RingBuffer_GetFree
  D:00D0H         PUBLIC        PSW
  -------         PROC          _RINGBUFFER_FLUSH
  D:0001H         SYMBOL        RingBuff
  C:521BH         LINE#         83
  C:521BH         LINE#         84
  C:521BH         LINE#         85
  C:522FH         LINE#         86
  -------         ENDPROC       _RINGBUFFER_FLUSH
  -------         PROC          _RINGBUFFER_GETSIZE
  D:0001H         SYMBOL        RingBuff
  C:533BH         LINE#         93
  C:533BH         LINE#         94
  C:533BH         LINE#         95
  C:5344H         LINE#         96
  -------         ENDPROC       _RINGBUFFER_GETSIZE
  -------         PROC          L?0041
  -------         ENDPROC       L?0041
  -------         PROC          _RINGBUFFER_GETCOUNT
  D:0001H         SYMBOL        RingBuff
  C:4DC1H         LINE#         103
  C:4DC1H         LINE#         104
  C:4DC1H         LINE#         105
  C:4DE0H         LINE#         106
  -------         ENDPROC       _RINGBUFFER_GETCOUNT
  -------         PROC          _RINGBUFFER_GETFREE
  X:0723H         SYMBOL        RingBuff
  C:49F4H         LINE#         113
  C:49FFH         LINE#         114
  C:49FFH         LINE#         115
  C:4A1DH         LINE#         116
  -------         ENDPROC       _RINGBUFFER_GETFREE
  -------         PROC          _RINGBUFFER_ISFULL
  X:0726H         SYMBOL        RingBuff
  C:454FH         LINE#         123
  C:455AH         LINE#         124
  C:455AH         LINE#         125
  C:4588H         LINE#         126
  -------         ENDPROC       _RINGBUFFER_ISFULL
  -------         PROC          _RINGBUFFER_ISEMPTY
  D:0001H         SYMBOL        RingBuff
  C:5058H         LINE#         133
  C:5058H         LINE#         134
  C:5058H         LINE#         135
  C:5073H         LINE#         136
  -------         ENDPROC       _RINGBUFFER_ISEMPTY
  -------         PROC          START
  C:4A1EH         LINE#         40
  C:4A1EH         LINE#         41
  C:4A1EH         LINE#         42
  C:4A20H         LINE#         43
  C:4A2BH         LINE#         44
  C:4A2DH         LINE#         45
  C:4A38H         LINE#         46
  C:4A3AH         LINE#         47
BL51 BANKED LINKER/LOCATER V6.22                                                      03/30/2019  20:17:18  PAGE 72


  C:4A45H         LINE#         48
  C:4A47H         LINE#         49
  -------         ENDPROC       START
  -------         PROC          _SEND_DATA
  D:0007H         SYMBOL        x
  -------         DO            
  X:0657H         SYMBOL        i
  X:0658H         SYMBOL        dat
  -------         ENDDO         
  C:3F5AH         LINE#         51
  C:3F5AH         LINE#         52
  C:3F5AH         LINE#         55
  C:3F5FH         LINE#         56
  C:3F64H         LINE#         57
  C:3F64H         LINE#         58
  C:3F66H         LINE#         59
  C:3F71H         LINE#         60
  C:3F78H         LINE#         61
  C:3F83H         LINE#         62
  C:3F85H         LINE#         63
  C:3F8CH         LINE#         64
  C:3F98H         LINE#         65
  C:3F9AH         LINE#         66
  -------         ENDPROC       _SEND_DATA
  -------         PROC          STOP
  C:5345H         LINE#         69
  C:5345H         LINE#         70
  C:5345H         LINE#         71
  C:5347H         LINE#         72
  C:5349H         LINE#         73
  C:534BH         LINE#         74
  C:534CH         LINE#         75
  C:534EH         LINE#         76
  -------         ENDPROC       STOP
  -------         PROC          INIT_DISPLAY
  C:4E05H         LINE#         78
  C:4E05H         LINE#         79
  C:4E05H         LINE#         80
  C:4E08H         LINE#         81
  C:4E0DH         LINE#         82
  C:4E10H         LINE#         84
  C:4E13H         LINE#         85
  C:4E18H         LINE#         86
  C:4E1BH         LINE#         88
  C:4E1EH         LINE#         89
  C:4E23H         LINE#         90
  -------         ENDPROC       INIT_DISPLAY
  -------         PROC          _CONVERT_DAT
  X:06A5H         SYMBOL        pbuf
  D:0004H         SYMBOL        dat
  -------         DO            
  X:06A8H         SYMBOL        temp
  X:06AAH         SYMBOL        len
  -------         ENDDO         
  C:2707H         LINE#         92
  C:2712H         LINE#         93
  C:2712H         LINE#         95
BL51 BANKED LINKER/LOCATER V6.22                                                      03/30/2019  20:17:18  PAGE 73


  C:2717H         LINE#         97
  C:271FH         LINE#         98
  C:2740H         LINE#         99
  C:274DH         LINE#         100
  C:274FH         LINE#         101
  C:2759H         LINE#         102
  C:2759H         LINE#         103
  C:276CH         LINE#         104
  C:2794H         LINE#         105
  C:27D1H         LINE#         106
  C:27EEH         LINE#         107
  C:2800H         LINE#         108
  C:2828H         LINE#         109
  C:2838H         LINE#         110
  C:283AH         LINE#         111
  C:285FH         LINE#         112
  C:285FH         LINE#         113
  -------         ENDPROC       _CONVERT_DAT
  -------         PROC          UPDATE_DISPLAY
  -------         DO            
  X:0656H         SYMBOL        i
  -------         ENDDO         
  C:4589H         LINE#         115
  C:4589H         LINE#         116
  C:4589H         LINE#         121
  C:458BH         LINE#         122
  C:458EH         LINE#         123
  C:4593H         LINE#         124
  C:45A2H         LINE#         125
  C:45A2H         LINE#         126
  C:45B1H         LINE#         127
  C:45B9H         LINE#         128
  C:45BCH         LINE#         129
  C:45BEH         LINE#         130
  -------         ENDPROC       UPDATE_DISPLAY
  -------         PROC          _UPDATE_DISINT
  X:0729H         SYMBOL        dat
  C:4681H         LINE#         132
  C:4689H         LINE#         133
  C:4689H         LINE#         135
  C:4689H         LINE#         137
  C:4698H         LINE#         138
  C:46A9H         LINE#         139
  -------         ENDPROC       _UPDATE_DISINT
  -------         PROC          _UPDATE_DISSTRING
  X:0653H         SYMBOL        string
  -------         DO            
  D:0007H         SYMBOL        i
  -------         ENDDO         
  C:3DD2H         LINE#         143
  C:3DDDH         LINE#         144
  C:3DDDH         LINE#         146
  C:3DECH         LINE#         147
  C:3DEEH         LINE#         148
  C:3E0DH         LINE#         149
  C:3E11H         LINE#         150
  C:3E13H         LINE#         151
BL51 BANKED LINKER/LOCATER V6.22                                                      03/30/2019  20:17:18  PAGE 74


  C:3E25H         LINE#         152
  C:3E25H         LINE#         153
  C:3E25H         LINE#         154
  C:3E25H         LINE#         155
  C:3E2AH         LINE#         156
  -------         ENDPROC       _UPDATE_DISSTRING
  -------         ENDMOD        TM1640

  -------         MODULE        ?C?COPY
  C:015EH         PUBLIC        ?C?COPY
  -------         ENDMOD        ?C?COPY

  -------         MODULE        ?C?CLDPTR
  C:0184H         PUBLIC        ?C?CLDPTR
  -------         ENDMOD        ?C?CLDPTR

  -------         MODULE        ?C?CLDOPTR
  C:019DH         PUBLIC        ?C?CLDOPTR
  -------         ENDMOD        ?C?CLDOPTR

  -------         MODULE        ?C?CLDIOPTR
  C:01CAH         PUBLIC        ?C?CLDIOPTR
  -------         ENDMOD        ?C?CLDIOPTR

  -------         MODULE        ?C?CILDOPTR
  C:0201H         PUBLIC        ?C?CILDOPTR
  -------         ENDMOD        ?C?CILDOPTR

  -------         MODULE        ?C?CSTPTR
  C:0234H         PUBLIC        ?C?CSTPTR
  -------         ENDMOD        ?C?CSTPTR

  -------         MODULE        ?C?CSTOPTR
  C:0246H         PUBLIC        ?C?CSTOPTR
  -------         ENDMOD        ?C?CSTOPTR

  -------         MODULE        ?C?UIDIV
  C:0268H         PUBLIC        ?C?UIDIV
  -------         ENDMOD        ?C?UIDIV

  -------         MODULE        ?C?IILDX
  C:02BDH         PUBLIC        ?C?IILDX
  -------         ENDMOD        ?C?IILDX

  -------         MODULE        ?C?ILDIX
  C:02D3H         PUBLIC        ?C?ILDIX
  -------         ENDMOD        ?C?ILDIX

  -------         MODULE        ?C?ILDOPTR
  C:02E9H         PUBLIC        ?C?ILDOPTR
  -------         ENDMOD        ?C?ILDOPTR

  -------         MODULE        ?C?IILDOPTR
  C:0321H         PUBLIC        ?C?IILDOPTR
  -------         ENDMOD        ?C?IILDOPTR

  -------         MODULE        ?C?ISTOPTR
BL51 BANKED LINKER/LOCATER V6.22                                                      03/30/2019  20:17:18  PAGE 75


  C:036EH         PUBLIC        ?C?ISTOPTR
  -------         ENDMOD        ?C?ISTOPTR

  -------         MODULE        ?C?LMUL
  C:039BH         PUBLIC        ?C?LMUL
  -------         ENDMOD        ?C?LMUL

  -------         MODULE        ?C?ULDIV
  C:0426H         PUBLIC        ?C?ULDIV
  -------         ENDMOD        ?C?ULDIV

  -------         MODULE        ?C?SLCMP
  C:04B8H         PUBLIC        ?C?SLCMP
  -------         ENDMOD        ?C?SLCMP

  -------         MODULE        ?C?ULCMP
  C:04CEH         PUBLIC        ?C?ULCMP
  -------         ENDMOD        ?C?ULCMP

  -------         MODULE        ?C?ULSHR
  C:04DFH         PUBLIC        ?C?ULSHR
  -------         ENDMOD        ?C?ULSHR

  -------         MODULE        ?C?LSHL
  C:04F2H         PUBLIC        ?C?LSHL
  -------         ENDMOD        ?C?LSHL

  -------         MODULE        ?C?LLDOPTR
  C:0505H         PUBLIC        ?C?LLDOPTR
  -------         ENDMOD        ?C?LLDOPTR

  -------         MODULE        ?C?LSTOPTR
  C:0535H         PUBLIC        ?C?LSTOPTR
  -------         ENDMOD        ?C?LSTOPTR

  -------         MODULE        ?C?LLDIPTR
  C:0559H         PUBLIC        ?C?LLDIPTR
  -------         ENDMOD        ?C?LLDIPTR

  -------         MODULE        ?C?LLDIDATA
  C:0579H         PUBLIC        ?C?LLDIDATA
  -------         ENDMOD        ?C?LLDIDATA

  -------         MODULE        ?C?LLDOPTR0
  C:0585H         PUBLIC        ?C?LLDOPTR0
  -------         ENDMOD        ?C?LLDOPTR0

  -------         MODULE        ?C?LSTIDATA
  C:05B5H         PUBLIC        ?C?LSTIDATA
  -------         ENDMOD        ?C?LSTIDATA

  -------         MODULE        ?C?LSTXDATA
  C:05C1H         PUBLIC        ?C?LSTXDATA
  -------         ENDMOD        ?C?LSTXDATA

  -------         MODULE        ?C?LSTKIDATA
  C:05CDH         PUBLIC        ?C?LSTKIDATA
BL51 BANKED LINKER/LOCATER V6.22                                                      03/30/2019  20:17:18  PAGE 76


  -------         ENDMOD        ?C?LSTKIDATA

  -------         MODULE        ?C?LSTKXDATA
  C:05E6H         PUBLIC        ?C?LSTKXDATA
  -------         ENDMOD        ?C?LSTKXDATA

  -------         MODULE        ?C?LSTKOPTR
  C:0617H         PUBLIC        ?C?LSTKOPTR
  -------         ENDMOD        ?C?LSTKOPTR

  -------         MODULE        ?C?PLDPTR
  C:063BH         PUBLIC        ?C?PLDPTR
  -------         ENDMOD        ?C?PLDPTR

  -------         MODULE        ?C?PSTPTR
  C:065BH         PUBLIC        ?C?PSTPTR
  -------         ENDMOD        ?C?PSTPTR

  -------         MODULE        ?C?PLDOPTR
  C:06AAH         PUBLIC        ?C?PLDOPTR
  -------         ENDMOD        ?C?PLDOPTR

  -------         MODULE        ?C?PSTOPTR
  C:06DAH         PUBLIC        ?C?PSTOPTR
  -------         ENDMOD        ?C?PSTOPTR

  -------         MODULE        ?C?CCASE
  C:0733H         PUBLIC        ?C?CCASE
  -------         ENDMOD        ?C?CCASE

  -------         MODULE        ?C_XBP
  D:0008H         PUBLIC        ?C_XBP
  -------         ENDMOD        ?C_XBP

  -------         MODULE        ?C?ADDXBP
  C:0759H         PUBLIC        ?C?ADDXBP
  -------         ENDMOD        ?C?ADDXBP

  -------         MODULE        ?C?XBPOFF
  C:077DH         PUBLIC        ?C?XBPOFF
  -------         ENDMOD        ?C?XBPOFF

  -------         MODULE        ?C?LIMUL
  C:078AH         PUBLIC        ?C?LIMUL
  -------         ENDMOD        ?C?LIMUL

  -------         MODULE        ?C?MEMSET
  C:07B7H         PUBLIC        ?C?MEMSET
  -------         ENDMOD        ?C?MEMSET

  -------         MODULE        ?C?LLDXDATA
  C:07E3H         PUBLIC        ?C?LLDXDATA
  -------         ENDMOD        ?C?LLDXDATA

  -------         MODULE        ?C?LLDPDATA
  C:07EFH         PUBLIC        ?C?LLDPDATA
  -------         ENDMOD        ?C?LLDPDATA
BL51 BANKED LINKER/LOCATER V6.22                                                      03/30/2019  20:17:18  PAGE 77



  -------         MODULE        ?C?LLDCODE
  C:07FBH         PUBLIC        ?C?LLDCODE
  -------         ENDMOD        ?C?LLDCODE

  -------         MODULE        ?C?LLDIDATA0
  C:080BH         PUBLIC        ?C?LLDIDATA0
  -------         ENDMOD        ?C?LLDIDATA0

  -------         MODULE        ?C?LLDXDATA0
  C:0818H         PUBLIC        ?C?LLDXDATA0
  -------         ENDMOD        ?C?LLDXDATA0

  -------         MODULE        ?C?LLDPDATA0
  C:0824H         PUBLIC        ?C?LLDPDATA0
  -------         ENDMOD        ?C?LLDPDATA0

  -------         MODULE        ?C?LLDCODE0
  C:0831H         PUBLIC        ?C?LLDCODE0
  -------         ENDMOD        ?C?LLDCODE0

  -------         MODULE        ?C?LLDIIDATA
  C:084AH         PUBLIC        ?C?LLDIIDATA
  C:0841H         PUBLIC        ?C?LLDIIDATA1
  C:0843H         PUBLIC        ?C?LLDIIDATA8
  -------         ENDMOD        ?C?LLDIIDATA

  -------         MODULE        ?C?LLDIXDATA
  C:086AH         PUBLIC        ?C?LLDIXDATA
  C:0861H         PUBLIC        ?C?LLDIXDATA1
  C:0863H         PUBLIC        ?C?LLDIXDATA8
  -------         ENDMOD        ?C?LLDIXDATA

  -------         MODULE        ?C?LLDIPDATA
  C:089FH         PUBLIC        ?C?LLDIPDATA
  C:0896H         PUBLIC        ?C?LLDIPDATA1
  C:0898H         PUBLIC        ?C?LLDIPDATA8
  -------         ENDMOD        ?C?LLDIPDATA

  -------         MODULE        ?C?LSTPDATA
  C:08B6H         PUBLIC        ?C?LSTPDATA
  -------         ENDMOD        ?C?LSTPDATA

  -------         MODULE        ?C?LSTKPDATA
  C:08C2H         PUBLIC        ?C?LSTKPDATA
  -------         ENDMOD        ?C?LSTKPDATA

  -------         MODULE        ?C?PLDIDATA
  C:08DBH         PUBLIC        ?C?PLDIDATA
  -------         ENDMOD        ?C?PLDIDATA

  -------         MODULE        ?C?PSTIDATA
  C:08E4H         PUBLIC        ?C?PSTIDATA
  -------         ENDMOD        ?C?PSTIDATA

  -------         MODULE        ?C?PLDXDATA
  C:08EDH         PUBLIC        ?C?PLDXDATA
BL51 BANKED LINKER/LOCATER V6.22                                                      03/30/2019  20:17:18  PAGE 78


  -------         ENDMOD        ?C?PLDXDATA

  -------         MODULE        ?C?PSTXDATA
  C:08F6H         PUBLIC        ?C?PSTXDATA
  -------         ENDMOD        ?C?PSTXDATA

  -------         MODULE        ?C?PLDPDATA
  C:08FFH         PUBLIC        ?C?PLDPDATA
  -------         ENDMOD        ?C?PLDPDATA

  -------         MODULE        ?C?PSTPDATA
  C:0908H         PUBLIC        ?C?PSTPDATA
  -------         ENDMOD        ?C?PSTPDATA

  -------         MODULE        ?C?PLDCODE
  C:0911H         PUBLIC        ?C?PLDCODE
  -------         ENDMOD        ?C?PLDCODE

Program Size: data=130.0 xdata=1835 code=21351
LINK/LOCATE RUN COMPLETE.  0 WARNING(S),  0 ERROR(S)
